Component: Arm Compiler for Embedded 6.21 Tool: armlink [5ec1fa00]

==============================================================================

Section Cross References

    startup_mspm0g350x_uvision.o(STACK) refers (Special) to heapauxi.o(.text) for __use_two_region_memory
    startup_mspm0g350x_uvision.o(HEAP) refers (Special) to heapauxi.o(.text) for __use_two_region_memory
    startup_mspm0g350x_uvision.o(RESET) refers (Special) to heapauxi.o(.text) for __use_two_region_memory
    startup_mspm0g350x_uvision.o(RESET) refers to startup_mspm0g350x_uvision.o(STACK) for __initial_sp
    startup_mspm0g350x_uvision.o(RESET) refers to startup_mspm0g350x_uvision.o(.text) for Reset_Handler
    startup_mspm0g350x_uvision.o(RESET) refers to empty.o(.text.HardFault_Handler) for HardFault_Handler
    startup_mspm0g350x_uvision.o(RESET) refers to bsp_uart.o(.text.UART1_IRQHandler) for UART1_IRQHandler
    startup_mspm0g350x_uvision.o(RESET) refers to jy60_usart.o(.text.UART2_IRQHandler) for UART2_IRQHandler
    startup_mspm0g350x_uvision.o(RESET) refers to empty.o(.text.TIMA0_IRQHandler) for TIMA0_IRQHandler
    startup_mspm0g350x_uvision.o(.text) refers (Special) to heapauxi.o(.text) for __use_two_region_memory
    startup_mspm0g350x_uvision.o(.text) refers to __main.o(!!!main) for __main
    startup_mspm0g350x_uvision.o(.text) refers to startup_mspm0g350x_uvision.o(HEAP) for Heap_Mem
    startup_mspm0g350x_uvision.o(.text) refers to startup_mspm0g350x_uvision.o(STACK) for Stack_Mem
    ti_msp_dl_config.o(.text.SYSCFG_DL_init) refers to ti_msp_dl_config.o(.text.SYSCFG_DL_initPower) for SYSCFG_DL_initPower
    ti_msp_dl_config.o(.text.SYSCFG_DL_init) refers to ti_msp_dl_config.o(.text.SYSCFG_DL_GPIO_init) for SYSCFG_DL_GPIO_init
    ti_msp_dl_config.o(.text.SYSCFG_DL_init) refers to ti_msp_dl_config.o(.text.SYSCFG_DL_SYSCTL_init) for SYSCFG_DL_SYSCTL_init
    ti_msp_dl_config.o(.text.SYSCFG_DL_init) refers to ti_msp_dl_config.o(.text.SYSCFG_DL_PWM_Motor_init) for SYSCFG_DL_PWM_Motor_init
    ti_msp_dl_config.o(.text.SYSCFG_DL_init) refers to ti_msp_dl_config.o(.text.SYSCFG_DL_ENCODER1_init) for SYSCFG_DL_ENCODER1_init
    ti_msp_dl_config.o(.text.SYSCFG_DL_init) refers to ti_msp_dl_config.o(.text.SYSCFG_DL_TIMER_0_init) for SYSCFG_DL_TIMER_0_init
    ti_msp_dl_config.o(.text.SYSCFG_DL_init) refers to ti_msp_dl_config.o(.text.SYSCFG_DL_UART_0_init) for SYSCFG_DL_UART_0_init
    ti_msp_dl_config.o(.text.SYSCFG_DL_init) refers to ti_msp_dl_config.o(.text.SYSCFG_DL_UART_1_init) for SYSCFG_DL_UART_1_init
    ti_msp_dl_config.o(.text.SYSCFG_DL_init) refers to ti_msp_dl_config.o(.text.SYSCFG_DL_UART_2_init) for SYSCFG_DL_UART_2_init
    ti_msp_dl_config.o(.text.SYSCFG_DL_init) refers to ti_msp_dl_config.o(.text.SYSCFG_DL_UART_3_init) for SYSCFG_DL_UART_3_init
    ti_msp_dl_config.o(.text.SYSCFG_DL_init) refers to ti_msp_dl_config.o(.text.SYSCFG_DL_ADC1_init) for SYSCFG_DL_ADC1_init
    ti_msp_dl_config.o(.text.SYSCFG_DL_init) refers to ti_msp_dl_config.o(.text.SYSCFG_DL_SYSTICK_init) for SYSCFG_DL_SYSTICK_init
    ti_msp_dl_config.o(.text.SYSCFG_DL_init) refers to ti_msp_dl_config.o(.bss.gENCODER1Backup) for gENCODER1Backup
    ti_msp_dl_config.o(.text.SYSCFG_DL_init) refers to ti_msp_dl_config.o(.bss.gPWM_MotorBackup) for gPWM_MotorBackup
    ti_msp_dl_config.o(.text.SYSCFG_DL_init) refers to ti_msp_dl_config.o(.bss.gTIMER_0Backup) for gTIMER_0Backup
    ti_msp_dl_config.o(.text.SYSCFG_DL_init) refers to ti_msp_dl_config.o(.bss.gUART_3Backup) for gUART_3Backup
    ti_msp_dl_config.o(.ARM.exidx.text.SYSCFG_DL_init) refers to ti_msp_dl_config.o(.text.SYSCFG_DL_init) for [Anonymous Symbol]
    ti_msp_dl_config.o(.text.SYSCFG_DL_initPower) refers to dl_common.o(.text.DL_Common_delayCycles) for DL_Common_delayCycles
    ti_msp_dl_config.o(.ARM.exidx.text.SYSCFG_DL_initPower) refers to ti_msp_dl_config.o(.text.SYSCFG_DL_initPower) for [Anonymous Symbol]
    ti_msp_dl_config.o(.ARM.exidx.text.SYSCFG_DL_GPIO_init) refers to ti_msp_dl_config.o(.text.SYSCFG_DL_GPIO_init) for [Anonymous Symbol]
    ti_msp_dl_config.o(.ARM.exidx.text.SYSCFG_DL_SYSCTL_init) refers to ti_msp_dl_config.o(.text.SYSCFG_DL_SYSCTL_init) for [Anonymous Symbol]
    ti_msp_dl_config.o(.text.SYSCFG_DL_PWM_Motor_init) refers to dl_timer.o(.text.DL_Timer_setClockConfig) for DL_Timer_setClockConfig
    ti_msp_dl_config.o(.text.SYSCFG_DL_PWM_Motor_init) refers to dl_timer.o(.text.DL_Timer_initPWMMode) for DL_Timer_initPWMMode
    ti_msp_dl_config.o(.text.SYSCFG_DL_PWM_Motor_init) refers to dl_timer.o(.text.DL_Timer_setCaptureCompareValue) for DL_Timer_setCaptureCompareValue
    ti_msp_dl_config.o(.text.SYSCFG_DL_PWM_Motor_init) refers to dl_timer.o(.text.DL_Timer_setCaptureCompareOutCtl) for DL_Timer_setCaptureCompareOutCtl
    ti_msp_dl_config.o(.text.SYSCFG_DL_PWM_Motor_init) refers to dl_timer.o(.text.DL_Timer_setCaptCompUpdateMethod) for DL_Timer_setCaptCompUpdateMethod
[...]
    PWM.c                                    0x00000000   Number         0  pwm.o ABSOLUTE
    bfs.c                                    0x00000000   Number         0  bfs.o ABSOLUTE
    board.c                                  0x00000000   Number         0  board.o ABSOLUTE
    bsp_bluetooth.c                          0x00000000   Number         0  bsp_bluetooth.o ABSOLUTE
    bsp_uart.c                               0x00000000   Number         0  bsp_uart.o ABSOLUTE
    dc.s                                     0x00000000   Number         0  dc.o ABSOLUTE
    dl_adc12.c                               0x00000000   Number         0  dl_adc12.o ABSOLUTE
    dl_common.c                              0x00000000   Number         0  dl_common.o ABSOLUTE
    dl_timer.c                               0x00000000   Number         0  dl_timer.o ABSOLUTE
    dl_uart.c                                0x00000000   Number         0  dl_uart.o ABSOLUTE
    empty.c                                  0x00000000   Number         0  empty.o ABSOLUTE
    startup_mspm0g350x_uvision.s             0x00000000   Number         0  startup_mspm0g350x_uvision.o ABSOLUTE
    ti_msp_dl_config.c                       0x00000000   Number         0  ti_msp_dl_config.o ABSOLUTE
    wit_c_sdk.c                              0x00000000   Number         0  wit_c_sdk.o ABSOLUTE
    RESET                                    0x00000000   Section      192  startup_mspm0g350x_uvision.o(RESET)
    !!!main                                  0x000000c0   Section        8  __main.o(!!!main)
    !!!scatter                               0x000000c8   Section       84  __scatter.o(!!!scatter)
    !!handler_copy                           0x00000120   Section       26  __scatter_copy.o(!!handler_copy)
    !!handler_null                           0x00000140   Section        2  __scatter.o(!!handler_null)
    !!handler_zi                             0x00000148   Section       28  __scatter_zi.o(!!handler_zi)
    .ARM.Collect$$libinit$$00000000          0x00000164   Section        2  libinit.o(.ARM.Collect$$libinit$$00000000)
    .ARM.Collect$$libinit$$00000002          0x00000166   Section        0  libinit2.o(.ARM.Collect$$libinit$$00000002)
    .ARM.Collect$$libinit$$00000004          0x00000166   Section        0  libinit2.o(.ARM.Collect$$libinit$$00000004)
    .ARM.Collect$$libinit$$00000006          0x00000166   Section        0  libinit2.o(.ARM.Collect$$libinit$$00000006)
    .ARM.Collect$$libinit$$0000000C          0x00000166   Section        0  libinit2.o(.ARM.Collect$$libinit$$0000000C)
    .ARM.Collect$$libinit$$0000000E          0x00000166   Section        0  libinit2.o(.ARM.Collect$$libinit$$0000000E)
    .ARM.Collect$$libinit$$00000010          0x00000166   Section        0  libinit2.o(.ARM.Collect$$libinit$$00000010)
    .ARM.Collect$$libinit$$00000013          0x00000166   Section        0  libinit2.o(.ARM.Collect$$libinit$$00000013)
    .ARM.Collect$$libinit$$00000015          0x00000166   Section        0  libinit2.o(.ARM.Collect$$libinit$$00000015)
    .ARM.Collect$$libinit$$00000017          0x00000166   Section        0  libinit2.o(.ARM.Collect$$libinit$$00000017)
    .ARM.Collect$$libinit$$00000019          0x00000166   Section        0  libinit2.o(.ARM.Collect$$libinit$$00000019)
    .ARM.Collect$$libinit$$0000001B          0x00000166   Section        0  libinit2.o(.ARM.Collect$$libinit$$0000001B)
    .ARM.Collect$$libinit$$0000001D          0x00000166   Section        0  libinit2.o(.ARM.Collect$$libinit$$0000001D)
    .ARM.Collect$$libinit$$0000001F          0x00000166   Section        0  libinit2.o(.ARM.Collect$$libinit$$0000001F)
    .ARM.Collect$$libinit$$00000021          0x00000166   Section        0  libinit2.o(.ARM.Collect$$libinit$$00000021)
    .ARM.Collect$$libinit$$00000023          0x00000166   Section        0  libinit2.o(.ARM.Collect$$libinit$$00000023)
    .ARM.Collect$$libinit$$00000025          0x00000166   Section        0  libinit2.o(.ARM.Collect$$libinit$$00000025)
    .ARM.Collect$$libinit$$00000027          0x00000166   Section        0  libinit2.o(.ARM.Collect$$libinit$$00000027)
    .ARM.Collect$$libinit$$0000002E          0x00000166   Section        0  libinit2.o(.ARM.Collect$$libinit$$0000002E)
    .ARM.Collect$$libinit$$00000030          0x00000166   Section        0  libinit2.o(.ARM.Collect$$libinit$$00000030)
    .ARM.Collect$$libinit$$00000032          0x00000166   Section        0  libinit2.o(.ARM.Collect$$libinit$$00000032)
    .ARM.Collect$$libinit$$00000034          0x00000166   Section        0  libinit2.o(.ARM.Collect$$libinit$$00000034)
    .ARM.Collect$$libinit$$00000035          0x00000166   Section        2  libinit2.o(.ARM.Collect$$libinit$$00000035)
    .ARM.Collect$$libshutdown$$00000000      0x00000168   Section        2  libshutdown.o(.ARM.Collect$$libshutdown$$00000000)
    .ARM.Collect$$libshutdown$$00000002      0x0000016a   Section        0  libshutdown2.o(.ARM.Collect$$libshutdown$$00000002)
    .ARM.Collect$$libshutdown$$00000004      0x0000016a   Section        0  libshutdown2.o(.ARM.Collect$$libshutdown$$00000004)
    .ARM.Collect$$libshutdown$$00000007      0x0000016a   Section        0  libshutdown2.o(.ARM.Collect$$libshutdown$$00000007)
    .ARM.Collect$$libshutdown$$0000000A      0x0000016a   Section        0  libshutdown2.o(.ARM.Collect$$libshutdown$$0000000A)
    .ARM.Collect$$libshutdown$$0000000C      0x0000016a   Section        0  libshutdown2.o(.ARM.Collect$$libshutdown$$0000000C)
    .ARM.Collect$$libshutdown$$0000000F      0x0000016a   Section        0  libshutdown2.o(.ARM.Collect$$libshutdown$$0000000F)
    .ARM.Collect$$libshutdown$$00000010      0x0000016a   Section        2  libshutdown2.o(.ARM.Collect$$libshutdown$$00000010)
    .ARM.Collect$$rtentry$$00000000          0x0000016c   Section        0  __rtentry.o(.ARM.Collect$$rtentry$$00000000)
    .ARM.Collect$$rtentry$$00000002          0x0000016c   Section        0  __rtentry2.o(.ARM.Collect$$rtentry$$00000002)
    .ARM.Collect$$rtentry$$00000004          0x0000016c   Section        6  __rtentry4.o(.ARM.Collect$$rtentry$$00000004)
    .ARM.Collect$$rtentry$$00000009          0x00000172   Section        0  __rtentry2.o(.ARM.Collect$$rtentry$$00000009)
    .ARM.Collect$$rtentry$$0000000A          0x00000172   Section        4  __rtentry2.o(.ARM.Collect$$rtentry$$0000000A)
    .ARM.Collect$$rtentry$$0000000C          0x00000176   Section        0  __rtentry2.o(.ARM.Collect$$rtentry$$0000000C)
    .ARM.Collect$$rtentry$$0000000D          0x00000176   Section        8  __rtentry2.o(.ARM.Collect$$rtentry$$0000000D)
    .ARM.Collect$$rtexit$$00000000           0x0000017e   Section        2  rtexit.o(.ARM.Collect$$rtexit$$00000000)
    .ARM.Collect$$rtexit$$00000002           0x00000180   Section        0  rtexit2.o(.ARM.Collect$$rtexit$$00000002)
    .ARM.Collect$$rtexit$$00000003           0x00000180   Section        4  rtexit2.o(.ARM.Collect$$rtexit$$00000003)
    .ARM.Collect$$rtexit$$00000004           0x00000184   Section        6  rtexit2.o(.ARM.Collect$$rtexit$$00000004)
    .text                                    0x0000018c   Section       44  startup_mspm0g350x_uvision.o(.text)
    .text                                    0x000001b8   Section        0  aeabi_memset4.o(.text)
    .text                                    0x000001ca   Section        0  rt_memclr.o(.text)
    .text                                    0x0000020c   Section      504  aeabi_sdivfast.o(.text)
    .text                                    0x00000404   Section        0  heapauxi.o(.text)
    .text                                    0x0000040c   Section        0  fdiv.o(.text)
    .text                                    0x0000056c   Section        0  ffixi.o(.text)
    .text                                    0x000005b8   Section        0  fflti.o(.text)
    .text                                    0x00000618   Section        8  libspace.o(.text)
    .text                                    0x00000620   Section       62  sys_stackheap_outer.o(.text)
    .text                                    0x0000065e   Section        0  exit.o(.text)
    .text                                    0x00000670   Section        0  sys_exit.o(.text)
    .text                                    0x0000067c   Section        2  use_no_semi.o(.text)
    .text                                    0x0000067e   Section        0  indicate_semi.o(.text)
    [Anonymous Symbol]                       0x00000680   Section        0  dl_adc12.o(.text.DL_ADC12_setClockConfig)
    __arm_cp.0_0                             0x000006b8   Number         4  dl_adc12.o(.text.DL_ADC12_setClockConfig)
    __arm_cp.0_1                             0x000006bc   Number         4  dl_adc12.o(.text.DL_ADC12_setClockConfig)
    [Anonymous Symbol]                       0x000006c0   Section        0  dl_common.o(.text.DL_Common_delayCycles)
    [Anonymous Symbol]                       0x000006cc   Section        0  dl_timer.o(.text.DL_Timer_initPWMMode)
    __arm_cp.11_1                            0x00000778   Number         4  dl_timer.o(.text.DL_Timer_initPWMMode)
    __arm_cp.11_2                            0x0000077c   Number         4  dl_timer.o(.text.DL_Timer_initPWMMode)
    __arm_cp.11_3                            0x00000780   Number         4  dl_timer.o(.text.DL_Timer_initPWMMode)
    __arm_cp.11_4                            0x00000784   Number         4  dl_timer.o(.text.DL_Timer_initPWMMode)
    __arm_cp.11_6                            0x00000788   Number         4  dl_timer.o(.text.DL_Timer_initPWMMode)
    [Anonymous Symbol]                       0x0000078c   Section        0  dl_timer.o(.text.DL_Timer_initTimerMode)
    __arm_cp.2_0                             0x0000086c   Number         4  dl_timer.o(.text.DL_Timer_initTimerMode)
    __arm_cp.2_1                             0x00000870   Number         4  dl_timer.o(.text.DL_Timer_initTimerMode)
    __arm_cp.2_2                             0x00000874   Number         4  dl_timer.o(.text.DL_Timer_initTimerMode)
    __arm_cp.2_3                             0x00000878   Number         4  dl_timer.o(.text.DL_Timer_initTimerMode)
    [Anonymous Symbol]                       0x0000087c   Section        0  dl_timer.o(.text.DL_Timer_setCaptCompUpdateMethod)
    __arm_cp.18_0                            0x00000894   Number         4  dl_timer.o(.text.DL_Timer_setCaptCompUpdateMethod)
    [Anonymous Symbol]                       0x00000898   Section        0  dl_timer.o(.text.DL_Timer_setCaptureCompareOutCtl)
    __arm_cp.13_0                            0x000008ac   Number         4  dl_timer.o(.text.DL_Timer_setCaptureCompareOutCtl)
    [Anonymous Symbol]                       0x000008b0   Section        0  dl_timer.o(.text.DL_Timer_setCaptureCompareValue)
    __arm_cp.3_0                             0x000008bc   Number         4  dl_timer.o(.text.DL_Timer_setCaptureCompareValue)
    [Anonymous Symbol]                       0x000008c0   Section        0  dl_timer.o(.text.DL_Timer_setClockConfig)
    __arm_cp.0_0                             0x000008d8   Number         4  dl_timer.o(.text.DL_Timer_setClockConfig)
    [Anonymous Symbol]                       0x000008dc   Section        0  dl_uart.o(.text.DL_UART_init)
    __arm_cp.0_0                             0x0000091c   Number         4  dl_uart.o(.text.DL_UART_init)
    __arm_cp.0_1                             0x00000920   Number         4  dl_uart.o(.text.DL_UART_init)
    [Anonymous Symbol]                       0x00000924   Section        0  dl_uart.o(.text.DL_UART_setClockConfig)
    [Anonymous Symbol]                       0x00000938   Section        0  dl_uart.o(.text.DL_UART_transmitDataBlocking)
    __arm_cp.7_0                             0x00000948   Number         4  dl_uart.o(.text.DL_UART_transmitDataBlocking)
    Delayms                                  0x0000094d   Thumb Code     2  jy60.o(.text.Delayms)
    [Anonymous Symbol]                       0x0000094c   Section        0  jy60.o(.text.Delayms)
    [Anonymous Symbol]                       0x00000950   Section        0  encoder.o(.text.Encoder_AccumulateDistance)
    __arm_cp.1_0                             0x0000095c   Number         4  encoder.o(.text.Encoder_AccumulateDistance)
    [Anonymous Symbol]                       0x00000960   Section        0  encoder.o(.text.Encoder_GetDelta)
    __arm_cp.0_0                             0x0000096c   Number         4  encoder.o(.text.Encoder_GetDelta)
    [Anonymous Symbol]                       0x00000970   Section        0  empty.o(.text.HardFault_Handler)
    [Anonymous Symbol]                       0x0000098c   Section        0  jy60.o(.text.JY60_Init)
    __arm_cp.1_0                             0x00000a00   Number         4  jy60.o(.text.JY60_Init)
    __arm_cp.1_1                             0x00000a04   Number         4  jy60.o(.text.JY60_Init)
    __arm_cp.1_2                             0x00000a08   Number         4  jy60.o(.text.JY60_Init)
    __arm_cp.1_3                             0x00000a0c   Number         4  jy60.o(.text.JY60_Init)
    __arm_cp.1_4                             0x00000a10   Number         4  jy60.o(.text.JY60_Init)
    [Anonymous Symbol]                       0x00000a14   Section        0  oled.o(.text.OLED_Clear)
    [Anonymous Symbol]                       0x00000b28   Section        0  oled.o(.text.OLED_I2C_SendByte)
    [Anonymous Symbol]                       0x00000c78   Section        0  oled.o(.text.OLED_Init)
    [Anonymous Symbol]                       0x00000d0c   Section        0  oled.o(.text.OLED_ShowChar)
    __arm_cp.9_0                             0x00000dc8   Number         4  oled.o(.text.OLED_ShowChar)
    __arm_cp.9_1                             0x00000dcc   Number         4  oled.o(.text.OLED_ShowChar)
    [Anonymous Symbol]                       0x00000dd0   Section        0  oled.o(.text.OLED_ShowNum)
    __arm_cp.12_0                            0x00000e5c   Number         4  oled.o(.text.OLED_ShowNum)
    [Anonymous Symbol]                       0x00000e60   Section        0  oled.o(.text.OLED_ShowString)
    [Anonymous Symbol]                       0x00000e8c   Section        0  oled.o(.text.OLED_WriteCommand)
    __arm_cp.5_0                             0x00000ee8   Number         4  oled.o(.text.OLED_WriteCommand)
    [Anonymous Symbol]                       0x00000eec   Section        0  oled.o(.text.OLED_WriteData)
    [Anonymous Symbol]                       0x00000f48   Section        0  ti_msp_dl_config.o(.text.SYSCFG_DL_ADC1_init)
    __arm_cp.11_0                            0x00000f80   Number         4  ti_msp_dl_config.o(.text.SYSCFG_DL_ADC1_init)
    __arm_cp.11_1                            0x00000f84   Number         4  ti_msp_dl_config.o(.text.SYSCFG_DL_ADC1_init)
    __arm_cp.11_2                            0x00000f88   Number         4  ti_msp_dl_config.o(.text.SYSCFG_DL_ADC1_init)
    __arm_cp.11_3                            0x00000f8c   Number         4  ti_msp_dl_config.o(.text.SYSCFG_DL_ADC1_init)
    __arm_cp.11_4                            0x00000f90   Number         4  ti_msp_dl_config.o(.text.SYSCFG_DL_ADC1_init)
    __arm_cp.11_5                            0x00000f94   Number         4  ti_msp_dl_config.o(.text.SYSCFG_DL_ADC1_init)
    [Anonymous Symbol]                       0x00000f98   Section        0  ti_msp_dl_config.o(.text.SYSCFG_DL_ENCODER1_init)
    __arm_cp.5_0                             0x00000fcc   Number         4  ti_msp_dl_config.o(.text.SYSCFG_DL_ENCODER1_init)
    __arm_cp.5_1                             0x00000fd0   Number         4  ti_msp_dl_config.o(.text.SYSCFG_DL_ENCODER1_init)
    __arm_cp.5_2                             0x00000fd4   Number         4  ti_msp_dl_config.o(.text.SYSCFG_DL_ENCODER1_init)
    __arm_cp.5_3                             0x00000fd8   Number         4  ti_msp_dl_config.o(.text.SYSCFG_DL_ENCODER1_init)
    __arm_cp.5_4                             0x00000fdc   Number         4  ti_msp_dl_config.o(.text.SYSCFG_DL_ENCODER1_init)
    __arm_cp.5_5                             0x00000fe0   Number         4  ti_msp_dl_config.o(.text.SYSCFG_DL_ENCODER1_init)
    __arm_cp.5_6                             0x00000fe4   Number         4  ti_msp_dl_config.o(.text.SYSCFG_DL_ENCODER1_init)
    __arm_cp.5_7                             0x00000fe8   Number         4  ti_msp_dl_config.o(.text.SYSCFG_DL_ENCODER1_init)
    [Anonymous Symbol]                       0x00000fec   Section        0  ti_msp_dl_config.o(.text.SYSCFG_DL_GPIO_init)
    __arm_cp.2_0                             0x00001064   Number         4  ti_msp_dl_config.o(.text.SYSCFG_DL_GPIO_init)
    __arm_cp.2_1                             0x00001068   Number         4  ti_msp_dl_config.o(.text.SYSCFG_DL_GPIO_init)
    __arm_cp.2_2                             0x0000106c   Number         4  ti_msp_dl_config.o(.text.SYSCFG_DL_GPIO_init)
    __arm_cp.2_3                             0x00001070   Number         4  ti_msp_dl_config.o(.text.SYSCFG_DL_GPIO_init)
    __arm_cp.2_4                             0x00001074   Number         4  ti_msp_dl_config.o(.text.SYSCFG_DL_GPIO_init)
    __arm_cp.2_5                             0x00001078   Number         4  ti_msp_dl_config.o(.text.SYSCFG_DL_GPIO_init)
    [Anonymous Symbol]                       0x0000107c   Section        0  ti_msp_dl_config.o(.text.SYSCFG_DL_PWM_Motor_init)
    __arm_cp.4_0                             0x000010ec   Number         4  ti_msp_dl_config.o(.text.SYSCFG_DL_PWM_Motor_init)
    __arm_cp.4_1                             0x000010f0   Number         4  ti_msp_dl_config.o(.text.SYSCFG_DL_PWM_Motor_init)
    __arm_cp.4_2                             0x000010f4   Number         4  ti_msp_dl_config.o(.text.SYSCFG_DL_PWM_Motor_init)
    __arm_cp.4_3                             0x000010f8   Number         4  ti_msp_dl_config.o(.text.SYSCFG_DL_PWM_Motor_init)
    [Anonymous Symbol]                       0x000010fc   Section        0  ti_msp_dl_config.o(.text.SYSCFG_DL_SYSCTL_init)
    __arm_cp.3_0                             0x00001130   Number         4  ti_msp_dl_config.o(.text.SYSCFG_DL_SYSCTL_init)
    __arm_cp.3_1                             0x00001134   Number         4  ti_msp_dl_config.o(.text.SYSCFG_DL_SYSCTL_init)
    [Anonymous Symbol]                       0x00001138   Section        0  ti_msp_dl_config.o(.text.SYSCFG_DL_SYSTICK_init)
    __arm_cp.12_0                            0x00001150   Number         4  ti_msp_dl_config.o(.text.SYSCFG_DL_SYSTICK_init)
    [Anonymous Symbol]                       0x00001154   Section        0  ti_msp_dl_config.o(.text.SYSCFG_DL_TIMER_0_init)
    __arm_cp.6_0                             0x0000118c   Number         4  ti_msp_dl_config.o(.text.SYSCFG_DL_TIMER_0_init)
    __arm_cp.6_1                             0x00001190   Number         4  ti_msp_dl_config.o(.text.SYSCFG_DL_TIMER_0_init)
    __arm_cp.6_2                             0x00001194   Number         4  ti_msp_dl_config.o(.text.SYSCFG_DL_TIMER_0_init)
    __arm_cp.6_3                             0x00001198   Number         4  ti_msp_dl_config.o(.text.SYSCFG_DL_TIMER_0_init)
    __arm_cp.6_4                             0x0000119c   Number         4  ti_msp_dl_config.o(.text.SYSCFG_DL_TIMER_0_init)
    __arm_cp.6_5                             0x000011a0   Number         4  ti_msp_dl_config.o(.text.SYSCFG_DL_TIMER_0_init)
    [Anonymous Symbol]                       0x000011a4   Section        0  ti_msp_dl_config.o(.text.SYSCFG_DL_UART_0_init)
    __arm_cp.7_0                             0x00001218   Number         4  ti_msp_dl_config.o(.text.SYSCFG_DL_UART_0_init)
    __arm_cp.7_1                             0x0000121c   Number         4  ti_msp_dl_config.o(.text.SYSCFG_DL_UART_0_init)
    __arm_cp.7_2                             0x00001220   Number         4  ti_msp_dl_config.o(.text.SYSCFG_DL_UART_0_init)
    __arm_cp.7_3                             0x00001224   Number         4  ti_msp_dl_config.o(.text.SYSCFG_DL_UART_0_init)
    __arm_cp.7_5                             0x00001228   Number         4  ti_msp_dl_config.o(.text.SYSCFG_DL_UART_0_init)
    [Anonymous Symbol]                       0x0000122c   Section        0  ti_msp_dl_config.o(.text.SYSCFG_DL_UART_1_init)
    __arm_cp.8_0                             0x000012a4   Number         4  ti_msp_dl_config.o(.text.SYSCFG_DL_UART_1_init)
    __arm_cp.8_1                             0x000012a8   Number         4  ti_msp_dl_config.o(.text.SYSCFG_DL_UART_1_init)
    __arm_cp.8_2                             0x000012ac   Number         4  ti_msp_dl_config.o(.text.SYSCFG_DL_UART_1_init)
    __arm_cp.8_3                             0x000012b0   Number         4  ti_msp_dl_config.o(.text.SYSCFG_DL_UART_1_init)
    __arm_cp.8_5                             0x000012b4   Number         4  ti_msp_dl_config.o(.text.SYSCFG_DL_UART_1_init)
    [Anonymous Symbol]                       0x000012b8   Section        0  ti_msp_dl_config.o(.text.SYSCFG_DL_UART_2_init)
    __arm_cp.9_0                             0x0000132c   Number         4  ti_msp_dl_config.o(.text.SYSCFG_DL_UART_2_init)
    __arm_cp.9_1                             0x00001330   Number         4  ti_msp_dl_config.o(.text.SYSCFG_DL_UART_2_init)
    __arm_cp.9_2                             0x00001334   Number         4  ti_msp_dl_config.o(.text.SYSCFG_DL_UART_2_init)
    __arm_cp.9_3                             0x00001338   Number         4  ti_msp_dl_config.o(.text.SYSCFG_DL_UART_2_init)
    __arm_cp.9_5                             0x0000133c   Number         4  ti_msp_dl_config.o(.text.SYSCFG_DL_UART_2_init)
    __arm_cp.9_6                             0x00001340   Number         4  ti_msp_dl_config.o(.text.SYSCFG_DL_UART_2_init)
    [Anonymous Symbol]                       0x00001344   Section        0  ti_msp_dl_config.o(.text.SYSCFG_DL_UART_3_init)
    __arm_cp.10_0                            0x00001390   Number         4  ti_msp_dl_config.o(.text.SYSCFG_DL_UART_3_init)
    __arm_cp.10_1                            0x00001394   Number         4  ti_msp_dl_config.o(.text.SYSCFG_DL_UART_3_init)
    __arm_cp.10_2                            0x00001398   Number         4  ti_msp_dl_config.o(.text.SYSCFG_DL_UART_3_init)
    __arm_cp.10_3                            0x0000139c   Number         4  ti_msp_dl_config.o(.text.SYSCFG_DL_UART_3_init)
    __arm_cp.10_4                            0x000013a0   Number         4  ti_msp_dl_config.o(.text.SYSCFG_DL_UART_3_init)
    [Anonymous Symbol]                       0x000013a4   Section        0  ti_msp_dl_config.o(.text.SYSCFG_DL_init)
    __arm_cp.0_0                             0x000013f0   Number         4  ti_msp_dl_config.o(.text.SYSCFG_DL_init)
    __arm_cp.0_1                             0x000013f4   Number         4  ti_msp_dl_config.o(.text.SYSCFG_DL_init)
    __arm_cp.0_2                             0x000013f8   Number         4  ti_msp_dl_config.o(.text.SYSCFG_DL_init)
    __arm_cp.0_3                             0x000013fc   Number         4  ti_msp_dl_config.o(.text.SYSCFG_DL_init)
    [Anonymous Symbol]                       0x00001400   Section        0  ti_msp_dl_config.o(.text.SYSCFG_DL_initPower)
    __arm_cp.1_0                             0x00001458   Number         4  ti_msp_dl_config.o(.text.SYSCFG_DL_initPower)
    __arm_cp.1_1                             0x0000145c   Number         4  ti_msp_dl_config.o(.text.SYSCFG_DL_initPower)
    __arm_cp.1_2                             0x00001460   Number         4  ti_msp_dl_config.o(.text.SYSCFG_DL_initPower)
    __arm_cp.1_3                             0x00001464   Number         4  ti_msp_dl_config.o(.text.SYSCFG_DL_initPower)
    __arm_cp.1_4                             0x00001468   Number         4  ti_msp_dl_config.o(.text.SYSCFG_DL_initPower)
    __arm_cp.1_5                             0x0000146c   Number         4  ti_msp_dl_config.o(.text.SYSCFG_DL_initPower)
    __arm_cp.1_6                             0x00001470   Number         4  ti_msp_dl_config.o(.text.SYSCFG_DL_initPower)
    __arm_cp.1_7                             0x00001474   Number         4  ti_msp_dl_config.o(.text.SYSCFG_DL_initPower)
    __arm_cp.1_8                             0x00001478   Number         4  ti_msp_dl_config.o(.text.SYSCFG_DL_initPower)
    __arm_cp.1_9                             0x0000147c   Number         4  ti_msp_dl_config.o(.text.SYSCFG_DL_initPower)
    __arm_cp.1_10                            0x00001480   Number         4  ti_msp_dl_config.o(.text.SYSCFG_DL_initPower)
    __arm_cp.1_11                            0x00001484   Number         4  ti_msp_dl_config.o(.text.SYSCFG_DL_initPower)
    SensorDataUpdata                         0x00001489   Thumb Code   208  jy60.o(.text.SensorDataUpdata)
    [Anonymous Symbol]                       0x00001488   Section        0  jy60.o(.text.SensorDataUpdata)
    __arm_cp.3_0                             0x00001558   Number         4  jy60.o(.text.SensorDataUpdata)
    __arm_cp.3_1                             0x0000155c   Number         4  jy60.o(.text.SensorDataUpdata)
    SensorUartSend                           0x00001561   Thumb Code     8  jy60.o(.text.SensorUartSend)
    [Anonymous Symbol]                       0x00001560   Section        0  jy60.o(.text.SensorUartSend)
    [Anonymous Symbol]                       0x00001568   Section        0  empty.o(.text.TIMA0_IRQHandler)
    __arm_cp.10_0                            0x000015f4   Number         4  empty.o(.text.TIMA0_IRQHandler)
    __arm_cp.10_1                            0x000015f8   Number         4  empty.o(.text.TIMA0_IRQHandler)
    __arm_cp.10_2                            0x000015fc   Number         4  empty.o(.text.TIMA0_IRQHandler)
    __arm_cp.10_3                            0x00001600   Number         4  empty.o(.text.TIMA0_IRQHandler)
    __arm_cp.10_4                            0x00001604   Number         4  empty.o(.text.TIMA0_IRQHandler)
    __arm_cp.10_5                            0x00001608   Number         4  empty.o(.text.TIMA0_IRQHandler)
    __arm_cp.10_6                            0x0000160c   Number         4  empty.o(.text.TIMA0_IRQHandler)
    __arm_cp.10_7                            0x00001610   Number         4  empty.o(.text.TIMA0_IRQHandler)
    __arm_cp.10_8                            0x00001614   Number         4  empty.o(.text.TIMA0_IRQHandler)
    __arm_cp.10_9                            0x00001618   Number         4  empty.o(.text.TIMA0_IRQHandler)
    __arm_cp.10_10                           0x0000161c   Number         4  empty.o(.text.TIMA0_IRQHandler)
    __arm_cp.10_11                           0x00001620   Number         4  empty.o(.text.TIMA0_IRQHandler)
    __arm_cp.10_12                           0x00001624   Number         4  empty.o(.text.TIMA0_IRQHandler)
    [Anonymous Symbol]                       0x00001628   Section        0  bsp_uart.o(.text.UART1_IRQHandler)
    __arm_cp.4_0                             0x0000169c   Number         4  bsp_uart.o(.text.UART1_IRQHandler)
    __arm_cp.4_2                             0x000016a0   Number         4  bsp_uart.o(.text.UART1_IRQHandler)
    __arm_cp.4_3                             0x000016a4   Number         4  bsp_uart.o(.text.UART1_IRQHandler)
    __arm_cp.4_4                             0x000016a8   Number         4  bsp_uart.o(.text.UART1_IRQHandler)
    __arm_cp.4_5                             0x000016ac   Number         4  bsp_uart.o(.text.UART1_IRQHandler)
    [Anonymous Symbol]                       0x000016b0   Section        0  jy60_usart.o(.text.UART2_IRQHandler)
    __arm_cp.2_0                             0x00001724   Number         4  jy60_usart.o(.text.UART2_IRQHandler)
    __arm_cp.2_1                             0x00001728   Number         4  jy60_usart.o(.text.UART2_IRQHandler)
    __arm_cp.2_2                             0x0000172c   Number         4  jy60_usart.o(.text.UART2_IRQHandler)
    __arm_cp.2_3                             0x00001730   Number         4  jy60_usart.o(.text.UART2_IRQHandler)
    __arm_cp.2_4                             0x00001734   Number         4  jy60_usart.o(.text.UART2_IRQHandler)
    __arm_cp.2_5                             0x00001738   Number         4  jy60_usart.o(.text.UART2_IRQHandler)
    [Anonymous Symbol]                       0x0000173c   Section        0  jy60_usart.o(.text.Uart2Init)
    [Anonymous Symbol]                       0x00001740   Section        0  jy60_usart.o(.text.Uart2Send)
    __arm_cp.0_0                             0x0000175c   Number         4  jy60_usart.o(.text.Uart2Send)
    [Anonymous Symbol]                       0x00001760   Section        0  wit_c_sdk.o(.text.WitDelayMsRegister)
    __arm_cp.12_0                            0x00001774   Number         4  wit_c_sdk.o(.text.WitDelayMsRegister)
    [Anonymous Symbol]                       0x00001778   Section        0  wit_c_sdk.o(.text.WitInit)
    __arm_cp.10_2                            0x00001794   Number         4  wit_c_sdk.o(.text.WitInit)
    [Anonymous Symbol]                       0x00001798   Section        0  wit_c_sdk.o(.text.WitReadReg)
    __arm_cp.9_0                             0x00001914   Number         4  wit_c_sdk.o(.text.WitReadReg)
    __arm_cp.9_1                             0x00001918   Number         4  wit_c_sdk.o(.text.WitReadReg)
    __arm_cp.9_2                             0x0000191c   Number         4  wit_c_sdk.o(.text.WitReadReg)
    __arm_cp.9_3                             0x00001920   Number         4  wit_c_sdk.o(.text.WitReadReg)
    __arm_cp.9_4                             0x00001924   Number         4  wit_c_sdk.o(.text.WitReadReg)
    __arm_cp.9_6                             0x00001928   Number         4  wit_c_sdk.o(.text.WitReadReg)
    __arm_cp.9_7                             0x0000192c   Number         4  wit_c_sdk.o(.text.WitReadReg)
    __arm_cp.9_9                             0x00001930   Number         4  wit_c_sdk.o(.text.WitReadReg)
    __arm_cp.9_10                            0x00001934   Number         4  wit_c_sdk.o(.text.WitReadReg)
    __arm_cp.9_11                            0x00001938   Number         4  wit_c_sdk.o(.text.WitReadReg)
    __arm_cp.9_12                            0x0000193c   Number         4  wit_c_sdk.o(.text.WitReadReg)
    [Anonymous Symbol]                       0x00001940   Section        0  wit_c_sdk.o(.text.WitRegisterCallBack)
    __arm_cp.7_0                             0x00001954   Number         4  wit_c_sdk.o(.text.WitRegisterCallBack)
    [Anonymous Symbol]                       0x00001958   Section        0  wit_c_sdk.o(.text.WitSerialWriteRegister)
    __arm_cp.0_0                             0x0000196c   Number         4  wit_c_sdk.o(.text.WitSerialWriteRegister)
    [Anonymous Symbol]                       0x00001970   Section        0  bfs.o(.text.bfs)
    __arm_cp.3_0                             0x00001b48   Number         4  bfs.o(.text.bfs)
    __arm_cp.3_1                             0x00001b4c   Number         4  bfs.o(.text.bfs)
    __arm_cp.3_2                             0x00001b50   Number         4  bfs.o(.text.bfs)
    __arm_cp.3_3                             0x00001b54   Number         4  bfs.o(.text.bfs)
    __arm_cp.3_4                             0x00001b58   Number         4  bfs.o(.text.bfs)
    [Anonymous Symbol]                       0x00001b5c   Section        0  board.o(.text.delay_ms)
    [Anonymous Symbol]                       0x00001b9c   Section        0  board.o(.text.delay_us)
    __arm_cp.0_0                             0x00001bd8   Number         4  board.o(.text.delay_us)
    [Anonymous Symbol]                       0x00001bdc   Section        0  empty.o(.text.main)
    __arm_cp.9_0                             0x00001d48   Number         4  empty.o(.text.main)
    __arm_cp.9_1                             0x00001d4c   Number         4  empty.o(.text.main)
    __arm_cp.9_5                             0x00001d54   Number         4  empty.o(.text.main)
    [Anonymous Symbol]                       0x00001d58   Section        0  bfs.o(.text.search_path)
    __arm_cp.5_0                             0x00001f34   Number         4  bfs.o(.text.search_path)
    __arm_cp.5_1                             0x00001f38   Number         4  bfs.o(.text.search_path)
    __arm_cp.5_2                             0x00001f3c   Number         4  bfs.o(.text.search_path)
    __arm_cp.5_3                             0x00001f40   Number         4  bfs.o(.text.search_path)
    __arm_cp.5_4                             0x00001f44   Number         4  bfs.o(.text.search_path)
    __arm_cp.5_5                             0x00001f48   Number         4  bfs.o(.text.search_path)
    __arm_cp.5_6                             0x00001f4c   Number         4  bfs.o(.text.search_path)
    __arm_cp.5_7                             0x00001f50   Number         4  bfs.o(.text.search_path)
    .text_divfast                            0x00001f54   Section      502  aeabi_sdivfast.o(.text_divfast)
    x$fpl$fmul                               0x0000214c   Section      176  fmul.o(x$fpl$fmul)
    fdiv_tab                                 0x000021fc   Data          64  fdiv.o(.constdata)
    .constdata                               0x000021fc   Section       64  fdiv.o(.constdata)
    x$fpl$usenofp                            0x000021fc   Section        0  usenofp.o(x$fpl$usenofp)
    [Anonymous Symbol]                       0x0000223c   Section        0  jy60.o(.rodata..Lswitch.table.SensorDataUpdata)
    __auchCRCHi                              0x00002836   Data         256  wit_c_sdk.o(.rodata.__auchCRCHi)
    [Anonymous Symbol]                       0x00002836   Section        0  wit_c_sdk.o(.rodata.__auchCRCHi)
    __auchCRCLo                              0x00002936   Data         256  wit_c_sdk.o(.rodata.__auchCRCLo)
    [Anonymous Symbol]                       0x00002936   Section        0  wit_c_sdk.o(.rodata.__auchCRCLo)
    gADC1ClockConfig                         0x00002a60   Data           8  ti_msp_dl_config.o(.rodata.gADC1ClockConfig)
    [Anonymous Symbol]                       0x00002a60   Section        0  ti_msp_dl_config.o(.rodata.gADC1ClockConfig)
    gENCODER1ClockConfig                     0x00002a68   Data           3  ti_msp_dl_config.o(.rodata.gENCODER1ClockConfig)
    [Anonymous Symbol]                       0x00002a68   Section        0  ti_msp_dl_config.o(.rodata.gENCODER1ClockConfig)
    gPWM_MotorClockConfig                    0x00002a6b   Data           3  ti_msp_dl_config.o(.rodata.gPWM_MotorClockConfig)
    [Anonymous Symbol]                       0x00002a6b   Section        0  ti_msp_dl_config.o(.rodata.gPWM_MotorClockConfig)
    gPWM_MotorConfig                         0x00002a70   Data           8  ti_msp_dl_config.o(.rodata.gPWM_MotorConfig)
    [Anonymous Symbol]                       0x00002a70   Section        0  ti_msp_dl_config.o(.rodata.gPWM_MotorConfig)
    gTIMER_0ClockConfig                      0x00002a78   Data           3  ti_msp_dl_config.o(.rodata.gTIMER_0ClockConfig)
    [Anonymous Symbol]                       0x00002a78   Section        0  ti_msp_dl_config.o(.rodata.gTIMER_0ClockConfig)
    gTIMER_0TimerConfig                      0x00002a7c   Data          20  ti_msp_dl_config.o(.rodata.gTIMER_0TimerConfig)
    [Anonymous Symbol]                       0x00002a7c   Section        0  ti_msp_dl_config.o(.rodata.gTIMER_0TimerConfig)
    gUART_0ClockConfig                       0x00002a90   Data           2  ti_msp_dl_config.o(.rodata.gUART_0ClockConfig)
    [Anonymous Symbol]                       0x00002a90   Section        0  ti_msp_dl_config.o(.rodata.gUART_0ClockConfig)
    gUART_0Config                            0x00002a92   Data          10  ti_msp_dl_config.o(.rodata.gUART_0Config)
    [Anonymous Symbol]                       0x00002a92   Section        0  ti_msp_dl_config.o(.rodata.gUART_0Config)
    gUART_1ClockConfig                       0x00002a9c   Data           2  ti_msp_dl_config.o(.rodata.gUART_1ClockConfig)
    [Anonymous Symbol]                       0x00002a9c   Section        0  ti_msp_dl_config.o(.rodata.gUART_1ClockConfig)
    gUART_1Config                            0x00002a9e   Data          10  ti_msp_dl_config.o(.rodata.gUART_1Config)
    [Anonymous Symbol]                       0x00002a9e   Section        0  ti_msp_dl_config.o(.rodata.gUART_1Config)
    gUART_2ClockConfig                       0x00002aa8   Data           2  ti_msp_dl_config.o(.rodata.gUART_2ClockConfig)
    [Anonymous Symbol]                       0x00002aa8   Section        0  ti_msp_dl_config.o(.rodata.gUART_2ClockConfig)
    gUART_2Config                            0x00002aaa   Data          10  ti_msp_dl_config.o(.rodata.gUART_2Config)
    [Anonymous Symbol]                       0x00002aaa   Section        0  ti_msp_dl_config.o(.rodata.gUART_2Config)
    gUART_3ClockConfig                       0x00002ab4   Data           2  ti_msp_dl_config.o(.rodata.gUART_3ClockConfig)
    [Anonymous Symbol]                       0x00002ab4   Section        0  ti_msp_dl_config.o(.rodata.gUART_3ClockConfig)
    gUART_3Config                            0x00002ab6   Data          10  ti_msp_dl_config.o(.rodata.gUART_3Config)
    [Anonymous Symbol]                       0x00002ab6   Section        0  ti_msp_dl_config.o(.rodata.gUART_3Config)
    s_ucAddr                                 0x20200000   Data           1  wit_c_sdk.o(.data.s_ucAddr)
    [Anonymous Symbol]                       0x20200000   Section        0  wit_c_sdk.o(.data.s_ucAddr)
    .bss                                     0x20200008   Section       96  libspace.o(.bss)
    TIMA0_IRQHandler.speed_pulse_acc         0x20200070   Data           4  empty.o(.bss.TIMA0_IRQHandler.speed_pulse_acc)
    [Anonymous Symbol]                       0x20200070   Section        0  empty.o(.bss.TIMA0_IRQHandler.speed_pulse_acc)
    TIMA0_IRQHandler.times                   0x20200074   Data           4  empty.o(.bss.TIMA0_IRQHandler.times)
    [Anonymous Symbol]                       0x20200074   Section        0  empty.o(.bss.TIMA0_IRQHandler.times)
    p_WitCanWriteFunc                        0x202002ac   Data           4  wit_c_sdk.o(.bss.p_WitCanWriteFunc)
    [Anonymous Symbol]                       0x202002ac   Section        0  wit_c_sdk.o(.bss.p_WitCanWriteFunc)
    p_WitDelaymsFunc                         0x202002b0   Data           4  wit_c_sdk.o(.bss.p_WitDelaymsFunc)
    [Anonymous Symbol]                       0x202002b0   Section        0  wit_c_sdk.o(.bss.p_WitDelaymsFunc)
    p_WitI2cReadFunc                         0x202002b4   Data           4  wit_c_sdk.o(.bss.p_WitI2cReadFunc)
    [Anonymous Symbol]                       0x202002b4   Section        0  wit_c_sdk.o(.bss.p_WitI2cReadFunc)
    p_WitRegUpdateCbFunc                     0x202002b8   Data           4  wit_c_sdk.o(.bss.p_WitRegUpdateCbFunc)
    [Anonymous Symbol]                       0x202002b8   Section        0  wit_c_sdk.o(.bss.p_WitRegUpdateCbFunc)
    p_WitSerialWriteFunc                     0x202002bc   Data           4  wit_c_sdk.o(.bss.p_WitSerialWriteFunc)
    [Anonymous Symbol]                       0x202002bc   Section        0  wit_c_sdk.o(.bss.p_WitSerialWriteFunc)
    s_cDataUpdate                            0x202005c8   Data           1  jy60.o(.bss.s_cDataUpdate)
    [Anonymous Symbol]                       0x202005c8   Section        0  jy60.o(.bss.s_cDataUpdate)
    s_total_pulses                           0x202005cc   Data           4  encoder.o(.bss.s_total_pulses)
    [Anonymous Symbol]                       0x202005cc   Section        0  encoder.o(.bss.s_total_pulses)
    s_ucWitDataBuff                          0x202005d0   Data         256  wit_c_sdk.o(.bss.s_ucWitDataBuff)
    [Anonymous Symbol]                       0x202005d0   Section        0  wit_c_sdk.o(.bss.s_ucWitDataBuff)
    s_uiProtoclo                             0x202006d0   Data           4  wit_c_sdk.o(.bss.s_uiProtoclo)
    [Anonymous Symbol]                       0x202006d0   Section        0  wit_c_sdk.o(.bss.s_uiProtoclo)
    s_uiReadRegIndex                         0x202006d4   Data           4  wit_c_sdk.o(.bss.s_uiReadRegIndex)
    [Anonymous Symbol]                       0x202006d4   Section        0  wit_c_sdk.o(.bss.s_uiReadRegIndex)
    s_uiWitDataCnt                           0x202006d8   Data           4  wit_c_sdk.o(.bss.s_uiWitDataCnt)
    [Anonymous Symbol]                       0x202006d8   Section        0  wit_c_sdk.o(.bss.s_uiWitDataCnt)
    search_path.last_valid_pos               0x202006dc   Data           2  bfs.o(.bss.search_path.last_valid_pos)
    [Anonymous Symbol]                       0x202006dc   Section        0  bfs.o(.bss.search_path.last_valid_pos)
    targets                                  0x202006df   Data          60  bfs.o(.bss.targets)
    [Anonymous Symbol]                       0x202006df   Section        0  bfs.o(.bss.targets)
    targets_i                                0x2020071b   Data           1  bfs.o(.bss.targets_i)
    [Anonymous Symbol]                       0x2020071b   Section        0  bfs.o(.bss.targets_i)
    targets_len                              0x2020071c   Data           1  bfs.o(.bss.targets_len)
    [Anonymous Symbol]                       0x2020071c   Section        0  bfs.o(.bss.targets_len)
    uart2_buf                                0x20200822   Data         256  jy60_usart.o(.bss.uart2_buf)
    [Anonymous Symbol]                       0x20200822   Section        0  jy60_usart.o(.bss.uart2_buf)
    uart2_head                               0x20200922   Data           2  jy60_usart.o(.bss.uart2_head)
    [Anonymous Symbol]                       0x20200922   Section        0  jy60_usart.o(.bss.uart2_head)
    uart2_tail                               0x20200924   Data           2  jy60_usart.o(.bss.uart2_tail)
    [Anonymous Symbol]                       0x20200924   Section        0  jy60_usart.o(.bss.uart2_tail)
    Heap_Mem                                 0x20200928   Data           0  startup_mspm0g350x_uvision.o(HEAP)
    Stack_Mem                                0x20200928   Data        2048  startup_mspm0g350x_uvision.o(STACK)
    HEAP                                     0x20200928   Section        0  startup_mspm0g350x_uvision.o(HEAP)
    STACK                                    0x20200928   Section     2048  startup_mspm0g350x_uvision.o(STACK)
    __initial_sp                             0x20201128   Data           0  startup_mspm0g350x_uvision.o(STACK)

    Global Symbols

    Symbol Name                              Value     Ov Type        Size  Object(Section)

    BuildAttributes$$THM_ISAv3M$S$PE$A:L22$X:L11$S22$IEEE1$IW$~IW$USESV6$~STKCKD$USESV7$~SHL$OTIME$ROPI$EBA8$UX$STANDARDLIB$REQ8$PRES8$EABIv2 0x00000000   Number         0  anon$$obj.o ABSOLUTE
    __Vectors                                0x00000000   Data           4  startup_mspm0g350x_uvision.o(RESET)
    __ARM_exceptions_init                     - Undefined Weak Reference
    __alloca_initialize                       - Undefined Weak Reference
    __arm_preinit_                            - Undefined Weak Reference
    __arm_relocate_pie_                       - Undefined Weak Reference
    __cpp_initialize__aeabi_                  - Undefined Weak Reference
    __cxa_finalize                            - Undefined Weak Reference
    __sigvec_lookup                           - Undefined Weak Reference
    _atexit_init                              - Undefined Weak Reference
    _call_atexit_fns                          - Undefined Weak Reference
    _clock_init                               - Undefined Weak Reference
    _fp_trap_init                             - Undefined Weak Reference
    _fp_trap_shutdown                         - Undefined Weak Reference
    _get_lc_collate                           - Undefined Weak Reference
    _get_lc_monetary                          - Undefined Weak Reference
    _get_lc_numeric                           - Undefined Weak Reference
    _get_lc_time                              - Undefined Weak Reference
    _getenv_init                              - Undefined Weak Reference
    _handle_redirection                       - Undefined Weak Reference
    _init_alloc                               - Undefined Weak Reference
    _init_user_alloc                          - Undefined Weak Reference
    _initio                                   - Undefined Weak Reference
    _rand_init                                - Undefined Weak Reference
    _signal_finish                            - Undefined Weak Reference
    _signal_init                              - Undefined Weak Reference
    _terminate_alloc                          - Undefined Weak Reference
    _terminate_user_alloc                     - Undefined Weak Reference
    _terminateio                              - Undefined Weak Reference
    __Vectors_End                            0x000000c0   Data           0  startup_mspm0g350x_uvision.o(RESET)
    __Vectors_Size                           0x000000c0   Number         0  startup_mspm0g350x_uvision.o ABSOLUTE
    __main                                   0x000000c1   Thumb Code     8  __main.o(!!!main)
    __scatterload                            0x000000c9   Thumb Code     0  __scatter.o(!!!scatter)
    __scatterload_rt2                        0x000000c9   Thumb Code    74  __scatter.o(!!!scatter)
    __scatterload_rt2_thumb_only             0x000000c9   Thumb Code     0  __scatter.o(!!!scatter)
    __scatterload_loop                       0x000000d3   Thumb Code     0  __scatter.o(!!!scatter)
    __scatterload_copy                       0x00000121   Thumb Code    26  __scatter_copy.o(!!handler_copy)
    __scatterload_null                       0x00000141   Thumb Code     2  __scatter.o(!!handler_null)
    __scatterload_zeroinit                   0x00000149   Thumb Code    28  __scatter_zi.o(!!handler_zi)
    __rt_lib_init                            0x00000165   Thumb Code     0  libinit.o(.ARM.Collect$$libinit$$00000000)
    __rt_lib_init_alloca_1                   0x00000167   Thumb Code     0  libinit2.o(.ARM.Collect$$libinit$$00000030)
    __rt_lib_init_argv_1                     0x00000167   Thumb Code     0  libinit2.o(.ARM.Collect$$libinit$$0000002E)
    __rt_lib_init_atexit_1                   0x00000167   Thumb Code     0  libinit2.o(.ARM.Collect$$libinit$$0000001D)
    __rt_lib_init_clock_1                    0x00000167   Thumb Code     0  libinit2.o(.ARM.Collect$$libinit$$00000023)
    __rt_lib_init_cpp_1                      0x00000167   Thumb Code     0  libinit2.o(.ARM.Collect$$libinit$$00000034)
    __rt_lib_init_exceptions_1               0x00000167   Thumb Code     0  libinit2.o(.ARM.Collect$$libinit$$00000032)
    __rt_lib_init_fp_1                       0x00000167   Thumb Code     0  libinit2.o(.ARM.Collect$$libinit$$00000002)
    __rt_lib_init_fp_trap_1                  0x00000167   Thumb Code     0  libinit2.o(.ARM.Collect$$libinit$$00000021)
    __rt_lib_init_getenv_1                   0x00000167   Thumb Code     0  libinit2.o(.ARM.Collect$$libinit$$00000025)
    __rt_lib_init_heap_1                     0x00000167   Thumb Code     0  libinit2.o(.ARM.Collect$$libinit$$0000000C)
    __rt_lib_init_lc_collate_1               0x00000167   Thumb Code     0  libinit2.o(.ARM.Collect$$libinit$$00000013)
    __rt_lib_init_lc_ctype_1                 0x00000167   Thumb Code     0  libinit2.o(.ARM.Collect$$libinit$$00000015)
    __rt_lib_init_lc_monetary_1              0x00000167   Thumb Code     0  libinit2.o(.ARM.Collect$$libinit$$00000017)
    __rt_lib_init_lc_numeric_1               0x00000167   Thumb Code     0  libinit2.o(.ARM.Collect$$libinit$$00000019)
    __rt_lib_init_lc_time_1                  0x00000167   Thumb Code     0  libinit2.o(.ARM.Collect$$libinit$$0000001B)
    __rt_lib_init_preinit_1                  0x00000167   Thumb Code     0  libinit2.o(.ARM.Collect$$libinit$$00000006)
    __rt_lib_init_rand_1                     0x00000167   Thumb Code     0  libinit2.o(.ARM.Collect$$libinit$$00000010)
    __rt_lib_init_relocate_pie_1             0x00000167   Thumb Code     0  libinit2.o(.ARM.Collect$$libinit$$00000004)
    __rt_lib_init_return                     0x00000167   Thumb Code     0  libinit2.o(.ARM.Collect$$libinit$$00000035)
    __rt_lib_init_signal_1                   0x00000167   Thumb Code     0  libinit2.o(.ARM.Collect$$libinit$$0000001F)
    __rt_lib_init_stdio_1                    0x00000167   Thumb Code     0  libinit2.o(.ARM.Collect$$libinit$$00000027)
    __rt_lib_init_user_alloc_1               0x00000167   Thumb Code     0  libinit2.o(.ARM.Collect$$libinit$$0000000E)
    __rt_lib_shutdown                        0x00000169   Thumb Code     0  libshutdown.o(.ARM.Collect$$libshutdown$$00000000)
    __rt_lib_shutdown_cpp_1                  0x0000016b   Thumb Code     0  libshutdown2.o(.ARM.Collect$$libshutdown$$00000002)
    __rt_lib_shutdown_fp_trap_1              0x0000016b   Thumb Code     0  libshutdown2.o(.ARM.Collect$$libshutdown$$00000007)
    __rt_lib_shutdown_heap_1                 0x0000016b   Thumb Code     0  libshutdown2.o(.ARM.Collect$$libshutdown$$0000000F)
    __rt_lib_shutdown_return                 0x0000016b   Thumb Code     0  libshutdown2.o(.ARM.Collect$$libshutdown$$00000010)
    __rt_lib_shutdown_signal_1               0x0000016b   Thumb Code     0  libshutdown2.o(.ARM.Collect$$libshutdown$$0000000A)
    __rt_lib_shutdown_stdio_1                0x0000016b   Thumb Code     0  libshutdown2.o(.ARM.Collect$$libshutdown$$00000004)
    __rt_lib_shutdown_user_alloc_1           0x0000016b   Thumb Code     0  libshutdown2.o(.ARM.Collect$$libshutdown$$0000000C)
    __rt_entry                               0x0000016d   Thumb Code     0  __rtentry.o(.ARM.Collect$$rtentry$$00000000)
    __rt_entry_presh_1                       0x0000016d   Thumb Code     0  __rtentry2.o(.ARM.Collect$$rtentry$$00000002)
    __rt_entry_sh                            0x0000016d   Thumb Code     0  __rtentry4.o(.ARM.Collect$$rtentry$$00000004)
    __rt_entry_li                            0x00000173   Thumb Code     0  __rtentry2.o(.ARM.Collect$$rtentry$$0000000A)
    __rt_entry_postsh_1                      0x00000173   Thumb Code     0  __rtentry2.o(.ARM.Collect$$rtentry$$00000009)
    __rt_entry_main                          0x00000177   Thumb Code     0  __rtentry2.o(.ARM.Collect$$rtentry$$0000000D)
    __rt_entry_postli_1                      0x00000177   Thumb Code     0  __rtentry2.o(.ARM.Collect$$rtentry$$0000000C)
    __rt_exit                                0x0000017f   Thumb Code     0  rtexit.o(.ARM.Collect$$rtexit$$00000000)
    __rt_exit_ls                             0x00000181   Thumb Code     0  rtexit2.o(.ARM.Collect$$rtexit$$00000003)
    __rt_exit_prels_1                        0x00000181   Thumb Code     0  rtexit2.o(.ARM.Collect$$rtexit$$00000002)
    __rt_exit_exit                           0x00000185   Thumb Code     0  rtexit2.o(.ARM.Collect$$rtexit$$00000004)
    Reset_Handler                            0x0000018d   Thumb Code     4  startup_mspm0g350x_uvision.o(.text)
    NMI_Handler                              0x00000191   Thumb Code     2  startup_mspm0g350x_uvision.o(.text)
    SVC_Handler                              0x00000195   Thumb Code     2  startup_mspm0g350x_uvision.o(.text)
    PendSV_Handler                           0x00000197   Thumb Code     2  startup_mspm0g350x_uvision.o(.text)
    SysTick_Handler                          0x00000199   Thumb Code     2  startup_mspm0g350x_uvision.o(.text)
    ADC0_IRQHandler                          0x0000019b   Thumb Code     0  startup_mspm0g350x_uvision.o(.text)
    ADC1_IRQHandler                          0x0000019b   Thumb Code     0  startup_mspm0g350x_uvision.o(.text)
    AES_IRQHandler                           0x0000019b   Thumb Code     0  startup_mspm0g350x_uvision.o(.text)
    CANFD0_IRQHandler                        0x0000019b   Thumb Code     0  startup_mspm0g350x_uvision.o(.text)
    DAC0_IRQHandler                          0x0000019b   Thumb Code     0  startup_mspm0g350x_uvision.o(.text)
    DMA_IRQHandler                           0x0000019b   Thumb Code     0  startup_mspm0g350x_uvision.o(.text)
    Default_Handler                          0x0000019b   Thumb Code     2  startup_mspm0g350x_uvision.o(.text)
    GROUP0_IRQHandler                        0x0000019b   Thumb Code     0  startup_mspm0g350x_uvision.o(.text)
    GROUP1_IRQHandler                        0x0000019b   Thumb Code     0  startup_mspm0g350x_uvision.o(.text)
    I2C0_IRQHandler                          0x0000019b   Thumb Code     0  startup_mspm0g350x_uvision.o(.text)
    I2C1_IRQHandler                          0x0000019b   Thumb Code     0  startup_mspm0g350x_uvision.o(.text)
    RTC_IRQHandler                           0x0000019b   Thumb Code     0  startup_mspm0g350x_uvision.o(.text)
    SPI0_IRQHandler                          0x0000019b   Thumb Code     0  startup_mspm0g350x_uvision.o(.text)
    SPI1_IRQHandler                          0x0000019b   Thumb Code     0  startup_mspm0g350x_uvision.o(.text)
    TIMA1_IRQHandler                         0x0000019b   Thumb Code     0  startup_mspm0g350x_uvision.o(.text)
    TIMG0_IRQHandler                         0x0000019b   Thumb Code     0  startup_mspm0g350x_uvision.o(.text)
    TIMG12_IRQHandler                        0x0000019b   Thumb Code     0  startup_mspm0g350x_uvision.o(.text)
    TIMG6_IRQHandler                         0x0000019b   Thumb Code     0  startup_mspm0g350x_uvision.o(.text)
    TIMG7_IRQHandler                         0x0000019b   Thumb Code     0  startup_mspm0g350x_uvision.o(.text)
    TIMG8_IRQHandler                         0x0000019b   Thumb Code     0  startup_mspm0g350x_uvision.o(.text)
    UART0_IRQHandler                         0x0000019b   Thumb Code     0  startup_mspm0g350x_uvision.o(.text)
    UART3_IRQHandler                         0x0000019b   Thumb Code     0  startup_mspm0g350x_uvision.o(.text)
    __user_initial_stackheap                 0x0000019d   Thumb Code    10  startup_mspm0g350x_uvision.o(.text)
    __aeabi_memset4                          0x000001b9   Thumb Code    18  aeabi_memset4.o(.text)
    __aeabi_memset8                          0x000001b9   Thumb Code     0  aeabi_memset4.o(.text)
    _memset_w                                0x000001cb   Thumb Code    26  rt_memclr.o(.text)
    _memset                                  0x000001e5   Thumb Code    30  rt_memclr.o(.text)
    __aeabi_memclr                           0x00000203   Thumb Code     4  rt_memclr.o(.text)
    __rt_memclr                              0x00000203   Thumb Code     0  rt_memclr.o(.text)
    __aeabi_memclr4                          0x00000207   Thumb Code     0  rt_memclr.o(.text)
    __aeabi_memclr8                          0x00000207   Thumb Code     0  rt_memclr.o(.text)
    __rt_memclr_w                            0x00000207   Thumb Code     4  rt_memclr.o(.text)
    __aeabi_uidivmod                         0x0000020d   Thumb Code    28  aeabi_sdivfast.o(.text)
    __aeabi_idivmod                          0x00000229   Thumb Code   472  aeabi_sdivfast.o(.text)
    __use_two_region_memory                  0x00000405   Thumb Code     2  heapauxi.o(.text)
    __rt_heap_escrow$2region                 0x00000407   Thumb Code     2  heapauxi.o(.text)
    __rt_heap_expand$2region                 0x00000409   Thumb Code     2  heapauxi.o(.text)
    __aeabi_fdiv                             0x0000040d   Thumb Code     0  fdiv.o(.text)
    _fdiv                                    0x0000040d   Thumb Code   334  fdiv.o(.text)
    _frdiv                                   0x0000055b   Thumb Code     8  fdiv.o(.text)
    __aeabi_f2iz                             0x0000056d   Thumb Code     0  ffixi.o(.text)
    _ffix                                    0x0000056d   Thumb Code    76  ffixi.o(.text)
    __aeabi_i2f_normalise                    0x000005b9   Thumb Code    72  fflti.o(.text)
    __aeabi_i2f                              0x00000601   Thumb Code    16  fflti.o(.text)
    _fflt                                    0x00000601   Thumb Code     0  fflti.o(.text)
    __aeabi_ui2f                             0x00000611   Thumb Code     6  fflti.o(.text)
    _ffltu                                   0x00000611   Thumb Code     0  fflti.o(.text)
    __user_libspace                          0x00000619   Thumb Code     8  libspace.o(.text)
    __user_perproc_libspace                  0x00000619   Thumb Code     0  libspace.o(.text)
    __user_perthread_libspace                0x00000619   Thumb Code     0  libspace.o(.text)
    __user_setup_stackheap                   0x00000621   Thumb Code    62  sys_stackheap_outer.o(.text)
    exit                                     0x0000065f   Thumb Code    16  exit.o(.text)
    _sys_exit                                0x00000671   Thumb Code     8  sys_exit.o(.text)
    __I$use$semihosting                      0x0000067d   Thumb Code     0  use_no_semi.o(.text)
    __use_no_semihosting_swi                 0x0000067d   Thumb Code     2  use_no_semi.o(.text)
    __semihosting_library_function           0x0000067f   Thumb Code     0  indicate_semi.o(.text)
    DL_ADC12_setClockConfig                  0x00000681   Thumb Code    64  dl_adc12.o(.text.DL_ADC12_setClockConfig)
    DL_Common_delayCycles                    0x000006c1   Thumb Code    10  dl_common.o(.text.DL_Common_delayCycles)
    DL_Timer_initPWMMode                     0x000006cd   Thumb Code   192  dl_timer.o(.text.DL_Timer_initPWMMode)
    DL_Timer_initTimerMode                   0x0000078d   Thumb Code   240  dl_timer.o(.text.DL_Timer_initTimerMode)
    DL_Timer_setCaptCompUpdateMethod         0x0000087d   Thumb Code    28  dl_timer.o(.text.DL_Timer_setCaptCompUpdateMethod)
    DL_Timer_setCaptureCompareOutCtl         0x00000899   Thumb Code    24  dl_timer.o(.text.DL_Timer_setCaptureCompareOutCtl)
    DL_Timer_setCaptureCompareValue          0x000008b1   Thumb Code    16  dl_timer.o(.text.DL_Timer_setCaptureCompareValue)
    DL_Timer_setClockConfig                  0x000008c1   Thumb Code    28  dl_timer.o(.text.DL_Timer_setClockConfig)
    DL_UART_init                             0x000008dd   Thumb Code    72  dl_uart.o(.text.DL_UART_init)
    DL_UART_setClockConfig                   0x00000925   Thumb Code    18  dl_uart.o(.text.DL_UART_setClockConfig)
    DL_UART_transmitDataBlocking             0x00000939   Thumb Code    20  dl_uart.o(.text.DL_UART_transmitDataBlocking)
    Encoder_AccumulateDistance               0x00000951   Thumb Code    12  encoder.o(.text.Encoder_AccumulateDistance)
    Encoder_GetDelta                         0x00000961   Thumb Code    12  encoder.o(.text.Encoder_GetDelta)
    HardFault_Handler                        0x00000971   Thumb Code    16  empty.o(.text.HardFault_Handler)
    JY60_Init                                0x0000098d   Thumb Code   116  jy60.o(.text.JY60_Init)
    OLED_Clear                               0x00000a15   Thumb Code   276  oled.o(.text.OLED_Clear)
    OLED_I2C_SendByte                        0x00000b29   Thumb Code   336  oled.o(.text.OLED_I2C_SendByte)
    OLED_Init                                0x00000c79   Thumb Code   146  oled.o(.text.OLED_Init)
    OLED_ShowChar                            0x00000d0d   Thumb Code   188  oled.o(.text.OLED_ShowChar)
    OLED_ShowNum                             0x00000dd1   Thumb Code   140  oled.o(.text.OLED_ShowNum)
    OLED_ShowString                          0x00000e61   Thumb Code    44  oled.o(.text.OLED_ShowString)
    OLED_WriteCommand                        0x00000e8d   Thumb Code    92  oled.o(.text.OLED_WriteCommand)
    OLED_WriteData                           0x00000eed   Thumb Code    92  oled.o(.text.OLED_WriteData)
    SYSCFG_DL_ADC1_init                      0x00000f49   Thumb Code    56  ti_msp_dl_config.o(.text.SYSCFG_DL_ADC1_init)
    SYSCFG_DL_ENCODER1_init                  0x00000f99   Thumb Code    52  ti_msp_dl_config.o(.text.SYSCFG_DL_ENCODER1_init)
    SYSCFG_DL_GPIO_init                      0x00000fed   Thumb Code   120  ti_msp_dl_config.o(.text.SYSCFG_DL_GPIO_init)
    SYSCFG_DL_PWM_Motor_init                 0x0000107d   Thumb Code   112  ti_msp_dl_config.o(.text.SYSCFG_DL_PWM_Motor_init)
    SYSCFG_DL_SYSCTL_init                    0x000010fd   Thumb Code    52  ti_msp_dl_config.o(.text.SYSCFG_DL_SYSCTL_init)
    SYSCFG_DL_SYSTICK_init                   0x00001139   Thumb Code    24  ti_msp_dl_config.o(.text.SYSCFG_DL_SYSTICK_init)
    SYSCFG_DL_TIMER_0_init                   0x00001155   Thumb Code    56  ti_msp_dl_config.o(.text.SYSCFG_DL_TIMER_0_init)
    SYSCFG_DL_UART_0_init                    0x000011a5   Thumb Code   116  ti_msp_dl_config.o(.text.SYSCFG_DL_UART_0_init)
    SYSCFG_DL_UART_1_init                    0x0000122d   Thumb Code   120  ti_msp_dl_config.o(.text.SYSCFG_DL_UART_1_init)
    SYSCFG_DL_UART_2_init                    0x000012b9   Thumb Code   116  ti_msp_dl_config.o(.text.SYSCFG_DL_UART_2_init)
    SYSCFG_DL_UART_3_init                    0x00001345   Thumb Code    76  ti_msp_dl_config.o(.text.SYSCFG_DL_UART_3_init)
    SYSCFG_DL_init                           0x000013a5   Thumb Code    76  ti_msp_dl_config.o(.text.SYSCFG_DL_init)
    SYSCFG_DL_initPower                      0x00001401   Thumb Code    88  ti_msp_dl_config.o(.text.SYSCFG_DL_initPower)
    TIMA0_IRQHandler                         0x00001569   Thumb Code   140  empty.o(.text.TIMA0_IRQHandler)
    UART1_IRQHandler                         0x00001629   Thumb Code   116  bsp_uart.o(.text.UART1_IRQHandler)
    UART2_IRQHandler                         0x000016b1   Thumb Code   116  jy60_usart.o(.text.UART2_IRQHandler)
    Uart2Init                                0x0000173d   Thumb Code     2  jy60_usart.o(.text.Uart2Init)
    Uart2Send                                0x00001741   Thumb Code    28  jy60_usart.o(.text.Uart2Send)
    WitDelayMsRegister                       0x00001761   Thumb Code    20  wit_c_sdk.o(.text.WitDelayMsRegister)
    WitInit                                  0x00001779   Thumb Code    28  wit_c_sdk.o(.text.WitInit)
    WitReadReg                               0x00001799   Thumb Code   380  wit_c_sdk.o(.text.WitReadReg)
    WitRegisterCallBack                      0x00001941   Thumb Code    20  wit_c_sdk.o(.text.WitRegisterCallBack)
    WitSerialWriteRegister                   0x00001959   Thumb Code    20  wit_c_sdk.o(.text.WitSerialWriteRegister)
    bfs                                      0x00001971   Thumb Code   472  bfs.o(.text.bfs)
    delay_ms                                 0x00001b5d   Thumb Code    64  board.o(.text.delay_ms)
    delay_us                                 0x00001b9d   Thumb Code    60  board.o(.text.delay_us)
    main                                     0x00001bdd   Thumb Code   364  empty.o(.text.main)
    search_path                              0x00001d59   Thumb Code   476  bfs.o(.text.search_path)
    __aeabi_uidiv                            0x00001f55   Thumb Code    68  aeabi_sdivfast.o(.text_divfast)
    __aeabi_idiv                             0x00001f99   Thumb Code   434  aeabi_sdivfast.o(.text_divfast)
    __aeabi_fmul                             0x0000214d   Thumb Code     0  fmul.o(x$fpl$fmul)
    _fmul                                    0x0000214d   Thumb Code   172  fmul.o(x$fpl$fmul)
    __I$use$fp                               0x000021fc   Number         0  usenofp.o(x$fpl$usenofp)
    OLED_F8x16                               0x00002246   Data        1520  oled.o(.rodata.OLED_F8x16)
    c_uiBaud                                 0x00002a38   Data          40  jy60.o(.rodata.c_uiBaud)
    Region$$Table$$Base                      0x00002ac0   Number         0  anon$$obj.o(Region$$Table)
    Region$$Table$$Limit                     0x00002ae0   Number         0  anon$$obj.o(Region$$Table)
    __libspace_start                         0x20200008   Data          96  libspace.o(.bss)
    Current1                                 0x20200068   Data           2  empty.o(.bss.Current1)
    __temporary_stack_top$libspace           0x20200068   Data           0  libspace.o(.bss)
    HD_count                                 0x2020006a   Data           2  empty.o(.bss.HD_count)
    Out1                                     0x2020006c   Data           2  empty.o(.bss.Out1)
    Out2                                     0x2020006e   Data           2  empty.o(.bss.Out2)
    Target1                                  0x20200078   Data           2  empty.o(.bss.Target1)
    Target2                                  0x2020007a   Data           2  empty.o(.bss.Target2)
    gENCODER1Backup                          0x2020007c   Data         120  ti_msp_dl_config.o(.bss.gENCODER1Backup)
    gPWM_MotorBackup                         0x202000f4   Data         120  ti_msp_dl_config.o(.bss.gPWM_MotorBackup)
    gTIMER_0Backup                           0x2020016c   Data         188  ti_msp_dl_config.o(.bss.gTIMER_0Backup)
    gUART_3Backup                            0x20200228   Data          48  ti_msp_dl_config.o(.bss.gUART_3Backup)
    grid                                     0x20200258   Data          81  bfs.o(.bss.grid)
    head                                     0x202002a9   Data           1  bfs.o(.bss.head)
    path                                     0x202002c0   Data         162  bfs.o(.bss.path)
    path_len                                 0x20200362   Data           1  bfs.o(.bss.path_len)
    prev                                     0x20200364   Data         162  bfs.o(.bss.prev)
    qq                                       0x20200406   Data         162  bfs.o(.bss.qq)
    sReg                                     0x202004a8   Data         288  wit_c_sdk.o(.bss.sReg)
    tail                                     0x202006de   Data           1  bfs.o(.bss.tail)
    uart1_buf                                0x2020071d   Data         256  bsp_uart.o(.bss.uart1_buf)
    uart1_head                               0x2020081e   Data           2  bsp_uart.o(.bss.uart1_head)
    uart1_tail                               0x20200820   Data           2  bsp_uart.o(.bss.uart1_tail)



==============================================================================

Memory Map of the image

  Image Entry point : 0x000000c1

  Load Region LR_IROM1 (Base: 0x00000000, Size: 0x00002ae8, Max: 0x00020000, ABSOLUTE)

    Execution Region ER_IROM1 (Exec base: 0x00000000, Load base: 0x00000000, Size: 0x00002ae0, Max: 0x00020000, ABSOLUTE)

    Exec Addr    Load Addr    Size         Type   Attr      Idx    E Section Name        Object

    0x00000000   0x00000000   0x000000c0   Data   RO            3    RESET               startup_mspm0g350x_uvision.o
    0x000000c0   0x000000c0   0x00000008   Code   RO          658  * !!!main             c_p.l(__main.o)
    0x000000c8   0x000000c8   0x00000054   Code   RO          905    !!!scatter          c_p.l(__scatter.o)
    0x0000011c   0x0000011c   0x00000004   PAD
    0x00000120   0x00000120   0x0000001a   Code   RO          909    !!handler_copy      c_p.l(__scatter_copy.o)
    0x0000013a   0x0000013a   0x00000006   PAD
    0x00000140   0x00000140   0x00000002   Code   RO          906    !!handler_null      c_p.l(__scatter.o)
    0x00000142   0x00000142   0x00000006   PAD
    0x00000148   0x00000148   0x0000001c   Code   RO          911    !!handler_zi        c_p.l(__scatter_zi.o)
    0x00000164   0x00000164   0x00000002   Code   RO          761    .ARM.Collect$$libinit$$00000000  c_p.l(libinit.o)
    0x00000166   0x00000166   0x00000000   Code   RO          778    .ARM.Collect$$libinit$$00000002  c_p.l(libinit2.o)
    0x00000166   0x00000166   0x00000000   Code   RO          780    .ARM.Collect$$libinit$$00000004  c_p.l(libinit2.o)
    0x00000166   0x00000166   0x00000000   Code   RO          782    .ARM.Collect$$libinit$$00000006  c_p.l(libinit2.o)
    0x00000166   0x00000166   0x00000000   Code   RO          785    .ARM.Collect$$libinit$$0000000C  c_p.l(libinit2.o)
    0x00000166   0x00000166   0x00000000   Code   RO          787    .ARM.Collect$$libinit$$0000000E  c_p.l(libinit2.o)
    0x00000166   0x00000166   0x00000000   Code   RO          789    .ARM.Collect$$libinit$$00000010  c_p.l(libinit2.o)
    0x00000166   0x00000166   0x00000000   Code   RO          792    .ARM.Collect$$libinit$$00000013  c_p.l(libinit2.o)
    0x00000166   0x00000166   0x00000000   Code   RO          794    .ARM.Collect$$libinit$$00000015  c_p.l(libinit2.o)
    0x00000166   0x00000166   0x00000000   Code   RO          796    .ARM.Collect$$libinit$$00000017  c_p.l(libinit2.o)
    0x00000166   0x00000166   0x00000000   Code   RO          798    .ARM.Collect$$libinit$$00000019  c_p.l(libinit2.o)
    0x00000166   0x00000166   0x00000000   Code   RO          800    .ARM.Collect$$libinit$$0000001B  c_p.l(libinit2.o)
    0x00000166   0x00000166   0x00000000   Code   RO          802    .ARM.Collect$$libinit$$0000001D  c_p.l(libinit2.o)
    0x00000166   0x00000166   0x00000000   Code   RO          804    .ARM.Collect$$libinit$$0000001F  c_p.l(libinit2.o)
    0x00000166   0x00000166   0x00000000   Code   RO          806    .ARM.Collect$$libinit$$00000021  c_p.l(libinit2.o)
    0x00000166   0x00000166   0x00000000   Code   RO          808    .ARM.Collect$$libinit$$00000023  c_p.l(libinit2.o)
    0x00000166   0x00000166   0x00000000   Code   RO          810    .ARM.Collect$$libinit$$00000025  c_p.l(libinit2.o)
    0x00000166   0x00000166   0x00000000   Code   RO          812    .ARM.Collect$$libinit$$00000027  c_p.l(libinit2.o)
    0x00000166   0x00000166   0x00000000   Code   RO          816    .ARM.Collect$$libinit$$0000002E  c_p.l(libinit2.o)
    0x00000166   0x00000166   0x00000000   Code   RO          818    .ARM.Collect$$libinit$$00000030  c_p.l(libinit2.o)
    0x00000166   0x00000166   0x00000000   Code   RO          820    .ARM.Collect$$libinit$$00000032  c_p.l(libinit2.o)
    0x00000166   0x00000166   0x00000000   Code   RO          822    .ARM.Collect$$libinit$$00000034  c_p.l(libinit2.o)
    0x00000166   0x00000166   0x00000002   Code   RO          823    .ARM.Collect$$libinit$$00000035  c_p.l(libinit2.o)
    0x00000168   0x00000168   0x00000002   Code   RO          860    .ARM.Collect$$libshutdown$$00000000  c_p.l(libshutdown.o)
    0x0000016a   0x0000016a   0x00000000   Code   RO          888    .ARM.Collect$$libshutdown$$00000002  c_p.l(libshutdown2.o)
    0x0000016a   0x0000016a   0x00000000   Code   RO          890    .ARM.Collect$$libshutdown$$00000004  c_p.l(libshutdown2.o)
    0x0000016a   0x0000016a   0x00000000   Code   RO          893    .ARM.Collect$$libshutdown$$00000007  c_p.l(libshutdown2.o)
    0x0000016a   0x0000016a   0x00000000   Code   RO          896    .ARM.Collect$$libshutdown$$0000000A  c_p.l(libshutdown2.o)
    0x0000016a   0x0000016a   0x00000000   Code   RO          898    .ARM.Collect$$libshutdown$$0000000C  c_p.l(libshutdown2.o)
    0x0000016a   0x0000016a   0x00000000   Code   RO          901    .ARM.Collect$$libshutdown$$0000000F  c_p.l(libshutdown2.o)
    0x0000016a   0x0000016a   0x00000002   Code   RO          902    .ARM.Collect$$libshutdown$$00000010  c_p.l(libshutdown2.o)
    0x0000016c   0x0000016c   0x00000000   Code   RO          692    .ARM.Collect$$rtentry$$00000000  c_p.l(__rtentry.o)
    0x0000016c   0x0000016c   0x00000000   Code   RO          715    .ARM.Collect$$rtentry$$00000002  c_p.l(__rtentry2.o)
    0x0000016c   0x0000016c   0x00000006   Code   RO          727    .ARM.Collect$$rtentry$$00000004  c_p.l(__rtentry4.o)
    0x00000172   0x00000172   0x00000000   Code   RO          717    .ARM.Collect$$rtentry$$00000009  c_p.l(__rtentry2.o)
    0x00000172   0x00000172   0x00000004   Code   RO          718    .ARM.Collect$$rtentry$$0000000A  c_p.l(__rtentry2.o)
    0x00000176   0x00000176   0x00000000   Code   RO          720    .ARM.Collect$$rtentry$$0000000C  c_p.l(__rtentry2.o)
    0x00000176   0x00000176   0x00000008   Code   RO          721    .ARM.Collect$$rtentry$$0000000D  c_p.l(__rtentry2.o)
    0x0000017e   0x0000017e   0x00000002   Code   RO          767    .ARM.Collect$$rtexit$$00000000  c_p.l(rtexit.o)
    0x00000180   0x00000180   0x00000000   Code   RO          831    .ARM.Collect$$rtexit$$00000002  c_p.l(rtexit2.o)
    0x00000180   0x00000180   0x00000004   Code   RO          832    .ARM.Collect$$rtexit$$00000003  c_p.l(rtexit2.o)
    0x00000184   0x00000184   0x00000006   Code   RO          833    .ARM.Collect$$rtexit$$00000004  c_p.l(rtexit2.o)
    0x0000018a   0x0000018a   0x00000002   PAD
    0x0000018c   0x0000018c   0x0000002c   Code   RO            4    .text               startup_mspm0g350x_uvision.o
    0x000001b8   0x000001b8   0x00000012   Code   RO          644    .text               c_p.l(aeabi_memset4.o)
    0x000001ca   0x000001ca   0x00000040   Code   RO          646    .text               c_p.l(rt_memclr.o)
    0x0000020a   0x0000020a   0x00000002   PAD
    0x0000020c   0x0000020c   0x000001f8   Code   RO          648    .text               c_p.l(aeabi_sdivfast.o)
    0x00000404   0x00000404   0x00000006   Code   RO          656    .text               c_p.l(heapauxi.o)
    0x0000040a   0x0000040a   0x00000002   PAD
    0x0000040c   0x0000040c   0x00000160   Code   RO          683    .text               fz_ps.l(fdiv.o)
    0x0000056c   0x0000056c   0x0000004c   Code   RO          686    .text               fz_ps.l(ffixi.o)
    0x000005b8   0x000005b8   0x0000005e   Code   RO          688    .text               fz_ps.l(fflti.o)
    0x00000616   0x00000616   0x00000002   PAD
    0x00000618   0x00000618   0x00000008   Code   RO          711    .text               c_p.l(libspace.o)
    0x00000620   0x00000620   0x0000003e   Code   RO          737    .text               c_p.l(sys_stackheap_outer.o)
    0x0000065e   0x0000065e   0x00000010   Code   RO          750    .text               c_p.l(exit.o)
    0x0000066e   0x0000066e   0x00000002   PAD
    0x00000670   0x00000670   0x0000000c   Code   RO          826    .text               c_p.l(sys_exit.o)
    0x0000067c   0x0000067c   0x00000002   Code   RO          849    .text               c_p.l(use_no_semi.o)
    0x0000067e   0x0000067e   0x00000000   Code   RO          851    .text               c_p.l(indicate_semi.o)
    0x0000067e   0x0000067e   0x00000002   PAD
    0x00000680   0x00000680   0x00000040   Code   RO          493    .text.DL_ADC12_setClockConfig  driverlib.a(dl_adc12.o)
    0x000006c0   0x000006c0   0x0000000a   Code   RO          505    .text.DL_Common_delayCycles  driverlib.a(dl_common.o)
    0x000006ca   0x000006ca   0x00000002   PAD
    0x000006cc   0x000006cc   0x000000c0   Code   RO          536    .text.DL_Timer_initPWMMode  driverlib.a(dl_timer.o)
    0x0000078c   0x0000078c   0x000000f0   Code   RO          518    .text.DL_Timer_initTimerMode  driverlib.a(dl_timer.o)
    0x0000087c   0x0000087c   0x0000001c   Code   RO          550    .text.DL_Timer_setCaptCompUpdateMethod  driverlib.a(dl_timer.o)
    0x00000898   0x00000898   0x00000018   Code   RO          540    .text.DL_Timer_setCaptureCompareOutCtl  driverlib.a(dl_timer.o)
    0x000008b0   0x000008b0   0x00000010   Code   RO          520    .text.DL_Timer_setCaptureCompareValue  driverlib.a(dl_timer.o)
    0x000008c0   0x000008c0   0x0000001c   Code   RO          514    .text.DL_Timer_setClockConfig  driverlib.a(dl_timer.o)
    0x000008dc   0x000008dc   0x00000048   Code   RO          597    .text.DL_UART_init  driverlib.a(dl_uart.o)
    0x00000924   0x00000924   0x00000012   Code   RO          599    .text.DL_UART_setClockConfig  driverlib.a(dl_uart.o)
    0x00000936   0x00000936   0x00000002   PAD
    0x00000938   0x00000938   0x00000014   Code   RO          611    .text.DL_UART_transmitDataBlocking  driverlib.a(dl_uart.o)
    0x0000094c   0x0000094c   0x00000002   Code   RO          452    .text.Delayms       jy60.o
    0x0000094e   0x0000094e   0x00000002   PAD
    0x00000950   0x00000950   0x00000010   Code   RO          377    .text.Encoder_AccumulateDistance  encoder.o
    0x00000960   0x00000960   0x00000010   Code   RO          375    .text.Encoder_GetDelta  encoder.o
    0x00000970   0x00000970   0x0000001c   Code   RO           83    .text.HardFault_Handler  empty.o
    0x0000098c   0x0000098c   0x00000088   Code   RO          446    .text.JY60_Init     jy60.o
    0x00000a14   0x00000a14   0x00000114   Code   RO          202    .text.OLED_Clear    oled.o
    0x00000b28   0x00000b28   0x00000150   Code   RO          194    .text.OLED_I2C_SendByte  oled.o
    0x00000c78   0x00000c78   0x00000092   Code   RO          218    .text.OLED_Init     oled.o
    0x00000d0a   0x00000d0a   0x00000002   PAD
    0x00000d0c   0x00000d0c   0x000000c4   Code   RO          204    .text.OLED_ShowChar  oled.o
    0x00000dd0   0x00000dd0   0x00000090   Code   RO          210    .text.OLED_ShowNum  oled.o
    0x00000e60   0x00000e60   0x0000002c   Code   RO          206    .text.OLED_ShowString  oled.o
    0x00000e8c   0x00000e8c   0x00000060   Code   RO          196    .text.OLED_WriteCommand  oled.o
    0x00000eec   0x00000eec   0x0000005c   Code   RO          198    .text.OLED_WriteData  oled.o
    0x00000f48   0x00000f48   0x00000050   Code   RO           33    .text.SYSCFG_DL_ADC1_init  ti_msp_dl_config.o
    0x00000f98   0x00000f98   0x00000054   Code   RO           21    .text.SYSCFG_DL_ENCODER1_init  ti_msp_dl_config.o
    0x00000fec   0x00000fec   0x00000090   Code   RO           15    .text.SYSCFG_DL_GPIO_init  ti_msp_dl_config.o
    0x0000107c   0x0000107c   0x00000080   Code   RO           19    .text.SYSCFG_DL_PWM_Motor_init  ti_msp_dl_config.o
    0x000010fc   0x000010fc   0x0000003c   Code   RO           17    .text.SYSCFG_DL_SYSCTL_init  ti_msp_dl_config.o
    0x00001138   0x00001138   0x0000001c   Code   RO           35    .text.SYSCFG_DL_SYSTICK_init  ti_msp_dl_config.o
    0x00001154   0x00001154   0x00000050   Code   RO           23    .text.SYSCFG_DL_TIMER_0_init  ti_msp_dl_config.o
    0x000011a4   0x000011a4   0x00000088   Code   RO           25    .text.SYSCFG_DL_UART_0_init  ti_msp_dl_config.o
    0x0000122c   0x0000122c   0x0000008c   Code   RO           27    .text.SYSCFG_DL_UART_1_init  ti_msp_dl_config.o
    0x000012b8   0x000012b8   0x0000008c   Code   RO           29    .text.SYSCFG_DL_UART_2_init  ti_msp_dl_config.o
    0x00001344   0x00001344   0x00000060   Code   RO           31    .text.SYSCFG_DL_UART_3_init  ti_msp_dl_config.o
    0x000013a4   0x000013a4   0x0000005c   Code   RO           11    .text.SYSCFG_DL_init  ti_msp_dl_config.o
    0x00001400   0x00001400   0x00000088   Code   RO           13    .text.SYSCFG_DL_initPower  ti_msp_dl_config.o
    0x00001488   0x00001488   0x000000d8   Code   RO          450    .text.SensorDataUpdata  jy60.o
    0x00001560   0x00001560   0x00000008   Code   RO          448    .text.SensorUartSend  jy60.o
    0x00001568   0x00001568   0x000000c0   Code   RO           87    .text.TIMA0_IRQHandler  empty.o
    0x00001628   0x00001628   0x00000088   Code   RO          354    .text.UART1_IRQHandler  bsp_uart.o
    0x000016b0   0x000016b0   0x0000008c   Code   RO          478    .text.UART2_IRQHandler  jy60_usart.o
    0x0000173c   0x0000173c   0x00000002   Code   RO          476    .text.Uart2Init     jy60_usart.o
    0x0000173e   0x0000173e   0x00000002   PAD
    0x00001740   0x00001740   0x00000020   Code   RO          474    .text.Uart2Send     jy60_usart.o
    0x00001760   0x00001760   0x00000018   Code   RO          253    .text.WitDelayMsRegister  wit_c_sdk.o
    0x00001778   0x00001778   0x00000020   Code   RO          249    .text.WitInit       wit_c_sdk.o
    0x00001798   0x00001798   0x000001a8   Code   RO          247    .text.WitReadReg    wit_c_sdk.o
    0x00001940   0x00001940   0x00000018   Code   RO          243    .text.WitRegisterCallBack  wit_c_sdk.o
    0x00001958   0x00001958   0x00000018   Code   RO          229    .text.WitSerialWriteRegister  wit_c_sdk.o
    0x00001970   0x00001970   0x000001ec   Code   RO          303    .text.bfs           bfs.o
    0x00001b5c   0x00001b5c   0x00000040   Code   RO          148    .text.delay_ms      board.o
    0x00001b9c   0x00001b9c   0x00000040   Code   RO          146    .text.delay_us      board.o
    0x00001bdc   0x00001bdc   0x0000017c   Code   RO           85    .text.main          empty.o
    0x00001d58   0x00001d58   0x000001fc   Code   RO          307    .text.search_path   bfs.o
    0x00001f54   0x00001f54   0x000001f6   Code   RO          649    .text_divfast       c_p.l(aeabi_sdivfast.o)
    0x0000214a   0x0000214a   0x00000002   PAD
    0x0000214c   0x0000214c   0x000000b0   Code   RO          690    x$fpl$fmul          fz_ps.l(fmul.o)
    0x000021fc   0x000021fc   0x00000000   Code   RO          710    x$fpl$usenofp       fz_ps.l(usenofp.o)
    0x000021fc   0x000021fc   0x00000040   Data   RO          684    .constdata          fz_ps.l(fdiv.o)
    0x0000223c   0x0000223c   0x0000000a   Data   RO          465    .rodata..Lswitch.table.SensorDataUpdata  jy60.o
    0x00002246   0x00002246   0x000005f0   Data   RO          220    .rodata.OLED_F8x16  oled.o
    0x00002836   0x00002836   0x00000100   Data   RO          287    .rodata.__auchCRCHi  wit_c_sdk.o
    0x00002936   0x00002936   0x00000100   Data   RO          288    .rodata.__auchCRCLo  wit_c_sdk.o
    0x00002a36   0x00002a36   0x00000002   PAD
    0x00002a38   0x00002a38   0x00000028   Data   RO          456    .rodata.c_uiBaud    jy60.o
    0x00002a60   0x00002a60   0x00000008   Data   RO           58    .rodata.gADC1ClockConfig  ti_msp_dl_config.o
    0x00002a68   0x00002a68   0x00000003   Data   RO           47    .rodata.gENCODER1ClockConfig  ti_msp_dl_config.o
    0x00002a6b   0x00002a6b   0x00000003   Data   RO           45    .rodata.gPWM_MotorClockConfig  ti_msp_dl_config.o
    0x00002a6e   0x00002a6e   0x00000002   PAD
    0x00002a70   0x00002a70   0x00000008   Data   RO           46    .rodata.gPWM_MotorConfig  ti_msp_dl_config.o
    0x00002a78   0x00002a78   0x00000003   Data   RO           48    .rodata.gTIMER_0ClockConfig  ti_msp_dl_config.o
    0x00002a7b   0x00002a7b   0x00000001   PAD
    0x00002a7c   0x00002a7c   0x00000014   Data   RO           49    .rodata.gTIMER_0TimerConfig  ti_msp_dl_config.o
    0x00002a90   0x00002a90   0x00000002   Data   RO           50    .rodata.gUART_0ClockConfig  ti_msp_dl_config.o
    0x00002a92   0x00002a92   0x0000000a   Data   RO           51    .rodata.gUART_0Config  ti_msp_dl_config.o
    0x00002a9c   0x00002a9c   0x00000002   Data   RO           52    .rodata.gUART_1ClockConfig  ti_msp_dl_config.o
    0x00002a9e   0x00002a9e   0x0000000a   Data   RO           53    .rodata.gUART_1Config  ti_msp_dl_config.o
    0x00002aa8   0x00002aa8   0x00000002   Data   RO           54    .rodata.gUART_2ClockConfig  ti_msp_dl_config.o
    0x00002aaa   0x00002aaa   0x0000000a   Data   RO           55    .rodata.gUART_2Config  ti_msp_dl_config.o
    0x00002ab4   0x00002ab4   0x00000002   Data   RO           56    .rodata.gUART_3ClockConfig  ti_msp_dl_config.o
    0x00002ab6   0x00002ab6   0x0000000a   Data   RO           57    .rodata.gUART_3Config  ti_msp_dl_config.o
    0x00002ac0   0x00002ac0   0x00000020   Data   RO          904    Region$$Table       anon$$obj.o


    Execution Region RW_IRAM2 (Exec base: 0x20200000, Load base: 0x00002ae0, Size: 0x00001128, Max: 0x00008000, ABSOLUTE)

    Exec Addr    Load Addr    Size         Type   Attr      Idx    E Section Name        Object

    0x20200000   0x00002ae0   0x00000001   Data   RW          285    .data.s_ucAddr      wit_c_sdk.o
    0x20200001   0x00002ae1   0x00000007   PAD
    0x20200008        -       0x00000060   Zero   RW          712    .bss                c_p.l(libspace.o)
    0x20200068        -       0x00000002   Zero   RW          105    .bss.Current1       empty.o
    0x2020006a        -       0x00000002   Zero   RW           92    .bss.HD_count       empty.o
    0x2020006c        -       0x00000002   Zero   RW          110    .bss.Out1           empty.o
    0x2020006e        -       0x00000002   Zero   RW          112    .bss.Out2           empty.o
    0x20200070        -       0x00000004   Zero   RW          108    .bss.TIMA0_IRQHandler.speed_pulse_acc  empty.o
    0x20200074        -       0x00000004   Zero   RW          107    .bss.TIMA0_IRQHandler.times  empty.o
    0x20200078        -       0x00000002   Zero   RW          109    .bss.Target1        empty.o
    0x2020007a        -       0x00000002   Zero   RW          111    .bss.Target2        empty.o
    0x2020007c        -       0x00000078   Zero   RW           42    .bss.gENCODER1Backup  ti_msp_dl_config.o
    0x202000f4        -       0x00000078   Zero   RW           41    .bss.gPWM_MotorBackup  ti_msp_dl_config.o
    0x2020016c        -       0x000000bc   Zero   RW           43    .bss.gTIMER_0Backup  ti_msp_dl_config.o
    0x20200228        -       0x00000030   Zero   RW           44    .bss.gUART_3Backup  ti_msp_dl_config.o
    0x20200258        -       0x00000051   Zero   RW          311    .bss.grid           bfs.o
    0x202002a9        -       0x00000001   Zero   RW          316    .bss.head           bfs.o
    0x202002aa   0x00002ae1   0x00000002   PAD
    0x202002ac        -       0x00000004   Zero   RW          284    .bss.p_WitCanWriteFunc  wit_c_sdk.o
    0x202002b0        -       0x00000004   Zero   RW          286    .bss.p_WitDelaymsFunc  wit_c_sdk.o
    0x202002b4        -       0x00000004   Zero   RW          283    .bss.p_WitI2cReadFunc  wit_c_sdk.o
    0x202002b8        -       0x00000004   Zero   RW          276    .bss.p_WitRegUpdateCbFunc  wit_c_sdk.o
    0x202002bc        -       0x00000004   Zero   RW          275    .bss.p_WitSerialWriteFunc  wit_c_sdk.o
    0x202002c0        -       0x000000a2   Zero   RW          319    .bss.path           bfs.o
    0x20200362        -       0x00000001   Zero   RW          318    .bss.path_len       bfs.o
    0x20200363   0x00002ae1   0x00000001   PAD
    0x20200364        -       0x000000a2   Zero   RW          314    .bss.prev           bfs.o
    0x20200406        -       0x000000a2   Zero   RW          317    .bss.qq             bfs.o
    0x202004a8        -       0x00000120   Zero   RW          280    .bss.sReg           wit_c_sdk.o
    0x202005c8        -       0x00000001   Zero   RW          460    .bss.s_cDataUpdate  jy60.o
    0x202005c9   0x00002ae1   0x00000003   PAD
    0x202005cc        -       0x00000004   Zero   RW          383    .bss.s_total_pulses  encoder.o
    0x202005d0        -       0x00000100   Zero   RW          277    .bss.s_ucWitDataBuff  wit_c_sdk.o
    0x202006d0        -       0x00000004   Zero   RW          279    .bss.s_uiProtoclo   wit_c_sdk.o
    0x202006d4        -       0x00000004   Zero   RW          281    .bss.s_uiReadRegIndex  wit_c_sdk.o
    0x202006d8        -       0x00000004   Zero   RW          278    .bss.s_uiWitDataCnt  wit_c_sdk.o
    0x202006dc        -       0x00000002   Zero   RW          320    .bss.search_path.last_valid_pos  bfs.o
    0x202006de        -       0x00000001   Zero   RW          315    .bss.tail           bfs.o
    0x202006df        -       0x0000003c   Zero   RW          312    .bss.targets        bfs.o
    0x2020071b        -       0x00000001   Zero   RW          321    .bss.targets_i      bfs.o
    0x2020071c        -       0x00000001   Zero   RW          313    .bss.targets_len    bfs.o
    0x2020071d        -       0x00000100   Zero   RW          366    .bss.uart1_buf      bsp_uart.o
    0x2020081d   0x00002ae1   0x00000001   PAD
    0x2020081e        -       0x00000002   Zero   RW          365    .bss.uart1_head     bsp_uart.o
    0x20200820        -       0x00000002   Zero   RW          364    .bss.uart1_tail     bsp_uart.o
    0x20200822        -       0x00000100   Zero   RW          484    .bss.uart2_buf      jy60_usart.o
    0x20200922        -       0x00000002   Zero   RW          482    .bss.uart2_head     jy60_usart.o
    0x20200924        -       0x00000002   Zero   RW          483    .bss.uart2_tail     jy60_usart.o
    0x20200926   0x00002ae1   0x00000002   PAD
    0x20200928        -       0x00000000   Zero   RW            2    HEAP                startup_mspm0g350x_uvision.o
    0x20200928        -       0x00000800   Zero   RW            1    STACK               startup_mspm0g350x_uvision.o



  Load Region LR_BCR (Base: 0x41c00000, Size: 0x00000000, Max: 0x00000100, ABSOLUTE)

    Execution Region BCR_CONFIG (Exec base: 0x41c00000, Load base: 0x41c00000, Size: 0x00000000, Max: 0x00000080, ABSOLUTE)

    **** No section assigned to this execution region ****



  Load Region LR_BSL (Base: 0x41c00100, Size: 0x00000000, Max: 0x00000100, ABSOLUTE)

    Execution Region BSL_CONFIG (Exec base: 0x41c00100, Load base: 0x41c00100, Size: 0x00000000, Max: 0x00000080, ABSOLUTE)

    **** No section assigned to this execution region ****


==============================================================================

Image component sizes


      Code (inc. data)   RO Data    RW Data    ZI Data      Debug   Object Name

      1000         52          0          0        634       7614   bfs.o
       128          4          0          0          0       2867   board.o
       136         20          0          0        260       6621   bsp_uart.o
       600         80          0          0         20      12113   empty.o
        32          8          0          0          4       3954   encoder.o
       362         28         50          0          1       3120   jy60.o
       174         28          0          0        260       4893   jy60_usart.o
      1330         16       1520          0          0      15901   oled.o
        44         18        192          0       2048        700   startup_mspm0g350x_uvision.o
      1344        280         93          0        476      39210   ti_msp_dl_config.o
       528         64        512          1        576      11870   wit_c_sdk.o

    ----------------------------------------------------------------------
      5684        598       2404          4       4292     108863   Object Totals
         0          0         32          0          0          0   (incl. Generated)
         6          0          5          3         13          0   (incl. Padding)

    ----------------------------------------------------------------------

      Code (inc. data)   RO Data    RW Data    ZI Data      Debug   Library Member Name

         8          0          0          0          0         68   __main.o
         0          0          0          0          0          0   __rtentry.o
        12          0          0          0          0          0   __rtentry2.o
         6          0          0          0          0          0   __rtentry4.o
        86         10          0          0          0          0   __scatter.o
        26          0          0          0          0          0   __scatter_copy.o
        28          0          0          0          0          0   __scatter_zi.o
        18          0          0          0          0         68   aeabi_memset4.o
      1006          4          0          0          0        184   aeabi_sdivfast.o
        16          0          0          0          0         68   exit.o
         6          0          0          0          0        136   heapauxi.o
         0          0          0          0          0          0   indicate_semi.o
         2          0          0          0          0          0   libinit.o
         2          0          0          0          0          0   libinit2.o
         2          0          0          0          0          0   libshutdown.o
         2          0          0          0          0          0   libshutdown2.o
         8          4          0          0         96         68   libspace.o
        64          0          0          0          0        108   rt_memclr.o
         2          0          0          0          0          0   rtexit.o
        10          0          0          0          0          0   rtexit2.o
        12          4          0          0          0         60   sys_exit.o
        62          0          0          0          0         80   sys_stackheap_outer.o
         2          0          0          0          0         68   use_no_semi.o
        64          8          0          0          0       4747   dl_adc12.o
        10          0          0          0          0        802   dl_common.o
       528        192          0          0          0      35449   dl_timer.o
       110         12          0          0          0      14127   dl_uart.o
       352         10         64          0          0         92   fdiv.o
        76          0          0          0          0         68   ffixi.o
        94          0          0          0          0         92   fflti.o
       176          4          0          0          0         80   fmul.o
         0          0          0          0          0          0   usenofp.o

    ----------------------------------------------------------------------
      2824        252         64          0         96      56365   Library Totals
        34          4          0          0          0          0   (incl. Padding)

    ----------------------------------------------------------------------

      Code (inc. data)   RO Data    RW Data    ZI Data      Debug   Library Name

      1380         22          0          0         96        908   c_p.l
       712        212          0          0          0      55125   driverlib.a
       698         14         64          0          0        332   fz_ps.l

    ----------------------------------------------------------------------
      2824        252         64          0         96      56365   Library Totals

    ----------------------------------------------------------------------

==============================================================================


      Code (inc. data)   RO Data    RW Data    ZI Data      Debug   

      8508        850       2468          4       4388     164568   Grand Totals
      8508        850       2468          4       4388     164568   ELF Image Totals
      8508        850       2468          4          0          0   ROM Totals

==============================================================================

    Total RO  Size (Code + RO Data)                10976 (  10.72kB)
    Total RW  Size (RW Data + ZI Data)              4392 (   4.29kB)
    Total ROM Size (Code + RO Data + RW Data)      10980 (  10.72kB)

==============================================================================

