Component: Arm Compiler for Embedded 6.21 Tool: armlink [5ec1fa00]

==============================================================================

Section Cross References

    startup_mspm0g350x_uvision.o(STACK) refers (Special) to heapauxi.o(.text) for __use_two_region_memory
    startup_mspm0g350x_uvision.o(HEAP) refers (Special) to heapauxi.o(.text) for __use_two_region_memory
    startup_mspm0g350x_uvision.o(RESET) refers (Special) to heapauxi.o(.text) for __use_two_region_memory
    startup_mspm0g350x_uvision.o(RESET) refers to startup_mspm0g350x_uvision.o(STACK) for __initial_sp
    startup_mspm0g350x_uvision.o(RESET) refers to startup_mspm0g350x_uvision.o(.text) for Reset_Handler
    startup_mspm0g350x_uvision.o(RESET) refers to empty.o(.text.HardFault_Handler) for HardFault_Handler
    startup_mspm0g350x_uvision.o(RESET) refers to empty.o(.text.UART3_IRQHandler) for UART3_IRQHandler
    startup_mspm0g350x_uvision.o(RESET) refers to bsp_uart.o(.text.UART1_IRQHandler) for UART1_IRQHandler
    startup_mspm0g350x_uvision.o(RESET) refers to jy60_usart.o(.text.UART2_IRQHandler) for UART2_IRQHandler
    startup_mspm0g350x_uvision.o(RESET) refers to empty.o(.text.UART0_IRQHandler) for UART0_IRQHandler
    startup_mspm0g350x_uvision.o(RESET) refers to empty.o(.text.TIMA0_IRQHandler) for TIMA0_IRQHandler
    startup_mspm0g350x_uvision.o(.text) refers (Special) to heapauxi.o(.text) for __use_two_region_memory
    startup_mspm0g350x_uvision.o(.text) refers to __main.o(!!!main) for __main
    startup_mspm0g350x_uvision.o(.text) refers to startup_mspm0g350x_uvision.o(HEAP) for Heap_Mem
    startup_mspm0g350x_uvision.o(.text) refers to startup_mspm0g350x_uvision.o(STACK) for Stack_Mem
    ti_msp_dl_config.o(.text.SYSCFG_DL_init) refers to ti_msp_dl_config.o(.text.SYSCFG_DL_initPower) for SYSCFG_DL_initPower
    ti_msp_dl_config.o(.text.SYSCFG_DL_init) refers to ti_msp_dl_config.o(.text.SYSCFG_DL_GPIO_init) for SYSCFG_DL_GPIO_init
    ti_msp_dl_config.o(.text.SYSCFG_DL_init) refers to ti_msp_dl_config.o(.text.SYSCFG_DL_SYSCTL_init) for SYSCFG_DL_SYSCTL_init
    ti_msp_dl_config.o(.text.SYSCFG_DL_init) refers to ti_msp_dl_config.o(.text.SYSCFG_DL_PWM_Motor_init) for SYSCFG_DL_PWM_Motor_init
    ti_msp_dl_config.o(.text.SYSCFG_DL_init) refers to ti_msp_dl_config.o(.text.SYSCFG_DL_ENCODER1_init) for SYSCFG_DL_ENCODER1_init
    ti_msp_dl_config.o(.text.SYSCFG_DL_init) refers to ti_msp_dl_config.o(.text.SYSCFG_DL_TIMER_0_init) for SYSCFG_DL_TIMER_0_init
    ti_msp_dl_config.o(.text.SYSCFG_DL_init) refers to ti_msp_dl_config.o(.text.SYSCFG_DL_UART_0_init) for SYSCFG_DL_UART_0_init
    ti_msp_dl_config.o(.text.SYSCFG_DL_init) refers to ti_msp_dl_config.o(.text.SYSCFG_DL_UART_1_init) for SYSCFG_DL_UART_1_init
    ti_msp_dl_config.o(.text.SYSCFG_DL_init) refers to ti_msp_dl_config.o(.text.SYSCFG_DL_UART_2_init) for SYSCFG_DL_UART_2_init
    ti_msp_dl_config.o(.text.SYSCFG_DL_init) refers to ti_msp_dl_config.o(.text.SYSCFG_DL_UART_3_init) for SYSCFG_DL_UART_3_init
    ti_msp_dl_config.o(.text.SYSCFG_DL_init) refers to ti_msp_dl_config.o(.text.SYSCFG_DL_ADC1_init) for SYSCFG_DL_ADC1_init
    ti_msp_dl_config.o(.text.SYSCFG_DL_init) refers to ti_msp_dl_config.o(.text.SYSCFG_DL_SYSTICK_init) for SYSCFG_DL_SYSTICK_init
    ti_msp_dl_config.o(.text.SYSCFG_DL_init) refers to ti_msp_dl_config.o(.bss.gENCODER1Backup) for gENCODER1Backup
    ti_msp_dl_config.o(.text.SYSCFG_DL_init) refers to ti_msp_dl_config.o(.bss.gPWM_MotorBackup) for gPWM_MotorBackup
    ti_msp_dl_config.o(.text.SYSCFG_DL_init) refers to ti_msp_dl_config.o(.bss.gTIMER_0Backup) for gTIMER_0Backup
    ti_msp_dl_config.o(.text.SYSCFG_DL_init) refers to ti_msp_dl_config.o(.bss.gUART_3Backup) for gUART_3Backup
    ti_msp_dl_config.o(.ARM.exidx.text.SYSCFG_DL_init) refers to ti_msp_dl_config.o(.text.SYSCFG_DL_init) for [Anonymous Symbol]
    ti_msp_dl_config.o(.text.SYSCFG_DL_initPower) refers to dl_common.o(.text.DL_Common_delayCycles) for DL_Common_delayCycles
    ti_msp_dl_config.o(.ARM.exidx.text.SYSCFG_DL_initPower) refers to ti_msp_dl_config.o(.text.SYSCFG_DL_initPower) for [Anonymous Symbol]
    ti_msp_dl_config.o(.ARM.exidx.text.SYSCFG_DL_GPIO_init) refers to ti_msp_dl_config.o(.text.SYSCFG_DL_GPIO_init) for [Anonymous Symbol]
    ti_msp_dl_config.o(.ARM.exidx.text.SYSCFG_DL_SYSCTL_init) refers to ti_msp_dl_config.o(.text.SYSCFG_DL_SYSCTL_init) for [Anonymous Symbol]
    ti_msp_dl_config.o(.text.SYSCFG_DL_PWM_Motor_init) refers to dl_timer.o(.text.DL_Timer_setClockConfig) for DL_Timer_setClockConfig
    ti_msp_dl_config.o(.text.SYSCFG_DL_PWM_Motor_init) refers to dl_timer.o(.text.DL_Timer_initPWMMode) for DL_Timer_initPWMMode
    ti_msp_dl_config.o(.text.SYSCFG_DL_PWM_Motor_init) refers to dl_timer.o(.text.DL_Timer_setCaptureCompareValue) for DL_Timer_setCaptureCompareValue
    ti_msp_dl_config.o(.text.SYSCFG_DL_PWM_Motor_init) refers to dl_timer.o(.text.DL_Timer_setCaptureCompareOutCtl) for DL_Timer_setCaptureCompareOutCtl
[...]
    [Anonymous Symbol]                       0x00000a7c   Section        0  dl_adc12.o(.text.DL_ADC12_setClockConfig)
    __arm_cp.0_0                             0x00000ab4   Number         4  dl_adc12.o(.text.DL_ADC12_setClockConfig)
    __arm_cp.0_1                             0x00000ab8   Number         4  dl_adc12.o(.text.DL_ADC12_setClockConfig)
    [Anonymous Symbol]                       0x00000abc   Section        0  dl_common.o(.text.DL_Common_delayCycles)
    [Anonymous Symbol]                       0x00000ac8   Section        0  dl_timer.o(.text.DL_Timer_initPWMMode)
    __arm_cp.11_1                            0x00000b74   Number         4  dl_timer.o(.text.DL_Timer_initPWMMode)
    __arm_cp.11_2                            0x00000b78   Number         4  dl_timer.o(.text.DL_Timer_initPWMMode)
    __arm_cp.11_3                            0x00000b7c   Number         4  dl_timer.o(.text.DL_Timer_initPWMMode)
    __arm_cp.11_4                            0x00000b80   Number         4  dl_timer.o(.text.DL_Timer_initPWMMode)
    __arm_cp.11_6                            0x00000b84   Number         4  dl_timer.o(.text.DL_Timer_initPWMMode)
    [Anonymous Symbol]                       0x00000b88   Section        0  dl_timer.o(.text.DL_Timer_initTimerMode)
    __arm_cp.2_0                             0x00000c68   Number         4  dl_timer.o(.text.DL_Timer_initTimerMode)
    __arm_cp.2_1                             0x00000c6c   Number         4  dl_timer.o(.text.DL_Timer_initTimerMode)
    __arm_cp.2_2                             0x00000c70   Number         4  dl_timer.o(.text.DL_Timer_initTimerMode)
    __arm_cp.2_3                             0x00000c74   Number         4  dl_timer.o(.text.DL_Timer_initTimerMode)
    [Anonymous Symbol]                       0x00000c78   Section        0  dl_timer.o(.text.DL_Timer_setCaptCompUpdateMethod)
    __arm_cp.18_0                            0x00000c90   Number         4  dl_timer.o(.text.DL_Timer_setCaptCompUpdateMethod)
    [Anonymous Symbol]                       0x00000c94   Section        0  dl_timer.o(.text.DL_Timer_setCaptureCompareOutCtl)
    __arm_cp.13_0                            0x00000ca8   Number         4  dl_timer.o(.text.DL_Timer_setCaptureCompareOutCtl)
    [Anonymous Symbol]                       0x00000cac   Section        0  dl_timer.o(.text.DL_Timer_setCaptureCompareValue)
    __arm_cp.3_0                             0x00000cb8   Number         4  dl_timer.o(.text.DL_Timer_setCaptureCompareValue)
    [Anonymous Symbol]                       0x00000cbc   Section        0  dl_timer.o(.text.DL_Timer_setClockConfig)
    __arm_cp.0_0                             0x00000cd4   Number         4  dl_timer.o(.text.DL_Timer_setClockConfig)
    [Anonymous Symbol]                       0x00000cd8   Section        0  dl_uart.o(.text.DL_UART_init)
    __arm_cp.0_0                             0x00000d18   Number         4  dl_uart.o(.text.DL_UART_init)
    __arm_cp.0_1                             0x00000d1c   Number         4  dl_uart.o(.text.DL_UART_init)
    [Anonymous Symbol]                       0x00000d20   Section        0  dl_uart.o(.text.DL_UART_setClockConfig)
    [Anonymous Symbol]                       0x00000d34   Section        0  encoder.o(.text.Encoder_AccumulateDistance)
    [Anonymous Symbol]                       0x00000d40   Section        0  encoder.o(.text.Encoder_GetDelta)
    __arm_cp.0_0                             0x00000d4c   Number         4  encoder.o(.text.Encoder_GetDelta)
    [Anonymous Symbol]                       0x00000d50   Section        0  encoder.o(.text.Encoder_GetTotalDistance_mm)
    __arm_cp.2_1                             0x00000d6c   Number         4  encoder.o(.text.Encoder_GetTotalDistance_mm)
    [Anonymous Symbol]                       0x00000d70   Section        0  encoder.o(.text.Encoder_ResetDistance)
    __arm_cp.3_0                             0x00000d80   Number         4  encoder.o(.text.Encoder_ResetDistance)
    [Anonymous Symbol]                       0x00000d84   Section        0  empty.o(.text.HardFault_Handler)
    [Anonymous Symbol]                       0x00000da0   Section        0  k230_receiver.o(.text.K230_FeedByte)
    [Anonymous Symbol]                       0x00000fcc   Section        0  k230_receiver.o(.text.K230_Init)
    __arm_cp.0_0                             0x00001000   Number         4  k230_receiver.o(.text.K230_Init)
    __arm_cp.0_1                             0x00001004   Number         4  k230_receiver.o(.text.K230_Init)
    __arm_cp.0_2                             0x00001008   Number         4  k230_receiver.o(.text.K230_Init)
    __arm_cp.0_3                             0x0000100c   Number         4  k230_receiver.o(.text.K230_Init)
    [Anonymous Symbol]                       0x00001010   Section        0  key.o(.text.Key4_GetNum)
    [Anonymous Symbol]                       0x0000104c   Section        0  key.o(.text.Key5_GetNum)
    __arm_cp.4_0                             0x00001088   Number         4  key.o(.text.Key5_GetNum)
    [Anonymous Symbol]                       0x0000108c   Section        0  key.o(.text.Key6_GetNum)
    __arm_cp.5_0                             0x000010c8   Number         4  key.o(.text.Key6_GetNum)
    [Anonymous Symbol]                       0x000010cc   Section        0  motor.o(.text.Left_Motor_SetPWM)
    [Anonymous Symbol]                       0x000010f0   Section        0  oled.o(.text.OLED_Clear)
    [Anonymous Symbol]                       0x00001204   Section        0  oled.o(.text.OLED_I2C_SendByte)
    __arm_cp.4_0                             0x00001354   Number         4  oled.o(.text.OLED_I2C_SendByte)
    [Anonymous Symbol]                       0x00001358   Section        0  oled.o(.text.OLED_Init)
    [Anonymous Symbol]                       0x000013ec   Section        0  oled.o(.text.OLED_ShowChar)
    __arm_cp.9_0                             0x000014a8   Number         4  oled.o(.text.OLED_ShowChar)
    __arm_cp.9_1                             0x000014ac   Number         4  oled.o(.text.OLED_ShowChar)
    [Anonymous Symbol]                       0x000014b0   Section        0  oled.o(.text.OLED_ShowNum)
    __arm_cp.12_0                            0x0000153c   Number         4  oled.o(.text.OLED_ShowNum)
    [Anonymous Symbol]                       0x00001540   Section        0  oled.o(.text.OLED_ShowString)
    [Anonymous Symbol]                       0x0000156c   Section        0  oled.o(.text.OLED_WriteCommand)
    __arm_cp.5_0                             0x000015c8   Number         4  oled.o(.text.OLED_WriteCommand)
    [Anonymous Symbol]                       0x000015cc   Section        0  oled.o(.text.OLED_WriteData)
    [Anonymous Symbol]                       0x00001628   Section        0  pwm.o(.text.PWM_SetCompare1)
    [Anonymous Symbol]                       0x00001638   Section        0  pwm.o(.text.PWM_SetCompare2)
    [Anonymous Symbol]                       0x00001648   Section        0  motor.o(.text.Right_Motor_SetPWM)
    __arm_cp.1_0                             0x00001670   Number         4  motor.o(.text.Right_Motor_SetPWM)
    [Anonymous Symbol]                       0x00001674   Section        0  ti_msp_dl_config.o(.text.SYSCFG_DL_ADC1_init)
    __arm_cp.11_0                            0x000016ac   Number         4  ti_msp_dl_config.o(.text.SYSCFG_DL_ADC1_init)
    __arm_cp.11_1                            0x000016b0   Number         4  ti_msp_dl_config.o(.text.SYSCFG_DL_ADC1_init)
    __arm_cp.11_2                            0x000016b4   Number         4  ti_msp_dl_config.o(.text.SYSCFG_DL_ADC1_init)
    __arm_cp.11_3                            0x000016b8   Number         4  ti_msp_dl_config.o(.text.SYSCFG_DL_ADC1_init)
    __arm_cp.11_4                            0x000016bc   Number         4  ti_msp_dl_config.o(.text.SYSCFG_DL_ADC1_init)
    __arm_cp.11_5                            0x000016c0   Number         4  ti_msp_dl_config.o(.text.SYSCFG_DL_ADC1_init)
    [Anonymous Symbol]                       0x000016c4   Section        0  ti_msp_dl_config.o(.text.SYSCFG_DL_ENCODER1_init)
    __arm_cp.5_0                             0x000016f8   Number         4  ti_msp_dl_config.o(.text.SYSCFG_DL_ENCODER1_init)
    __arm_cp.5_1                             0x000016fc   Number         4  ti_msp_dl_config.o(.text.SYSCFG_DL_ENCODER1_init)
    __arm_cp.5_2                             0x00001700   Number         4  ti_msp_dl_config.o(.text.SYSCFG_DL_ENCODER1_init)
    __arm_cp.5_3                             0x00001704   Number         4  ti_msp_dl_config.o(.text.SYSCFG_DL_ENCODER1_init)
    __arm_cp.5_4                             0x00001708   Number         4  ti_msp_dl_config.o(.text.SYSCFG_DL_ENCODER1_init)
    __arm_cp.5_5                             0x0000170c   Number         4  ti_msp_dl_config.o(.text.SYSCFG_DL_ENCODER1_init)
    __arm_cp.5_6                             0x00001710   Number         4  ti_msp_dl_config.o(.text.SYSCFG_DL_ENCODER1_init)
    __arm_cp.5_7                             0x00001714   Number         4  ti_msp_dl_config.o(.text.SYSCFG_DL_ENCODER1_init)
    [Anonymous Symbol]                       0x00001718   Section        0  ti_msp_dl_config.o(.text.SYSCFG_DL_GPIO_init)
    __arm_cp.2_0                             0x00001794   Number         4  ti_msp_dl_config.o(.text.SYSCFG_DL_GPIO_init)
    __arm_cp.2_1                             0x00001798   Number         4  ti_msp_dl_config.o(.text.SYSCFG_DL_GPIO_init)
    __arm_cp.2_2                             0x0000179c   Number         4  ti_msp_dl_config.o(.text.SYSCFG_DL_GPIO_init)
    __arm_cp.2_3                             0x000017a0   Number         4  ti_msp_dl_config.o(.text.SYSCFG_DL_GPIO_init)
    __arm_cp.2_4                             0x000017a4   Number         4  ti_msp_dl_config.o(.text.SYSCFG_DL_GPIO_init)
    __arm_cp.2_5                             0x000017a8   Number         4  ti_msp_dl_config.o(.text.SYSCFG_DL_GPIO_init)
    [Anonymous Symbol]                       0x000017ac   Section        0  ti_msp_dl_config.o(.text.SYSCFG_DL_PWM_Motor_init)
    __arm_cp.4_0                             0x0000181c   Number         4  ti_msp_dl_config.o(.text.SYSCFG_DL_PWM_Motor_init)
    __arm_cp.4_1                             0x00001820   Number         4  ti_msp_dl_config.o(.text.SYSCFG_DL_PWM_Motor_init)
    __arm_cp.4_2                             0x00001824   Number         4  ti_msp_dl_config.o(.text.SYSCFG_DL_PWM_Motor_init)
    __arm_cp.4_3                             0x00001828   Number         4  ti_msp_dl_config.o(.text.SYSCFG_DL_PWM_Motor_init)
    [Anonymous Symbol]                       0x0000182c   Section        0  ti_msp_dl_config.o(.text.SYSCFG_DL_SYSCTL_init)
    __arm_cp.3_0                             0x00001860   Number         4  ti_msp_dl_config.o(.text.SYSCFG_DL_SYSCTL_init)
    __arm_cp.3_1                             0x00001864   Number         4  ti_msp_dl_config.o(.text.SYSCFG_DL_SYSCTL_init)
    [Anonymous Symbol]                       0x00001868   Section        0  ti_msp_dl_config.o(.text.SYSCFG_DL_SYSTICK_init)
    __arm_cp.12_0                            0x00001880   Number         4  ti_msp_dl_config.o(.text.SYSCFG_DL_SYSTICK_init)
    [Anonymous Symbol]                       0x00001884   Section        0  ti_msp_dl_config.o(.text.SYSCFG_DL_TIMER_0_init)
    __arm_cp.6_0                             0x000018bc   Number         4  ti_msp_dl_config.o(.text.SYSCFG_DL_TIMER_0_init)
    __arm_cp.6_1                             0x000018c0   Number         4  ti_msp_dl_config.o(.text.SYSCFG_DL_TIMER_0_init)
    __arm_cp.6_2                             0x000018c4   Number         4  ti_msp_dl_config.o(.text.SYSCFG_DL_TIMER_0_init)
    __arm_cp.6_3                             0x000018c8   Number         4  ti_msp_dl_config.o(.text.SYSCFG_DL_TIMER_0_init)
    __arm_cp.6_4                             0x000018cc   Number         4  ti_msp_dl_config.o(.text.SYSCFG_DL_TIMER_0_init)
    __arm_cp.6_5                             0x000018d0   Number         4  ti_msp_dl_config.o(.text.SYSCFG_DL_TIMER_0_init)
    [Anonymous Symbol]                       0x000018d4   Section        0  ti_msp_dl_config.o(.text.SYSCFG_DL_UART_0_init)
    __arm_cp.7_0                             0x0000194c   Number         4  ti_msp_dl_config.o(.text.SYSCFG_DL_UART_0_init)
    __arm_cp.7_1                             0x00001950   Number         4  ti_msp_dl_config.o(.text.SYSCFG_DL_UART_0_init)
    __arm_cp.7_2                             0x00001954   Number         4  ti_msp_dl_config.o(.text.SYSCFG_DL_UART_0_init)
    __arm_cp.7_3                             0x00001958   Number         4  ti_msp_dl_config.o(.text.SYSCFG_DL_UART_0_init)
    __arm_cp.7_5                             0x0000195c   Number         4  ti_msp_dl_config.o(.text.SYSCFG_DL_UART_0_init)
    [Anonymous Symbol]                       0x00001960   Section        0  ti_msp_dl_config.o(.text.SYSCFG_DL_UART_1_init)
    __arm_cp.8_0                             0x000019d8   Number         4  ti_msp_dl_config.o(.text.SYSCFG_DL_UART_1_init)
    __arm_cp.8_1                             0x000019dc   Number         4  ti_msp_dl_config.o(.text.SYSCFG_DL_UART_1_init)
    __arm_cp.8_2                             0x000019e0   Number         4  ti_msp_dl_config.o(.text.SYSCFG_DL_UART_1_init)
    __arm_cp.8_3                             0x000019e4   Number         4  ti_msp_dl_config.o(.text.SYSCFG_DL_UART_1_init)
    __arm_cp.8_5                             0x000019e8   Number         4  ti_msp_dl_config.o(.text.SYSCFG_DL_UART_1_init)
    [Anonymous Symbol]                       0x000019ec   Section        0  ti_msp_dl_config.o(.text.SYSCFG_DL_UART_2_init)
    __arm_cp.9_0                             0x00001a60   Number         4  ti_msp_dl_config.o(.text.SYSCFG_DL_UART_2_init)
    __arm_cp.9_1                             0x00001a64   Number         4  ti_msp_dl_config.o(.text.SYSCFG_DL_UART_2_init)
    __arm_cp.9_2                             0x00001a68   Number         4  ti_msp_dl_config.o(.text.SYSCFG_DL_UART_2_init)
    __arm_cp.9_3                             0x00001a6c   Number         4  ti_msp_dl_config.o(.text.SYSCFG_DL_UART_2_init)
    __arm_cp.9_5                             0x00001a70   Number         4  ti_msp_dl_config.o(.text.SYSCFG_DL_UART_2_init)
    __arm_cp.9_6                             0x00001a74   Number         4  ti_msp_dl_config.o(.text.SYSCFG_DL_UART_2_init)
    [Anonymous Symbol]                       0x00001a78   Section        0  ti_msp_dl_config.o(.text.SYSCFG_DL_UART_3_init)
    __arm_cp.10_0                            0x00001af0   Number         4  ti_msp_dl_config.o(.text.SYSCFG_DL_UART_3_init)
    __arm_cp.10_1                            0x00001af4   Number         4  ti_msp_dl_config.o(.text.SYSCFG_DL_UART_3_init)
    __arm_cp.10_2                            0x00001af8   Number         4  ti_msp_dl_config.o(.text.SYSCFG_DL_UART_3_init)
    __arm_cp.10_3                            0x00001afc   Number         4  ti_msp_dl_config.o(.text.SYSCFG_DL_UART_3_init)
    __arm_cp.10_4                            0x00001b00   Number         4  ti_msp_dl_config.o(.text.SYSCFG_DL_UART_3_init)
    __arm_cp.10_5                            0x00001b04   Number         4  ti_msp_dl_config.o(.text.SYSCFG_DL_UART_3_init)
    [Anonymous Symbol]                       0x00001b08   Section        0  ti_msp_dl_config.o(.text.SYSCFG_DL_init)
    __arm_cp.0_0                             0x00001b54   Number         4  ti_msp_dl_config.o(.text.SYSCFG_DL_init)
    __arm_cp.0_1                             0x00001b58   Number         4  ti_msp_dl_config.o(.text.SYSCFG_DL_init)
    __arm_cp.0_2                             0x00001b5c   Number         4  ti_msp_dl_config.o(.text.SYSCFG_DL_init)
    __arm_cp.0_3                             0x00001b60   Number         4  ti_msp_dl_config.o(.text.SYSCFG_DL_init)
    [Anonymous Symbol]                       0x00001b64   Section        0  ti_msp_dl_config.o(.text.SYSCFG_DL_initPower)
    __arm_cp.1_0                             0x00001bbc   Number         4  ti_msp_dl_config.o(.text.SYSCFG_DL_initPower)
    __arm_cp.1_1                             0x00001bc0   Number         4  ti_msp_dl_config.o(.text.SYSCFG_DL_initPower)
    __arm_cp.1_2                             0x00001bc4   Number         4  ti_msp_dl_config.o(.text.SYSCFG_DL_initPower)
    __arm_cp.1_3                             0x00001bc8   Number         4  ti_msp_dl_config.o(.text.SYSCFG_DL_initPower)
    __arm_cp.1_4                             0x00001bcc   Number         4  ti_msp_dl_config.o(.text.SYSCFG_DL_initPower)
    __arm_cp.1_5                             0x00001bd0   Number         4  ti_msp_dl_config.o(.text.SYSCFG_DL_initPower)
    __arm_cp.1_6                             0x00001bd4   Number         4  ti_msp_dl_config.o(.text.SYSCFG_DL_initPower)
    __arm_cp.1_7                             0x00001bd8   Number         4  ti_msp_dl_config.o(.text.SYSCFG_DL_initPower)
    __arm_cp.1_8                             0x00001bdc   Number         4  ti_msp_dl_config.o(.text.SYSCFG_DL_initPower)
    __arm_cp.1_9                             0x00001be0   Number         4  ti_msp_dl_config.o(.text.SYSCFG_DL_initPower)
    __arm_cp.1_10                            0x00001be4   Number         4  ti_msp_dl_config.o(.text.SYSCFG_DL_initPower)
    __arm_cp.1_11                            0x00001be8   Number         4  ti_msp_dl_config.o(.text.SYSCFG_DL_initPower)
    [Anonymous Symbol]                       0x00001bec   Section        0  empty.o(.text.Set_Targets_Via_Keys)
    __arm_cp.12_0                            0x00001c74   Number         4  empty.o(.text.Set_Targets_Via_Keys)
    [Anonymous Symbol]                       0x00001c7c   Section        0  empty.o(.text.TIMA0_IRQHandler)
    __arm_cp.8_0                             0x00001c9c   Number         4  empty.o(.text.TIMA0_IRQHandler)
    __arm_cp.8_1                             0x00001ca0   Number         4  empty.o(.text.TIMA0_IRQHandler)
    [Anonymous Symbol]                       0x00001ca4   Section        0  empty.o(.text.UART0_IRQHandler)
    __arm_cp.9_0                             0x00001cc8   Number         4  empty.o(.text.UART0_IRQHandler)
    __arm_cp.9_1                             0x00001ccc   Number         4  empty.o(.text.UART0_IRQHandler)
    __arm_cp.9_2                             0x00001cd0   Number         4  empty.o(.text.UART0_IRQHandler)
    [Anonymous Symbol]                       0x00001cd4   Section        0  bsp_uart.o(.text.UART1_IRQHandler)
    __arm_cp.4_0                             0x00001d48   Number         4  bsp_uart.o(.text.UART1_IRQHandler)
    __arm_cp.4_2                             0x00001d4c   Number         4  bsp_uart.o(.text.UART1_IRQHandler)
    __arm_cp.4_3                             0x00001d50   Number         4  bsp_uart.o(.text.UART1_IRQHandler)
    __arm_cp.4_4                             0x00001d54   Number         4  bsp_uart.o(.text.UART1_IRQHandler)
    __arm_cp.4_5                             0x00001d58   Number         4  bsp_uart.o(.text.UART1_IRQHandler)
    [Anonymous Symbol]                       0x00001d5c   Section        0  jy60_usart.o(.text.UART2_IRQHandler)
    __arm_cp.2_0                             0x00001dd0   Number         4  jy60_usart.o(.text.UART2_IRQHandler)
    __arm_cp.2_1                             0x00001dd4   Number         4  jy60_usart.o(.text.UART2_IRQHandler)
    __arm_cp.2_2                             0x00001dd8   Number         4  jy60_usart.o(.text.UART2_IRQHandler)
    __arm_cp.2_3                             0x00001ddc   Number         4  jy60_usart.o(.text.UART2_IRQHandler)
    __arm_cp.2_4                             0x00001de0   Number         4  jy60_usart.o(.text.UART2_IRQHandler)
    __arm_cp.2_5                             0x00001de4   Number         4  jy60_usart.o(.text.UART2_IRQHandler)
    [Anonymous Symbol]                       0x00001de8   Section        0  empty.o(.text.UART3_IRQHandler)
    __arm_cp.10_0                            0x00001e0c   Number         4  empty.o(.text.UART3_IRQHandler)
    __arm_cp.10_1                            0x00001e10   Number         4  empty.o(.text.UART3_IRQHandler)
    __arm_cp.10_2                            0x00001e14   Number         4  empty.o(.text.UART3_IRQHandler)
    [Anonymous Symbol]                       0x00001e18   Section        0  bfs.o(.text.compute_turn_sequence)
    __arm_cp.6_0                             0x00001fec   Number         4  bfs.o(.text.compute_turn_sequence)
    __arm_cp.6_1                             0x00001ff0   Number         4  bfs.o(.text.compute_turn_sequence)
    [Anonymous Symbol]                       0x00001ff4   Section        0  board.o(.text.delay_ms)
    [Anonymous Symbol]                       0x00002034   Section        0  board.o(.text.delay_us)
    __arm_cp.0_0                             0x00002070   Number         4  board.o(.text.delay_us)
    [Anonymous Symbol]                       0x00002074   Section        0  bfs.o(.text.init_map)
    __arm_cp.0_0                             0x00002140   Number         4  bfs.o(.text.init_map)
    [Anonymous Symbol]                       0x00002144   Section        0  empty.o(.text.main)
    __arm_cp.11_0                            0x000024d4   Number         4  empty.o(.text.main)
    __arm_cp.11_1                            0x000024d8   Number         4  empty.o(.text.main)
    __arm_cp.11_2                            0x000024dc   Number         4  empty.o(.text.main)
    __arm_cp.11_3                            0x000024e0   Number         4  empty.o(.text.main)
    __arm_cp.11_4                            0x000024e4   Number         4  empty.o(.text.main)
    __arm_cp.11_5                            0x000024e8   Number         4  empty.o(.text.main)
    __arm_cp.11_6                            0x000024ec   Number         4  empty.o(.text.main)
    __arm_cp.11_7                            0x000024f0   Number         4  empty.o(.text.main)
    __arm_cp.11_8                            0x000024f4   Number         4  empty.o(.text.main)
    __arm_cp.11_9                            0x000024f8   Number         4  empty.o(.text.main)
    __arm_cp.11_10                           0x000024fc   Number         4  empty.o(.text.main)
    __arm_cp.11_12                           0x00002508   Number         4  empty.o(.text.main)
    __arm_cp.11_13                           0x0000250c   Number         4  empty.o(.text.main)
    __arm_cp.11_14                           0x00002510   Number         4  empty.o(.text.main)
    __arm_cp.11_15                           0x00002514   Number         4  empty.o(.text.main)
    __arm_cp.11_16                           0x00002518   Number         4  empty.o(.text.main)
    __arm_cp.11_17                           0x0000251c   Number         4  empty.o(.text.main)
    __arm_cp.11_18                           0x00002520   Number         4  empty.o(.text.main)
    __arm_cp.11_19                           0x00002524   Number         4  empty.o(.text.main)
    __arm_cp.11_20                           0x00002528   Number         4  empty.o(.text.main)
    __arm_cp.11_21                           0x0000252c   Number         4  empty.o(.text.main)
    __arm_cp.11_22                           0x00002530   Number         4  empty.o(.text.main)
    __arm_cp.11_23                           0x00002534   Number         4  empty.o(.text.main)
    __arm_cp.11_24                           0x00002538   Number         4  empty.o(.text.main)
    __arm_cp.11_25                           0x0000253c   Number         4  empty.o(.text.main)
    __arm_cp.11_26                           0x00002540   Number         4  empty.o(.text.main)
    __arm_cp.11_27                           0x00002544   Number         4  empty.o(.text.main)
    __arm_cp.11_28                           0x00002548   Number         4  empty.o(.text.main)
    __arm_cp.11_29                           0x0000254c   Number         4  empty.o(.text.main)
    [Anonymous Symbol]                       0x00002550   Section        0  bfs.o(.text.store_targets)
    __arm_cp.2_0                             0x000025cc   Number         4  bfs.o(.text.store_targets)
    __arm_cp.2_1                             0x000025d0   Number         4  bfs.o(.text.store_targets)
    __arm_cp.2_2                             0x000025d4   Number         4  bfs.o(.text.store_targets)
    __arm_cp.2_3                             0x000025d8   Number         4  bfs.o(.text.store_targets)
    __arm_cp.2_4                             0x000025dc   Number         4  bfs.o(.text.store_targets)
    __arm_cp.2_5                             0x000025e0   Number         4  bfs.o(.text.store_targets)
    .text_divfast                            0x000025e4   Section      502  aeabi_sdivfast.o(.text_divfast)
    i._fgeq                                  0x000027da   Section        0  fcmp.o(i._fgeq)
    i._fgr                                   0x000027f0   Section        0  fcmp.o(i._fgr)
    i._fls                                   0x00002806   Section        0  fcmp.o(i._fls)
    locale$$code                             0x0000281c   Section       44  lc_ctype_c.o(locale$$code)
    x$fpl$fadd                               0x00002848   Section      140  faddsub.o(x$fpl$fadd)
    _fadd1                                   0x00002855   Thumb Code     0  faddsub.o(x$fpl$fadd)
    x$fpl$fgeqf                              0x000028d4   Section       84  fgef.o(x$fpl$fgeqf)
    x$fpl$fleqf                              0x00002928   Section       84  flef.o(x$fpl$fleqf)
    x$fpl$fmul                               0x0000297c   Section      176  fmul.o(x$fpl$fmul)
    x$fpl$fsub                               0x00002a2c   Section      208  faddsub.o(x$fpl$fsub)
    _fsub1                                   0x00002a39   Thumb Code     0  faddsub.o(x$fpl$fsub)
    [Anonymous Symbol]                       0x00002afc   Section        0  bfs.o(.rodata..Lswitch.table.compute_turn_sequence.4)
    x$fpl$usenofp                            0x00002afc   Section        0  usenofp.o(x$fpl$usenofp)
    [Anonymous Symbol]                       0x00002b24   Section        0  bfs.o(.rodata..Lswitch.table.compute_turn_sequence.5)
    [Anonymous Symbol]                       0x00002b4c   Section        0  bfs.o(.rodata..Lswitch.table.store_targets)
    [Anonymous Symbol]                       0x00002b56   Section        0  bfs.o(.rodata..Lswitch.table.store_targets.2)
    [Anonymous Symbol]                       0x00003150   Section        0  empty.o(.rodata.cst16)
    [Anonymous Symbol]                       0x00003160   Section        0  empty.o(.rodata.cst8)
    gADC1ClockConfig                         0x00003170   Data           8  ti_msp_dl_config.o(.rodata.gADC1ClockConfig)
    [Anonymous Symbol]                       0x00003170   Section        0  ti_msp_dl_config.o(.rodata.gADC1ClockConfig)
    gENCODER1ClockConfig                     0x00003178   Data           3  ti_msp_dl_config.o(.rodata.gENCODER1ClockConfig)
    [Anonymous Symbol]                       0x00003178   Section        0  ti_msp_dl_config.o(.rodata.gENCODER1ClockConfig)
    gPWM_MotorClockConfig                    0x0000317b   Data           3  ti_msp_dl_config.o(.rodata.gPWM_MotorClockConfig)
    [Anonymous Symbol]                       0x0000317b   Section        0  ti_msp_dl_config.o(.rodata.gPWM_MotorClockConfig)
    gPWM_MotorConfig                         0x00003180   Data           8  ti_msp_dl_config.o(.rodata.gPWM_MotorConfig)
    [Anonymous Symbol]                       0x00003180   Section        0  ti_msp_dl_config.o(.rodata.gPWM_MotorConfig)
    gTIMER_0ClockConfig                      0x00003188   Data           3  ti_msp_dl_config.o(.rodata.gTIMER_0ClockConfig)
    [Anonymous Symbol]                       0x00003188   Section        0  ti_msp_dl_config.o(.rodata.gTIMER_0ClockConfig)
    gTIMER_0TimerConfig                      0x0000318c   Data          20  ti_msp_dl_config.o(.rodata.gTIMER_0TimerConfig)
    [Anonymous Symbol]                       0x0000318c   Section        0  ti_msp_dl_config.o(.rodata.gTIMER_0TimerConfig)
    gUART_0ClockConfig                       0x000031a0   Data           2  ti_msp_dl_config.o(.rodata.gUART_0ClockConfig)
    [Anonymous Symbol]                       0x000031a0   Section        0  ti_msp_dl_config.o(.rodata.gUART_0ClockConfig)
    gUART_0Config                            0x000031a2   Data          10  ti_msp_dl_config.o(.rodata.gUART_0Config)
    [Anonymous Symbol]                       0x000031a2   Section        0  ti_msp_dl_config.o(.rodata.gUART_0Config)
    gUART_1ClockConfig                       0x000031ac   Data           2  ti_msp_dl_config.o(.rodata.gUART_1ClockConfig)
    [Anonymous Symbol]                       0x000031ac   Section        0  ti_msp_dl_config.o(.rodata.gUART_1ClockConfig)
    gUART_1Config                            0x000031ae   Data          10  ti_msp_dl_config.o(.rodata.gUART_1Config)
    [Anonymous Symbol]                       0x000031ae   Section        0  ti_msp_dl_config.o(.rodata.gUART_1Config)
    gUART_2ClockConfig                       0x000031b8   Data           2  ti_msp_dl_config.o(.rodata.gUART_2ClockConfig)
    [Anonymous Symbol]                       0x000031b8   Section        0  ti_msp_dl_config.o(.rodata.gUART_2ClockConfig)
    gUART_2Config                            0x000031ba   Data          10  ti_msp_dl_config.o(.rodata.gUART_2Config)
    [Anonymous Symbol]                       0x000031ba   Section        0  ti_msp_dl_config.o(.rodata.gUART_2Config)
    gUART_3ClockConfig                       0x000031c4   Data           2  ti_msp_dl_config.o(.rodata.gUART_3ClockConfig)
    [Anonymous Symbol]                       0x000031c4   Section        0  ti_msp_dl_config.o(.rodata.gUART_3ClockConfig)
    gUART_3Config                            0x000031c6   Data          10  ti_msp_dl_config.o(.rodata.gUART_3Config)
    [Anonymous Symbol]                       0x000031c6   Section        0  ti_msp_dl_config.o(.rodata.gUART_3Config)
    [Anonymous Symbol]                       0x000031d0   Section        0  bfs.o(.rodata.str1.1)
    locale$$data                             0x000031e8   Section      272  lc_ctype_c.o(locale$$data)
    __lcctype_c_name                         0x000031ec   Data           2  lc_ctype_c.o(locale$$data)
    __lcctype_c_start                        0x000031f4   Data           0  lc_ctype_c.o(locale$$data)
    __lcctype_c_end                          0x000032f8   Data           0  lc_ctype_c.o(locale$$data)
    .bss                                     0x20200000   Section       96  libspace.o(.bss)
    TIMA0_IRQHandler.speed_pulse_acc         0x20200060   Data           4  empty.o(.bss.TIMA0_IRQHandler.speed_pulse_acc)
    [Anonymous Symbol]                       0x20200060   Section        0  empty.o(.bss.TIMA0_IRQHandler.speed_pulse_acc)
    s_total_pulses                           0x20200414   Data           4  encoder.o(.bss.s_total_pulses)
    [Anonymous Symbol]                       0x20200414   Section        0  encoder.o(.bss.s_total_pulses)
    targets                                  0x20200418   Data          60  bfs.o(.bss.targets)
    [Anonymous Symbol]                       0x20200418   Section        0  bfs.o(.bss.targets)
    targets_i                                0x20200454   Data           1  bfs.o(.bss.targets_i)
    [Anonymous Symbol]                       0x20200454   Section        0  bfs.o(.bss.targets_i)
    targets_len                              0x20200455   Data           1  bfs.o(.bss.targets_len)
    [Anonymous Symbol]                       0x20200455   Section        0  bfs.o(.bss.targets_len)
    track.integral                           0x20200458   Data           4  empty.o(.bss.track.integral)
    [Anonymous Symbol]                       0x20200458   Section        0  empty.o(.bss.track.integral)
    uart2_buf                                0x20200560   Data         256  jy60_usart.o(.bss.uart2_buf)
    [Anonymous Symbol]                       0x20200560   Section        0  jy60_usart.o(.bss.uart2_buf)
    uart2_head                               0x20200660   Data           2  jy60_usart.o(.bss.uart2_head)
    [Anonymous Symbol]                       0x20200660   Section        0  jy60_usart.o(.bss.uart2_head)
    uart2_tail                               0x20200662   Data           2  jy60_usart.o(.bss.uart2_tail)
    [Anonymous Symbol]                       0x20200662   Section        0  jy60_usart.o(.bss.uart2_tail)
    Heap_Mem                                 0x20200668   Data           0  startup_mspm0g350x_uvision.o(HEAP)
    Stack_Mem                                0x20200668   Data        2048  startup_mspm0g350x_uvision.o(STACK)
    HEAP                                     0x20200668   Section        0  startup_mspm0g350x_uvision.o(HEAP)
    STACK                                    0x20200668   Section     2048  startup_mspm0g350x_uvision.o(STACK)
    __initial_sp                             0x20200e68   Data           0  startup_mspm0g350x_uvision.o(STACK)

    Global Symbols

    Symbol Name                              Value     Ov Type        Size  Object(Section)

    BuildAttributes$$THM_ISAv3M$S$PE$A:L22$X:L11$S22$IEEE1$IW$~IW$USESV6$~STKCKD$USESV7$~SHL$OTIME$ROPI$EBA8$UX$STANDARDLIB$REQ8$PRES8$EABIv2 0x00000000   Number         0  anon$$obj.o ABSOLUTE
    __Vectors                                0x00000000   Data           4  startup_mspm0g350x_uvision.o(RESET)
    __ARM_exceptions_init                     - Undefined Weak Reference
    __alloca_initialize                       - Undefined Weak Reference
    __arm_preinit_                            - Undefined Weak Reference
    __arm_relocate_pie_                       - Undefined Weak Reference
    __cpp_initialize__aeabi_                  - Undefined Weak Reference
    __cxa_finalize                            - Undefined Weak Reference
    __sigvec_lookup                           - Undefined Weak Reference
    _atexit_init                              - Undefined Weak Reference
    _call_atexit_fns                          - Undefined Weak Reference
    _clock_init                               - Undefined Weak Reference
    _fp_trap_init                             - Undefined Weak Reference
    _fp_trap_shutdown                         - Undefined Weak Reference
    _get_lc_collate                           - Undefined Weak Reference
    _get_lc_monetary                          - Undefined Weak Reference
    _get_lc_numeric                           - Undefined Weak Reference
    _get_lc_time                              - Undefined Weak Reference
    _getenv_init                              - Undefined Weak Reference
    _handle_redirection                       - Undefined Weak Reference
    _init_alloc                               - Undefined Weak Reference
    _init_user_alloc                          - Undefined Weak Reference
    _initio                                   - Undefined Weak Reference
    _printf_post_padding                      - Undefined Weak Reference
    _printf_pre_padding                       - Undefined Weak Reference
    _printf_truncate_signed                   - Undefined Weak Reference
    _printf_truncate_unsigned                 - Undefined Weak Reference
    _rand_init                                - Undefined Weak Reference
    _signal_finish                            - Undefined Weak Reference
    _signal_init                              - Undefined Weak Reference
    _terminate_alloc                          - Undefined Weak Reference
    _terminate_user_alloc                     - Undefined Weak Reference
    _terminateio                              - Undefined Weak Reference
    __Vectors_End                            0x000000c0   Data           0  startup_mspm0g350x_uvision.o(RESET)
    __Vectors_Size                           0x000000c0   Number         0  startup_mspm0g350x_uvision.o ABSOLUTE
    __main                                   0x000000c1   Thumb Code     8  __main.o(!!!main)
    __scatterload                            0x000000c9   Thumb Code     0  __scatter.o(!!!scatter)
    __scatterload_rt2                        0x000000c9   Thumb Code    74  __scatter.o(!!!scatter)
    __scatterload_rt2_thumb_only             0x000000c9   Thumb Code     0  __scatter.o(!!!scatter)
    __scatterload_loop                       0x000000d3   Thumb Code     0  __scatter.o(!!!scatter)
    __scatterload_null                       0x00000121   Thumb Code     2  __scatter.o(!!handler_null)
    __scatterload_zeroinit                   0x00000129   Thumb Code    28  __scatter_zi.o(!!handler_zi)
    _printf_percent                          0x00000145   Thumb Code     0  _printf_percent.o(.ARM.Collect$$_printf_percent$$00000000)
    _printf_d                                0x00000147   Thumb Code     0  _printf_d.o(.ARM.Collect$$_printf_percent$$00000009)
    _printf_percent_end                      0x00000151   Thumb Code     0  _printf_percent_end.o(.ARM.Collect$$_printf_percent$$00000017)
    __rt_lib_init                            0x00000155   Thumb Code     0  libinit.o(.ARM.Collect$$libinit$$00000000)
    __rt_lib_init_fp_1                       0x00000157   Thumb Code     0  libinit2.o(.ARM.Collect$$libinit$$00000002)
    __rt_lib_init_heap_1                     0x00000157   Thumb Code     0  libinit2.o(.ARM.Collect$$libinit$$0000000C)
    __rt_lib_init_lc_common                  0x00000157   Thumb Code     0  libinit2.o(.ARM.Collect$$libinit$$00000011)
    __rt_lib_init_preinit_1                  0x00000157   Thumb Code     0  libinit2.o(.ARM.Collect$$libinit$$00000006)
    __rt_lib_init_rand_1                     0x00000157   Thumb Code     0  libinit2.o(.ARM.Collect$$libinit$$00000010)
    __rt_lib_init_relocate_pie_1             0x00000157   Thumb Code     0  libinit2.o(.ARM.Collect$$libinit$$00000004)
    __rt_lib_init_user_alloc_1               0x00000157   Thumb Code     0  libinit2.o(.ARM.Collect$$libinit$$0000000E)
    __rt_lib_init_lc_collate_1               0x0000015d   Thumb Code     0  libinit2.o(.ARM.Collect$$libinit$$00000013)
    __rt_lib_init_lc_ctype_2                 0x0000015d   Thumb Code     0  libinit2.o(.ARM.Collect$$libinit$$00000014)
    __rt_lib_init_alloca_1                   0x00000169   Thumb Code     0  libinit2.o(.ARM.Collect$$libinit$$00000030)
    __rt_lib_init_argv_1                     0x00000169   Thumb Code     0  libinit2.o(.ARM.Collect$$libinit$$0000002E)
    __rt_lib_init_atexit_1                   0x00000169   Thumb Code     0  libinit2.o(.ARM.Collect$$libinit$$0000001D)
    __rt_lib_init_clock_1                    0x00000169   Thumb Code     0  libinit2.o(.ARM.Collect$$libinit$$00000023)
    __rt_lib_init_cpp_1                      0x00000169   Thumb Code     0  libinit2.o(.ARM.Collect$$libinit$$00000034)
    __rt_lib_init_exceptions_1               0x00000169   Thumb Code     0  libinit2.o(.ARM.Collect$$libinit$$00000032)
    __rt_lib_init_fp_trap_1                  0x00000169   Thumb Code     0  libinit2.o(.ARM.Collect$$libinit$$00000021)
    __rt_lib_init_getenv_1                   0x00000169   Thumb Code     0  libinit2.o(.ARM.Collect$$libinit$$00000025)
    __rt_lib_init_lc_ctype_1                 0x00000169   Thumb Code     0  libinit2.o(.ARM.Collect$$libinit$$00000015)
    __rt_lib_init_lc_monetary_1              0x00000169   Thumb Code     0  libinit2.o(.ARM.Collect$$libinit$$00000017)
    __rt_lib_init_lc_numeric_1               0x00000169   Thumb Code     0  libinit2.o(.ARM.Collect$$libinit$$00000019)
    __rt_lib_init_lc_time_1                  0x00000169   Thumb Code     0  libinit2.o(.ARM.Collect$$libinit$$0000001B)
    __rt_lib_init_return                     0x00000169   Thumb Code     0  libinit2.o(.ARM.Collect$$libinit$$00000035)
    __rt_lib_init_signal_1                   0x00000169   Thumb Code     0  libinit2.o(.ARM.Collect$$libinit$$0000001F)
    __rt_lib_init_stdio_1                    0x00000169   Thumb Code     0  libinit2.o(.ARM.Collect$$libinit$$00000027)
    __rt_lib_shutdown                        0x0000016b   Thumb Code     0  libshutdown.o(.ARM.Collect$$libshutdown$$00000000)
    __rt_lib_shutdown_cpp_1                  0x0000016d   Thumb Code     0  libshutdown2.o(.ARM.Collect$$libshutdown$$00000002)
    __rt_lib_shutdown_fp_trap_1              0x0000016d   Thumb Code     0  libshutdown2.o(.ARM.Collect$$libshutdown$$00000007)
    __rt_lib_shutdown_heap_1                 0x0000016d   Thumb Code     0  libshutdown2.o(.ARM.Collect$$libshutdown$$0000000F)
    __rt_lib_shutdown_return                 0x0000016d   Thumb Code     0  libshutdown2.o(.ARM.Collect$$libshutdown$$00000010)
    __rt_lib_shutdown_signal_1               0x0000016d   Thumb Code     0  libshutdown2.o(.ARM.Collect$$libshutdown$$0000000A)
    __rt_lib_shutdown_stdio_1                0x0000016d   Thumb Code     0  libshutdown2.o(.ARM.Collect$$libshutdown$$00000004)
    __rt_lib_shutdown_user_alloc_1           0x0000016d   Thumb Code     0  libshutdown2.o(.ARM.Collect$$libshutdown$$0000000C)
    __rt_entry                               0x0000016f   Thumb Code     0  __rtentry.o(.ARM.Collect$$rtentry$$00000000)
    __rt_entry_presh_1                       0x0000016f   Thumb Code     0  __rtentry2.o(.ARM.Collect$$rtentry$$00000002)
    __rt_entry_sh                            0x0000016f   Thumb Code     0  __rtentry4.o(.ARM.Collect$$rtentry$$00000004)
    __rt_entry_li                            0x00000175   Thumb Code     0  __rtentry2.o(.ARM.Collect$$rtentry$$0000000A)
    __rt_entry_postsh_1                      0x00000175   Thumb Code     0  __rtentry2.o(.ARM.Collect$$rtentry$$00000009)
    __rt_entry_main                          0x00000179   Thumb Code     0  __rtentry2.o(.ARM.Collect$$rtentry$$0000000D)
    __rt_entry_postli_1                      0x00000179   Thumb Code     0  __rtentry2.o(.ARM.Collect$$rtentry$$0000000C)
    __rt_exit                                0x00000181   Thumb Code     0  rtexit.o(.ARM.Collect$$rtexit$$00000000)
    __rt_exit_ls                             0x00000183   Thumb Code     0  rtexit2.o(.ARM.Collect$$rtexit$$00000003)
    __rt_exit_prels_1                        0x00000183   Thumb Code     0  rtexit2.o(.ARM.Collect$$rtexit$$00000002)
    __rt_exit_exit                           0x00000187   Thumb Code     0  rtexit2.o(.ARM.Collect$$rtexit$$00000004)
    Reset_Handler                            0x0000018d   Thumb Code     4  startup_mspm0g350x_uvision.o(.text)
    NMI_Handler                              0x00000191   Thumb Code     2  startup_mspm0g350x_uvision.o(.text)
    SVC_Handler                              0x00000195   Thumb Code     2  startup_mspm0g350x_uvision.o(.text)
    PendSV_Handler                           0x00000197   Thumb Code     2  startup_mspm0g350x_uvision.o(.text)
    SysTick_Handler                          0x00000199   Thumb Code     2  startup_mspm0g350x_uvision.o(.text)
    ADC0_IRQHandler                          0x0000019b   Thumb Code     0  startup_mspm0g350x_uvision.o(.text)
    ADC1_IRQHandler                          0x0000019b   Thumb Code     0  startup_mspm0g350x_uvision.o(.text)
    AES_IRQHandler                           0x0000019b   Thumb Code     0  startup_mspm0g350x_uvision.o(.text)
    CANFD0_IRQHandler                        0x0000019b   Thumb Code     0  startup_mspm0g350x_uvision.o(.text)
    DAC0_IRQHandler                          0x0000019b   Thumb Code     0  startup_mspm0g350x_uvision.o(.text)
    DMA_IRQHandler                           0x0000019b   Thumb Code     0  startup_mspm0g350x_uvision.o(.text)
    Default_Handler                          0x0000019b   Thumb Code     2  startup_mspm0g350x_uvision.o(.text)
    GROUP0_IRQHandler                        0x0000019b   Thumb Code     0  startup_mspm0g350x_uvision.o(.text)
    GROUP1_IRQHandler                        0x0000019b   Thumb Code     0  startup_mspm0g350x_uvision.o(.text)
    I2C0_IRQHandler                          0x0000019b   Thumb Code     0  startup_mspm0g350x_uvision.o(.text)
    I2C1_IRQHandler                          0x0000019b   Thumb Code     0  startup_mspm0g350x_uvision.o(.text)
    RTC_IRQHandler                           0x0000019b   Thumb Code     0  startup_mspm0g350x_uvision.o(.text)
    SPI0_IRQHandler                          0x0000019b   Thumb Code     0  startup_mspm0g350x_uvision.o(.text)
    SPI1_IRQHandler                          0x0000019b   Thumb Code     0  startup_mspm0g350x_uvision.o(.text)
    TIMA1_IRQHandler                         0x0000019b   Thumb Code     0  startup_mspm0g350x_uvision.o(.text)
    TIMG0_IRQHandler                         0x0000019b   Thumb Code     0  startup_mspm0g350x_uvision.o(.text)
    TIMG12_IRQHandler                        0x0000019b   Thumb Code     0  startup_mspm0g350x_uvision.o(.text)
    TIMG6_IRQHandler                         0x0000019b   Thumb Code     0  startup_mspm0g350x_uvision.o(.text)
    TIMG7_IRQHandler                         0x0000019b   Thumb Code     0  startup_mspm0g350x_uvision.o(.text)
    TIMG8_IRQHandler                         0x0000019b   Thumb Code     0  startup_mspm0g350x_uvision.o(.text)
    __user_initial_stackheap                 0x0000019d   Thumb Code    10  startup_mspm0g350x_uvision.o(.text)
    _printf_int_dec                          0x000001b9   Thumb Code    90  _printf_dec.o(.text)
    atoi                                     0x00000225   Thumb Code    26  atoi.o(.text)
    strstr                                   0x0000023f   Thumb Code    40  strstr.o(.text)
    strlen                                   0x00000269   Thumb Code    62  strlen.o(.text)
    strncmp                                  0x000002ad   Thumb Code   154  strncmp.o(.text)
    _memset_w                                0x0000034d   Thumb Code    26  rt_memclr.o(.text)
    _memset                                  0x00000367   Thumb Code    30  rt_memclr.o(.text)
    __aeabi_memclr                           0x00000385   Thumb Code     4  rt_memclr.o(.text)
    __rt_memclr                              0x00000385   Thumb Code     0  rt_memclr.o(.text)
    __aeabi_memclr4                          0x00000389   Thumb Code     0  rt_memclr.o(.text)
    __aeabi_memclr8                          0x00000389   Thumb Code     0  rt_memclr.o(.text)
    __rt_memclr_w                            0x00000389   Thumb Code     4  rt_memclr.o(.text)
    __aeabi_uidivmod                         0x0000038d   Thumb Code    28  aeabi_sdivfast.o(.text)
    __aeabi_idivmod                          0x000003a9   Thumb Code   472  aeabi_sdivfast.o(.text)
    __use_two_region_memory                  0x00000585   Thumb Code     2  heapauxi.o(.text)
    __rt_heap_escrow$2region                 0x00000587   Thumb Code     2  heapauxi.o(.text)
    __rt_heap_expand$2region                 0x00000589   Thumb Code     2  heapauxi.o(.text)
    __aeabi_f2iz                             0x0000058b   Thumb Code     0  ffixi.o(.text)
    _ffix                                    0x0000058b   Thumb Code    76  ffixi.o(.text)
    __aeabi_i2f_normalise                    0x000005d7   Thumb Code    72  fflti.o(.text)
    __aeabi_i2f                              0x0000061f   Thumb Code    16  fflti.o(.text)
    _fflt                                    0x0000061f   Thumb Code     0  fflti.o(.text)
    __aeabi_ui2f                             0x0000062f   Thumb Code     6  fflti.o(.text)
    _ffltu                                   0x0000062f   Thumb Code     0  fflti.o(.text)
    __aeabi_errno_addr                       0x00000635   Thumb Code     8  rt_errno_addr_intlibspace.o(.text)
    __errno$intlibspace                      0x00000635   Thumb Code     0  rt_errno_addr_intlibspace.o(.text)
    __rt_errno_addr$intlibspace              0x00000635   Thumb Code     0  rt_errno_addr_intlibspace.o(.text)
    _printf_int_common                       0x0000063d   Thumb Code   176  _printf_intcommon.o(.text)
    strtol                                   0x000006ed   Thumb Code   108  strtol.o(.text)
    __rt_udiv10                              0x0000075d   Thumb Code    40  rtudiv10.o(.text)
    __user_libspace                          0x00000785   Thumb Code     8  libspace.o(.text)
    __user_perproc_libspace                  0x00000785   Thumb Code     0  libspace.o(.text)
    __user_perthread_libspace                0x00000785   Thumb Code     0  libspace.o(.text)
    __rt_ctype_table                         0x0000078d   Thumb Code    16  rt_ctype_table.o(.text)
    _strtoul                                 0x0000079d   Thumb Code   166  _strtoul.o(.text)
    __fpl_fcmp_InfNaN                        0x00000845   Thumb Code    96  fcmpin.o(.text)
    __user_setup_stackheap                   0x000008a9   Thumb Code    62  sys_stackheap_outer.o(.text)
    __rt_locale                              0x000008e9   Thumb Code     8  rt_locale_intlibspace.o(.text)
    _chval                                   0x000008f1   Thumb Code    30  _chval.o(.text)
    exit                                     0x0000090f   Thumb Code    16  exit.o(.text)
    __fpl_cmpreturn                          0x0000091f   Thumb Code    46  cmpret.o(.text)
    __fpl_fcheck_NaN2                        0x0000094d   Thumb Code    10  fnan2.o(.text)
    strcmp                                   0x0000095d   Thumb Code   176  strcmpv6m.o(.text)
    __fpl_return_NaN                         0x00000a0d   Thumb Code    94  retnan.o(.text)
    _sys_exit                                0x00000a6d   Thumb Code     8  sys_exit.o(.text)
    __I$use$semihosting                      0x00000a79   Thumb Code     0  use_no_semi.o(.text)
    __use_no_semihosting_swi                 0x00000a79   Thumb Code     2  use_no_semi.o(.text)
    __semihosting_library_function           0x00000a7b   Thumb Code     0  indicate_semi.o(.text)
    DL_ADC12_setClockConfig                  0x00000a7d   Thumb Code    64  dl_adc12.o(.text.DL_ADC12_setClockConfig)
    DL_Common_delayCycles                    0x00000abd   Thumb Code    10  dl_common.o(.text.DL_Common_delayCycles)
    DL_Timer_initPWMMode                     0x00000ac9   Thumb Code   192  dl_timer.o(.text.DL_Timer_initPWMMode)
    DL_Timer_initTimerMode                   0x00000b89   Thumb Code   240  dl_timer.o(.text.DL_Timer_initTimerMode)
    DL_Timer_setCaptCompUpdateMethod         0x00000c79   Thumb Code    28  dl_timer.o(.text.DL_Timer_setCaptCompUpdateMethod)
    DL_Timer_setCaptureCompareOutCtl         0x00000c95   Thumb Code    24  dl_timer.o(.text.DL_Timer_setCaptureCompareOutCtl)
    DL_Timer_setCaptureCompareValue          0x00000cad   Thumb Code    16  dl_timer.o(.text.DL_Timer_setCaptureCompareValue)
    DL_Timer_setClockConfig                  0x00000cbd   Thumb Code    28  dl_timer.o(.text.DL_Timer_setClockConfig)
    DL_UART_init                             0x00000cd9   Thumb Code    72  dl_uart.o(.text.DL_UART_init)
    DL_UART_setClockConfig                   0x00000d21   Thumb Code    18  dl_uart.o(.text.DL_UART_setClockConfig)
    Encoder_AccumulateDistance               0x00000d35   Thumb Code    12  encoder.o(.text.Encoder_AccumulateDistance)
    Encoder_GetDelta                         0x00000d41   Thumb Code    12  encoder.o(.text.Encoder_GetDelta)
    Encoder_GetTotalDistance_mm              0x00000d51   Thumb Code    28  encoder.o(.text.Encoder_GetTotalDistance_mm)
    Encoder_ResetDistance                    0x00000d71   Thumb Code    16  encoder.o(.text.Encoder_ResetDistance)
    HardFault_Handler                        0x00000d85   Thumb Code    16  empty.o(.text.HardFault_Handler)
    K230_FeedByte                            0x00000da1   Thumb Code   548  k230_receiver.o(.text.K230_FeedByte)
    K230_Init                                0x00000fcd   Thumb Code    52  k230_receiver.o(.text.K230_Init)
    Key4_GetNum                              0x00001011   Thumb Code    60  key.o(.text.Key4_GetNum)
    Key5_GetNum                              0x0000104d   Thumb Code    60  key.o(.text.Key5_GetNum)
    Key6_GetNum                              0x0000108d   Thumb Code    60  key.o(.text.Key6_GetNum)
    Left_Motor_SetPWM                        0x000010cd   Thumb Code    36  motor.o(.text.Left_Motor_SetPWM)
    OLED_Clear                               0x000010f1   Thumb Code   276  oled.o(.text.OLED_Clear)
    OLED_I2C_SendByte                        0x00001205   Thumb Code   336  oled.o(.text.OLED_I2C_SendByte)
    OLED_Init                                0x00001359   Thumb Code   146  oled.o(.text.OLED_Init)
    OLED_ShowChar                            0x000013ed   Thumb Code   188  oled.o(.text.OLED_ShowChar)
    OLED_ShowNum                             0x000014b1   Thumb Code   140  oled.o(.text.OLED_ShowNum)
    OLED_ShowString                          0x00001541   Thumb Code    44  oled.o(.text.OLED_ShowString)
    OLED_WriteCommand                        0x0000156d   Thumb Code    92  oled.o(.text.OLED_WriteCommand)
    OLED_WriteData                           0x000015cd   Thumb Code    92  oled.o(.text.OLED_WriteData)
    PWM_SetCompare1                          0x00001629   Thumb Code    16  pwm.o(.text.PWM_SetCompare1)
    PWM_SetCompare2                          0x00001639   Thumb Code    16  pwm.o(.text.PWM_SetCompare2)
    Right_Motor_SetPWM                       0x00001649   Thumb Code    40  motor.o(.text.Right_Motor_SetPWM)
    SYSCFG_DL_ADC1_init                      0x00001675   Thumb Code    56  ti_msp_dl_config.o(.text.SYSCFG_DL_ADC1_init)
    SYSCFG_DL_ENCODER1_init                  0x000016c5   Thumb Code    52  ti_msp_dl_config.o(.text.SYSCFG_DL_ENCODER1_init)
    SYSCFG_DL_GPIO_init                      0x00001719   Thumb Code   124  ti_msp_dl_config.o(.text.SYSCFG_DL_GPIO_init)
    SYSCFG_DL_PWM_Motor_init                 0x000017ad   Thumb Code   112  ti_msp_dl_config.o(.text.SYSCFG_DL_PWM_Motor_init)
    SYSCFG_DL_SYSCTL_init                    0x0000182d   Thumb Code    52  ti_msp_dl_config.o(.text.SYSCFG_DL_SYSCTL_init)
    SYSCFG_DL_SYSTICK_init                   0x00001869   Thumb Code    24  ti_msp_dl_config.o(.text.SYSCFG_DL_SYSTICK_init)
    SYSCFG_DL_TIMER_0_init                   0x00001885   Thumb Code    56  ti_msp_dl_config.o(.text.SYSCFG_DL_TIMER_0_init)
    SYSCFG_DL_UART_0_init                    0x000018d5   Thumb Code   120  ti_msp_dl_config.o(.text.SYSCFG_DL_UART_0_init)
    SYSCFG_DL_UART_1_init                    0x00001961   Thumb Code   120  ti_msp_dl_config.o(.text.SYSCFG_DL_UART_1_init)
    SYSCFG_DL_UART_2_init                    0x000019ed   Thumb Code   116  ti_msp_dl_config.o(.text.SYSCFG_DL_UART_2_init)
    SYSCFG_DL_UART_3_init                    0x00001a79   Thumb Code   120  ti_msp_dl_config.o(.text.SYSCFG_DL_UART_3_init)
    SYSCFG_DL_init                           0x00001b09   Thumb Code    76  ti_msp_dl_config.o(.text.SYSCFG_DL_init)
    SYSCFG_DL_initPower                      0x00001b65   Thumb Code    88  ti_msp_dl_config.o(.text.SYSCFG_DL_initPower)
    Set_Targets_Via_Keys                     0x00001bed   Thumb Code   136  empty.o(.text.Set_Targets_Via_Keys)
    TIMA0_IRQHandler                         0x00001c7d   Thumb Code    32  empty.o(.text.TIMA0_IRQHandler)
    UART0_IRQHandler                         0x00001ca5   Thumb Code    36  empty.o(.text.UART0_IRQHandler)
    UART1_IRQHandler                         0x00001cd5   Thumb Code   116  bsp_uart.o(.text.UART1_IRQHandler)
    UART2_IRQHandler                         0x00001d5d   Thumb Code   116  jy60_usart.o(.text.UART2_IRQHandler)
    UART3_IRQHandler                         0x00001de9   Thumb Code    36  empty.o(.text.UART3_IRQHandler)
    compute_turn_sequence                    0x00001e19   Thumb Code   468  bfs.o(.text.compute_turn_sequence)
    delay_ms                                 0x00001ff5   Thumb Code    64  board.o(.text.delay_ms)
    delay_us                                 0x00002035   Thumb Code    60  board.o(.text.delay_us)
    init_map                                 0x00002075   Thumb Code   204  bfs.o(.text.init_map)
    main                                     0x00002145   Thumb Code   912  empty.o(.text.main)
    store_targets                            0x00002551   Thumb Code   124  bfs.o(.text.store_targets)
    __aeabi_uidiv                            0x000025e5   Thumb Code    68  aeabi_sdivfast.o(.text_divfast)
    __aeabi_idiv                             0x00002629   Thumb Code   434  aeabi_sdivfast.o(.text_divfast)
    __aeabi_fcmpge                           0x000027db   Thumb Code     0  fcmp.o(i._fgeq)
    _fgeq                                    0x000027db   Thumb Code    22  fcmp.o(i._fgeq)
    __aeabi_fcmpgt                           0x000027f1   Thumb Code     0  fcmp.o(i._fgr)
    _fgr                                     0x000027f1   Thumb Code    22  fcmp.o(i._fgr)
    __aeabi_fcmplt                           0x00002807   Thumb Code     0  fcmp.o(i._fls)
    _fls                                     0x00002807   Thumb Code    22  fcmp.o(i._fls)
    _get_lc_ctype                            0x0000281d   Thumb Code    44  lc_ctype_c.o(locale$$code)
    __aeabi_fadd                             0x00002849   Thumb Code     0  faddsub.o(x$fpl$fadd)
    _fadd                                    0x00002849   Thumb Code   134  faddsub.o(x$fpl$fadd)
    _fcmpge                                  0x000028d5   Thumb Code    78  fgef.o(x$fpl$fgeqf)
    __aeabi_cfcmple                          0x00002929   Thumb Code     0  flef.o(x$fpl$fleqf)
    _fcmple                                  0x00002929   Thumb Code    78  flef.o(x$fpl$fleqf)
    __aeabi_fmul                             0x0000297d   Thumb Code     0  fmul.o(x$fpl$fmul)
    _fmul                                    0x0000297d   Thumb Code   172  fmul.o(x$fpl$fmul)
    __aeabi_fsub                             0x00002a2d   Thumb Code     0  faddsub.o(x$fpl$fsub)
    _fsub                                    0x00002a2d   Thumb Code   204  faddsub.o(x$fpl$fsub)
    __I$use$fp                               0x00002afc   Number         0  usenofp.o(x$fpl$usenofp)
    OLED_F8x16                               0x00002b60   Data        1520  oled.o(.rodata.OLED_F8x16)
    Region$$Table$$Base                      0x000031d8   Number         0  anon$$obj.o(Region$$Table)
    Region$$Table$$Limit                     0x000031e8   Number         0  anon$$obj.o(Region$$Table)
    __ctype                                  0x000031f5   Data           0  lc_ctype_c.o(locale$$data)
    __libspace_start                         0x20200000   Data          96  libspace.o(.bss)
    __temporary_stack_top$libspace           0x20200060   Data           0  libspace.o(.bss)
    a                                        0x20200064   Data           4  empty.o(.bss.a)
    action_step                              0x20200068   Data           4  empty.o(.bss.action_step)
    actions                                  0x2020006c   Data          12  empty.o(.bss.actions)
    actions_len                              0x20200078   Data           4  empty.o(.bss.actions_len)
    b                                        0x2020007c   Data           4  empty.o(.bss.b)
    car_next_action                          0x20200080   Data           4  empty.o(.bss.car_next_action)
    car_now_dir                              0x20200084   Data           1  empty.o(.bss.car_now_dir)
    distance_step_toA                        0x20200088   Data           4  empty.o(.bss.distance_step_toA)
    gENCODER1Backup                          0x2020008c   Data         120  ti_msp_dl_config.o(.bss.gENCODER1Backup)
    gPWM_MotorBackup                         0x20200104   Data         120  ti_msp_dl_config.o(.bss.gPWM_MotorBackup)
    gTIMER_0Backup                           0x2020017c   Data         188  ti_msp_dl_config.o(.bss.gTIMER_0Backup)
    gUART_3Backup                            0x20200238   Data          48  ti_msp_dl_config.o(.bss.gUART_3Backup)
    g_k230_cam0                              0x20200268   Data          22  k230_receiver.o(.bss.g_k230_cam0)
    g_k230_cam1                              0x20200280   Data          22  k230_receiver.o(.bss.g_k230_cam1)
    g_rxbuf0                                 0x20200298   Data         130  k230_receiver.o(.bss.g_rxbuf0)
    g_rxbuf1                                 0x2020031c   Data         130  k230_receiver.o(.bss.g_rxbuf1)
    grid                                     0x2020039e   Data          81  bfs.o(.bss.grid)
    lujing                                   0x202003ef   Data          17  empty.o(.bss.lujing)
    lukou_flag                               0x20200400   Data           4  empty.o(.bss.lukou_flag)
    lukou_flag1                              0x20200404   Data           4  empty.o(.bss.lukou_flag1)
    new_lukou_flag1                          0x20200408   Data           4  empty.o(.bss.new_lukou_flag1)
    now_x                                    0x2020040c   Data           4  empty.o(.bss.now_x)
    now_y                                    0x20200410   Data           4  empty.o(.bss.now_y)
    uart1_buf                                0x2020045c   Data         256  bsp_uart.o(.bss.uart1_buf)
    uart1_head                               0x2020055c   Data           2  bsp_uart.o(.bss.uart1_head)
    uart1_tail                               0x2020055e   Data           2  bsp_uart.o(.bss.uart1_tail)



==============================================================================

Memory Map of the image

  Image Entry point : 0x000000c1

  Load Region LR_IROM1 (Base: 0x00000000, Size: 0x000032f8, Max: 0x00020000, ABSOLUTE)

    Execution Region ER_IROM1 (Exec base: 0x00000000, Load base: 0x00000000, Size: 0x000032f8, Max: 0x00020000, ABSOLUTE)

    Exec Addr    Load Addr    Size         Type   Attr      Idx    E Section Name        Object

    0x00000000   0x00000000   0x000000c0   Data   RO            3    RESET               startup_mspm0g350x_uvision.o
    0x000000c0   0x000000c0   0x00000008   Code   RO          752  * !!!main             c_p.l(__main.o)
    0x000000c8   0x000000c8   0x00000054   Code   RO         1035    !!!scatter          c_p.l(__scatter.o)
    0x0000011c   0x0000011c   0x00000004   PAD
    0x00000120   0x00000120   0x00000002   Code   RO         1036    !!handler_null      c_p.l(__scatter.o)
    0x00000122   0x00000122   0x00000006   PAD
    0x00000128   0x00000128   0x0000001c   Code   RO         1039    !!handler_zi        c_p.l(__scatter_zi.o)
    0x00000144   0x00000144   0x00000002   Code   RO          725    .ARM.Collect$$_printf_percent$$00000000  c_p.l(_printf_percent.o)
    0x00000146   0x00000146   0x0000000a   Code   RO          724    .ARM.Collect$$_printf_percent$$00000009  c_p.l(_printf_d.o)
    0x00000150   0x00000150   0x00000004   Code   RO          817    .ARM.Collect$$_printf_percent$$00000017  c_p.l(_printf_percent_end.o)
    0x00000154   0x00000154   0x00000002   Code   RO          889    .ARM.Collect$$libinit$$00000000  c_p.l(libinit.o)
    0x00000156   0x00000156   0x00000000   Code   RO          908    .ARM.Collect$$libinit$$00000002  c_p.l(libinit2.o)
    0x00000156   0x00000156   0x00000000   Code   RO          910    .ARM.Collect$$libinit$$00000004  c_p.l(libinit2.o)
    0x00000156   0x00000156   0x00000000   Code   RO          912    .ARM.Collect$$libinit$$00000006  c_p.l(libinit2.o)
    0x00000156   0x00000156   0x00000000   Code   RO          915    .ARM.Collect$$libinit$$0000000C  c_p.l(libinit2.o)
    0x00000156   0x00000156   0x00000000   Code   RO          917    .ARM.Collect$$libinit$$0000000E  c_p.l(libinit2.o)
    0x00000156   0x00000156   0x00000000   Code   RO          919    .ARM.Collect$$libinit$$00000010  c_p.l(libinit2.o)
    0x00000156   0x00000156   0x00000006   Code   RO          920    .ARM.Collect$$libinit$$00000011  c_p.l(libinit2.o)
    0x0000015c   0x0000015c   0x00000000   Code   RO          922    .ARM.Collect$$libinit$$00000013  c_p.l(libinit2.o)
    0x0000015c   0x0000015c   0x0000000c   Code   RO          923    .ARM.Collect$$libinit$$00000014  c_p.l(libinit2.o)
    0x00000168   0x00000168   0x00000000   Code   RO          924    .ARM.Collect$$libinit$$00000015  c_p.l(libinit2.o)
    0x00000168   0x00000168   0x00000000   Code   RO          926    .ARM.Collect$$libinit$$00000017  c_p.l(libinit2.o)
    0x00000168   0x00000168   0x00000000   Code   RO          928    .ARM.Collect$$libinit$$00000019  c_p.l(libinit2.o)
    0x00000168   0x00000168   0x00000000   Code   RO          930    .ARM.Collect$$libinit$$0000001B  c_p.l(libinit2.o)
    0x00000168   0x00000168   0x00000000   Code   RO          932    .ARM.Collect$$libinit$$0000001D  c_p.l(libinit2.o)
    0x00000168   0x00000168   0x00000000   Code   RO          934    .ARM.Collect$$libinit$$0000001F  c_p.l(libinit2.o)
    0x00000168   0x00000168   0x00000000   Code   RO          936    .ARM.Collect$$libinit$$00000021  c_p.l(libinit2.o)
    0x00000168   0x00000168   0x00000000   Code   RO          938    .ARM.Collect$$libinit$$00000023  c_p.l(libinit2.o)
    0x00000168   0x00000168   0x00000000   Code   RO          940    .ARM.Collect$$libinit$$00000025  c_p.l(libinit2.o)
    0x00000168   0x00000168   0x00000000   Code   RO          942    .ARM.Collect$$libinit$$00000027  c_p.l(libinit2.o)
    0x00000168   0x00000168   0x00000000   Code   RO          946    .ARM.Collect$$libinit$$0000002E  c_p.l(libinit2.o)
    0x00000168   0x00000168   0x00000000   Code   RO          948    .ARM.Collect$$libinit$$00000030  c_p.l(libinit2.o)
    0x00000168   0x00000168   0x00000000   Code   RO          950    .ARM.Collect$$libinit$$00000032  c_p.l(libinit2.o)
    0x00000168   0x00000168   0x00000000   Code   RO          952    .ARM.Collect$$libinit$$00000034  c_p.l(libinit2.o)
    0x00000168   0x00000168   0x00000002   Code   RO          953    .ARM.Collect$$libinit$$00000035  c_p.l(libinit2.o)
    0x0000016a   0x0000016a   0x00000002   Code   RO          990    .ARM.Collect$$libshutdown$$00000000  c_p.l(libshutdown.o)
    0x0000016c   0x0000016c   0x00000000   Code   RO         1018    .ARM.Collect$$libshutdown$$00000002  c_p.l(libshutdown2.o)
    0x0000016c   0x0000016c   0x00000000   Code   RO         1020    .ARM.Collect$$libshutdown$$00000004  c_p.l(libshutdown2.o)
    0x0000016c   0x0000016c   0x00000000   Code   RO         1023    .ARM.Collect$$libshutdown$$00000007  c_p.l(libshutdown2.o)
    0x0000016c   0x0000016c   0x00000000   Code   RO         1026    .ARM.Collect$$libshutdown$$0000000A  c_p.l(libshutdown2.o)
    0x0000016c   0x0000016c   0x00000000   Code   RO         1028    .ARM.Collect$$libshutdown$$0000000C  c_p.l(libshutdown2.o)
    0x0000016c   0x0000016c   0x00000000   Code   RO         1031    .ARM.Collect$$libshutdown$$0000000F  c_p.l(libshutdown2.o)
    0x0000016c   0x0000016c   0x00000002   Code   RO         1032    .ARM.Collect$$libshutdown$$00000010  c_p.l(libshutdown2.o)
    0x0000016e   0x0000016e   0x00000000   Code   RO          801    .ARM.Collect$$rtentry$$00000000  c_p.l(__rtentry.o)
    0x0000016e   0x0000016e   0x00000000   Code   RO          839    .ARM.Collect$$rtentry$$00000002  c_p.l(__rtentry2.o)
    0x0000016e   0x0000016e   0x00000006   Code   RO          851    .ARM.Collect$$rtentry$$00000004  c_p.l(__rtentry4.o)
    0x00000174   0x00000174   0x00000000   Code   RO          841    .ARM.Collect$$rtentry$$00000009  c_p.l(__rtentry2.o)
    0x00000174   0x00000174   0x00000004   Code   RO          842    .ARM.Collect$$rtentry$$0000000A  c_p.l(__rtentry2.o)
    0x00000178   0x00000178   0x00000000   Code   RO          844    .ARM.Collect$$rtentry$$0000000C  c_p.l(__rtentry2.o)
    0x00000178   0x00000178   0x00000008   Code   RO          845    .ARM.Collect$$rtentry$$0000000D  c_p.l(__rtentry2.o)
    0x00000180   0x00000180   0x00000002   Code   RO          897    .ARM.Collect$$rtexit$$00000000  c_p.l(rtexit.o)
    0x00000182   0x00000182   0x00000000   Code   RO          961    .ARM.Collect$$rtexit$$00000002  c_p.l(rtexit2.o)
    0x00000182   0x00000182   0x00000004   Code   RO          962    .ARM.Collect$$rtexit$$00000003  c_p.l(rtexit2.o)
    0x00000186   0x00000186   0x00000006   Code   RO          963    .ARM.Collect$$rtexit$$00000004  c_p.l(rtexit2.o)
    0x0000018c   0x0000018c   0x0000002c   Code   RO            4    .text               startup_mspm0g350x_uvision.o
    0x000001b8   0x000001b8   0x0000006c   Code   RO          702    .text               c_p.l(_printf_dec.o)
    0x00000224   0x00000224   0x0000001a   Code   RO          726    .text               c_p.l(atoi.o)
    0x0000023e   0x0000023e   0x00000028   Code   RO          728    .text               c_p.l(strstr.o)
    0x00000266   0x00000266   0x00000002   PAD
    0x00000268   0x00000268   0x00000044   Code   RO          730    .text               c_p.l(strlen.o)
    0x000002ac   0x000002ac   0x000000a0   Code   RO          732    .text               c_p.l(strncmp.o)
    0x0000034c   0x0000034c   0x00000040   Code   RO          740    .text               c_p.l(rt_memclr.o)
    0x0000038c   0x0000038c   0x000001f8   Code   RO          742    .text               c_p.l(aeabi_sdivfast.o)
    0x00000584   0x00000584   0x00000006   Code   RO          750    .text               c_p.l(heapauxi.o)
    0x0000058a   0x0000058a   0x0000004c   Code   RO          795    .text               fz_ps.l(ffixi.o)
    0x000005d6   0x000005d6   0x0000005e   Code   RO          797    .text               fz_ps.l(fflti.o)
    0x00000634   0x00000634   0x00000008   Code   RO          809    .text               c_p.l(rt_errno_addr_intlibspace.o)
    0x0000063c   0x0000063c   0x000000b0   Code   RO          811    .text               c_p.l(_printf_intcommon.o)
    0x000006ec   0x000006ec   0x00000070   Code   RO          818    .text               c_p.l(strtol.o)
    0x0000075c   0x0000075c   0x00000028   Code   RO          820    .text               c_p.l(rtudiv10.o)
    0x00000784   0x00000784   0x00000008   Code   RO          835    .text               c_p.l(libspace.o)
    0x0000078c   0x0000078c   0x00000010   Code   RO          853    .text               c_p.l(rt_ctype_table.o)
    0x0000079c   0x0000079c   0x000000a6   Code   RO          859    .text               c_p.l(_strtoul.o)
    0x00000842   0x00000842   0x00000002   PAD
    0x00000844   0x00000844   0x00000064   Code   RO          863    .text               fz_ps.l(fcmpin.o)
    0x000008a8   0x000008a8   0x0000003e   Code   RO          865    .text               c_p.l(sys_stackheap_outer.o)
    0x000008e6   0x000008e6   0x00000002   PAD
    0x000008e8   0x000008e8   0x00000008   Code   RO          871    .text               c_p.l(rt_locale_intlibspace.o)
    0x000008f0   0x000008f0   0x0000001e   Code   RO          873    .text               c_p.l(_chval.o)
    0x0000090e   0x0000090e   0x00000010   Code   RO          878    .text               c_p.l(exit.o)
    0x0000091e   0x0000091e   0x0000002e   Code   RO          890    .text               fz_ps.l(cmpret.o)
    0x0000094c   0x0000094c   0x00000010   Code   RO          894    .text               fz_ps.l(fnan2.o)
    0x0000095c   0x0000095c   0x000000b0   Code   RO          905    .text               c_p.l(strcmpv6m.o)
    0x00000a0c   0x00000a0c   0x0000005e   Code   RO          954    .text               fz_ps.l(retnan.o)
    0x00000a6a   0x00000a6a   0x00000002   PAD
    0x00000a6c   0x00000a6c   0x0000000c   Code   RO          956    .text               c_p.l(sys_exit.o)
    0x00000a78   0x00000a78   0x00000002   Code   RO          979    .text               c_p.l(use_no_semi.o)
    0x00000a7a   0x00000a7a   0x00000000   Code   RO          981    .text               c_p.l(indicate_semi.o)
    0x00000a7a   0x00000a7a   0x00000002   PAD
    0x00000a7c   0x00000a7c   0x00000040   Code   RO          551    .text.DL_ADC12_setClockConfig  driverlib.a(dl_adc12.o)
    0x00000abc   0x00000abc   0x0000000a   Code   RO          563    .text.DL_Common_delayCycles  driverlib.a(dl_common.o)
    0x00000ac6   0x00000ac6   0x00000002   PAD
    0x00000ac8   0x00000ac8   0x000000c0   Code   RO          594    .text.DL_Timer_initPWMMode  driverlib.a(dl_timer.o)
    0x00000b88   0x00000b88   0x000000f0   Code   RO          576    .text.DL_Timer_initTimerMode  driverlib.a(dl_timer.o)
    0x00000c78   0x00000c78   0x0000001c   Code   RO          608    .text.DL_Timer_setCaptCompUpdateMethod  driverlib.a(dl_timer.o)
    0x00000c94   0x00000c94   0x00000018   Code   RO          598    .text.DL_Timer_setCaptureCompareOutCtl  driverlib.a(dl_timer.o)
    0x00000cac   0x00000cac   0x00000010   Code   RO          578    .text.DL_Timer_setCaptureCompareValue  driverlib.a(dl_timer.o)
    0x00000cbc   0x00000cbc   0x0000001c   Code   RO          572    .text.DL_Timer_setClockConfig  driverlib.a(dl_timer.o)
    0x00000cd8   0x00000cd8   0x00000048   Code   RO          655    .text.DL_UART_init  driverlib.a(dl_uart.o)
    0x00000d20   0x00000d20   0x00000012   Code   RO          657    .text.DL_UART_setClockConfig  driverlib.a(dl_uart.o)
    0x00000d32   0x00000d32   0x00000002   PAD
    0x00000d34   0x00000d34   0x0000000c   Code   RO          414    .text.Encoder_AccumulateDistance  encoder.o
    0x00000d40   0x00000d40   0x00000010   Code   RO          412    .text.Encoder_GetDelta  encoder.o
    0x00000d50   0x00000d50   0x00000020   Code   RO          416    .text.Encoder_GetTotalDistance_mm  encoder.o
    0x00000d70   0x00000d70   0x00000014   Code   RO          418    .text.Encoder_ResetDistance  encoder.o
    0x00000d84   0x00000d84   0x0000001c   Code   RO           81    .text.HardFault_Handler  empty.o
    0x00000da0   0x00000da0   0x0000022c   Code   RO          532    .text.K230_FeedByte  k230_receiver.o
    0x00000fcc   0x00000fcc   0x00000044   Code   RO          530    .text.K230_Init     k230_receiver.o
    0x00001010   0x00001010   0x0000003c   Code   RO          165    .text.Key4_GetNum   key.o
    0x0000104c   0x0000104c   0x00000040   Code   RO          167    .text.Key5_GetNum   key.o
    0x0000108c   0x0000108c   0x00000040   Code   RO          169    .text.Key6_GetNum   key.o
    0x000010cc   0x000010cc   0x00000024   Code   RO          195    .text.Left_Motor_SetPWM  motor.o
    0x000010f0   0x000010f0   0x00000114   Code   RO          235    .text.OLED_Clear    oled.o
    0x00001204   0x00001204   0x00000154   Code   RO          227    .text.OLED_I2C_SendByte  oled.o
    0x00001358   0x00001358   0x00000092   Code   RO          251    .text.OLED_Init     oled.o
    0x000013ea   0x000013ea   0x00000002   PAD
    0x000013ec   0x000013ec   0x000000c4   Code   RO          237    .text.OLED_ShowChar  oled.o
    0x000014b0   0x000014b0   0x00000090   Code   RO          243    .text.OLED_ShowNum  oled.o
    0x00001540   0x00001540   0x0000002c   Code   RO          239    .text.OLED_ShowString  oled.o
    0x0000156c   0x0000156c   0x00000060   Code   RO          229    .text.OLED_WriteCommand  oled.o
    0x000015cc   0x000015cc   0x0000005c   Code   RO          231    .text.OLED_WriteData  oled.o
    0x00001628   0x00001628   0x00000010   Code   RO          207    .text.PWM_SetCompare1  pwm.o
    0x00001638   0x00001638   0x00000010   Code   RO          209    .text.PWM_SetCompare2  pwm.o
    0x00001648   0x00001648   0x0000002c   Code   RO          197    .text.Right_Motor_SetPWM  motor.o
    0x00001674   0x00001674   0x00000050   Code   RO           33    .text.SYSCFG_DL_ADC1_init  ti_msp_dl_config.o
    0x000016c4   0x000016c4   0x00000054   Code   RO           21    .text.SYSCFG_DL_ENCODER1_init  ti_msp_dl_config.o
    0x00001718   0x00001718   0x00000094   Code   RO           15    .text.SYSCFG_DL_GPIO_init  ti_msp_dl_config.o
    0x000017ac   0x000017ac   0x00000080   Code   RO           19    .text.SYSCFG_DL_PWM_Motor_init  ti_msp_dl_config.o
    0x0000182c   0x0000182c   0x0000003c   Code   RO           17    .text.SYSCFG_DL_SYSCTL_init  ti_msp_dl_config.o
    0x00001868   0x00001868   0x0000001c   Code   RO           35    .text.SYSCFG_DL_SYSTICK_init  ti_msp_dl_config.o
    0x00001884   0x00001884   0x00000050   Code   RO           23    .text.SYSCFG_DL_TIMER_0_init  ti_msp_dl_config.o
    0x000018d4   0x000018d4   0x0000008c   Code   RO           25    .text.SYSCFG_DL_UART_0_init  ti_msp_dl_config.o
    0x00001960   0x00001960   0x0000008c   Code   RO           27    .text.SYSCFG_DL_UART_1_init  ti_msp_dl_config.o
    0x000019ec   0x000019ec   0x0000008c   Code   RO           29    .text.SYSCFG_DL_UART_2_init  ti_msp_dl_config.o
    0x00001a78   0x00001a78   0x00000090   Code   RO           31    .text.SYSCFG_DL_UART_3_init  ti_msp_dl_config.o
    0x00001b08   0x00001b08   0x0000005c   Code   RO           11    .text.SYSCFG_DL_init  ti_msp_dl_config.o
    0x00001b64   0x00001b64   0x00000088   Code   RO           13    .text.SYSCFG_DL_initPower  ti_msp_dl_config.o
    0x00001bec   0x00001bec   0x00000090   Code   RO           91    .text.Set_Targets_Via_Keys  empty.o
    0x00001c7c   0x00001c7c   0x00000028   Code   RO           83    .text.TIMA0_IRQHandler  empty.o
    0x00001ca4   0x00001ca4   0x00000030   Code   RO           85    .text.UART0_IRQHandler  empty.o
    0x00001cd4   0x00001cd4   0x00000088   Code   RO          391    .text.UART1_IRQHandler  bsp_uart.o
    0x00001d5c   0x00001d5c   0x0000008c   Code   RO          515    .text.UART2_IRQHandler  jy60_usart.o
    0x00001de8   0x00001de8   0x00000030   Code   RO           87    .text.UART3_IRQHandler  empty.o
    0x00001e18   0x00001e18   0x000001dc   Code   RO          342    .text.compute_turn_sequence  bfs.o
    0x00001ff4   0x00001ff4   0x00000040   Code   RO          181    .text.delay_ms      board.o
    0x00002034   0x00002034   0x00000040   Code   RO          179    .text.delay_us      board.o
    0x00002074   0x00002074   0x000000d0   Code   RO          330    .text.init_map      bfs.o
    0x00002144   0x00002144   0x0000040c   Code   RO           89    .text.main          empty.o
    0x00002550   0x00002550   0x00000094   Code   RO          334    .text.store_targets  bfs.o
    0x000025e4   0x000025e4   0x000001f6   Code   RO          743    .text_divfast       c_p.l(aeabi_sdivfast.o)
    0x000027da   0x000027da   0x00000016   Code   RO          784    i._fgeq             fz_ps.l(fcmp.o)
    0x000027f0   0x000027f0   0x00000016   Code   RO          785    i._fgr              fz_ps.l(fcmp.o)
    0x00002806   0x00002806   0x00000016   Code   RO          787    i._fls              fz_ps.l(fcmp.o)
    0x0000281c   0x0000281c   0x0000002c   Code   RO          876    locale$$code        c_p.l(lc_ctype_c.o)
    0x00002848   0x00002848   0x0000008c   Code   RO          777    x$fpl$fadd          fz_ps.l(faddsub.o)
    0x000028d4   0x000028d4   0x00000054   Code   RO          830    x$fpl$fgeqf         fz_ps.l(fgef.o)
    0x00002928   0x00002928   0x00000054   Code   RO          832    x$fpl$fleqf         fz_ps.l(flef.o)
    0x0000297c   0x0000297c   0x000000b0   Code   RO          799    x$fpl$fmul          fz_ps.l(fmul.o)
    0x00002a2c   0x00002a2c   0x000000d0   Code   RO          779    x$fpl$fsub          fz_ps.l(faddsub.o)
    0x00002afc   0x00002afc   0x00000000   Code   RO          834    x$fpl$usenofp       fz_ps.l(usenofp.o)
    0x00002afc   0x00002afc   0x00000028   Data   RO          359    .rodata..Lswitch.table.compute_turn_sequence.4  bfs.o
    0x00002b24   0x00002b24   0x00000028   Data   RO          360    .rodata..Lswitch.table.compute_turn_sequence.5  bfs.o
    0x00002b4c   0x00002b4c   0x0000000a   Data   RO          357    .rodata..Lswitch.table.store_targets  bfs.o
    0x00002b56   0x00002b56   0x0000000a   Data   RO          358    .rodata..Lswitch.table.store_targets.2  bfs.o
    0x00002b60   0x00002b60   0x000005f0   Data   RO          253    .rodata.OLED_F8x16  oled.o
    0x00003150   0x00003150   0x00000010   Data   RO          148    .rodata.cst16       empty.o
    0x00003160   0x00003160   0x00000010   Data   RO          147    .rodata.cst8        empty.o
    0x00003170   0x00003170   0x00000008   Data   RO           58    .rodata.gADC1ClockConfig  ti_msp_dl_config.o
    0x00003178   0x00003178   0x00000003   Data   RO           47    .rodata.gENCODER1ClockConfig  ti_msp_dl_config.o
    0x0000317b   0x0000317b   0x00000003   Data   RO           45    .rodata.gPWM_MotorClockConfig  ti_msp_dl_config.o
    0x0000317e   0x0000317e   0x00000002   PAD
    0x00003180   0x00003180   0x00000008   Data   RO           46    .rodata.gPWM_MotorConfig  ti_msp_dl_config.o
    0x00003188   0x00003188   0x00000003   Data   RO           48    .rodata.gTIMER_0ClockConfig  ti_msp_dl_config.o
    0x0000318b   0x0000318b   0x00000001   PAD
    0x0000318c   0x0000318c   0x00000014   Data   RO           49    .rodata.gTIMER_0TimerConfig  ti_msp_dl_config.o
    0x000031a0   0x000031a0   0x00000002   Data   RO           50    .rodata.gUART_0ClockConfig  ti_msp_dl_config.o
    0x000031a2   0x000031a2   0x0000000a   Data   RO           51    .rodata.gUART_0Config  ti_msp_dl_config.o
    0x000031ac   0x000031ac   0x00000002   Data   RO           52    .rodata.gUART_1ClockConfig  ti_msp_dl_config.o
    0x000031ae   0x000031ae   0x0000000a   Data   RO           53    .rodata.gUART_1Config  ti_msp_dl_config.o
    0x000031b8   0x000031b8   0x00000002   Data   RO           54    .rodata.gUART_2ClockConfig  ti_msp_dl_config.o
    0x000031ba   0x000031ba   0x0000000a   Data   RO           55    .rodata.gUART_2Config  ti_msp_dl_config.o
    0x000031c4   0x000031c4   0x00000002   Data   RO           56    .rodata.gUART_3ClockConfig  ti_msp_dl_config.o
    0x000031c6   0x000031c6   0x0000000a   Data   RO           57    .rodata.gUART_3Config  ti_msp_dl_config.o
    0x000031d0   0x000031d0   0x00000008   Data   RO          345    .rodata.str1.1      bfs.o
    0x000031d8   0x000031d8   0x00000010   Data   RO         1034    Region$$Table       anon$$obj.o
    0x000031e8   0x000031e8   0x00000110   Data   RO          875    locale$$data        c_p.l(lc_ctype_c.o)


    Execution Region RW_IRAM2 (Exec base: 0x20200000, Load base: 0x000032f8, Size: 0x00000e68, Max: 0x00008000, ABSOLUTE)

    Exec Addr    Load Addr    Size         Type   Attr      Idx    E Section Name        Object

    0x20200000        -       0x00000060   Zero   RW          836    .bss                c_p.l(libspace.o)
    0x20200060        -       0x00000004   Zero   RW          127    .bss.TIMA0_IRQHandler.speed_pulse_acc  empty.o
    0x20200064        -       0x00000004   Zero   RW          138    .bss.a              empty.o
    0x20200068        -       0x00000004   Zero   RW          132    .bss.action_step    empty.o
    0x2020006c        -       0x0000000c   Zero   RW          136    .bss.actions        empty.o
    0x20200078        -       0x00000004   Zero   RW          137    .bss.actions_len    empty.o
    0x2020007c        -       0x00000004   Zero   RW          139    .bss.b              empty.o
    0x20200080        -       0x00000004   Zero   RW          135    .bss.car_next_action  empty.o
    0x20200084        -       0x00000001   Zero   RW          110    .bss.car_now_dir    empty.o
    0x20200085   0x000032f8   0x00000003   PAD
    0x20200088        -       0x00000004   Zero   RW          116    .bss.distance_step_toA  empty.o
    0x2020008c        -       0x00000078   Zero   RW           42    .bss.gENCODER1Backup  ti_msp_dl_config.o
    0x20200104        -       0x00000078   Zero   RW           41    .bss.gPWM_MotorBackup  ti_msp_dl_config.o
    0x2020017c        -       0x000000bc   Zero   RW           43    .bss.gTIMER_0Backup  ti_msp_dl_config.o
    0x20200238        -       0x00000030   Zero   RW           44    .bss.gUART_3Backup  ti_msp_dl_config.o
    0x20200268        -       0x00000016   Zero   RW          538    .bss.g_k230_cam0    k230_receiver.o
    0x2020027e   0x000032f8   0x00000002   PAD
    0x20200280        -       0x00000016   Zero   RW          539    .bss.g_k230_cam1    k230_receiver.o
    0x20200296   0x000032f8   0x00000002   PAD
    0x20200298        -       0x00000082   Zero   RW          540    .bss.g_rxbuf0       k230_receiver.o
    0x2020031a   0x000032f8   0x00000002   PAD
    0x2020031c        -       0x00000082   Zero   RW          541    .bss.g_rxbuf1       k230_receiver.o
    0x2020039e        -       0x00000051   Zero   RW          344    .bss.grid           bfs.o
    0x202003ef        -       0x00000011   Zero   RW          118    .bss.lujing         empty.o
    0x20200400        -       0x00000004   Zero   RW          113    .bss.lukou_flag     empty.o
    0x20200404        -       0x00000004   Zero   RW          114    .bss.lukou_flag1    empty.o
    0x20200408        -       0x00000004   Zero   RW          115    .bss.new_lukou_flag1  empty.o
    0x2020040c        -       0x00000004   Zero   RW          133    .bss.now_x          empty.o
    0x20200410        -       0x00000004   Zero   RW          134    .bss.now_y          empty.o
    0x20200414        -       0x00000004   Zero   RW          420    .bss.s_total_pulses  encoder.o
    0x20200418        -       0x0000003c   Zero   RW          348    .bss.targets        bfs.o
    0x20200454        -       0x00000001   Zero   RW          347    .bss.targets_i      bfs.o
    0x20200455        -       0x00000001   Zero   RW          346    .bss.targets_len    bfs.o
    0x20200456   0x000032f8   0x00000002   PAD
    0x20200458        -       0x00000004   Zero   RW          140    .bss.track.integral  empty.o
    0x2020045c        -       0x00000100   Zero   RW          403    .bss.uart1_buf      bsp_uart.o
    0x2020055c        -       0x00000002   Zero   RW          402    .bss.uart1_head     bsp_uart.o
    0x2020055e        -       0x00000002   Zero   RW          401    .bss.uart1_tail     bsp_uart.o
    0x20200560        -       0x00000100   Zero   RW          521    .bss.uart2_buf      jy60_usart.o
    0x20200660        -       0x00000002   Zero   RW          519    .bss.uart2_head     jy60_usart.o
    0x20200662        -       0x00000002   Zero   RW          520    .bss.uart2_tail     jy60_usart.o
    0x20200664   0x000032f8   0x00000004   PAD
    0x20200668        -       0x00000000   Zero   RW            2    HEAP                startup_mspm0g350x_uvision.o
    0x20200668        -       0x00000800   Zero   RW            1    STACK               startup_mspm0g350x_uvision.o



  Load Region LR_BCR (Base: 0x41c00000, Size: 0x00000000, Max: 0x00000100, ABSOLUTE)

    Execution Region BCR_CONFIG (Exec base: 0x41c00000, Load base: 0x41c00000, Size: 0x00000000, Max: 0x00000080, ABSOLUTE)

    **** No section assigned to this execution region ****



  Load Region LR_BSL (Base: 0x41c00100, Size: 0x00000000, Max: 0x00000100, ABSOLUTE)

    Execution Region BSL_CONFIG (Exec base: 0x41c00100, Load base: 0x41c00100, Size: 0x00000000, Max: 0x00000080, ABSOLUTE)

    **** No section assigned to this execution region ****


==============================================================================

Image component sizes


      Code (inc. data)   RO Data    RW Data    ZI Data      Debug   Object Name

       832         36        108          0        143      10207   bfs.o
       128          4          0          0          0       2874   board.o
       136         20          0          0        260       6712   bsp_uart.o
      1344        176         32          0         82      18791   empty.o
        80         12          0          0          4       4045   encoder.o
       140         24          0          0        260       4984   jy60_usart.o
       624         24          0          0        304       7533   k230_receiver.o
       188          8          0          0          0       5780   key.o
        80          4          0          0          0       4136   motor.o
      1334         20       1520          0          0      15992   oled.o
        32          0          0          0          0       3590   pwm.o
        44         18        192          0       2048        668   startup_mspm0g350x_uvision.o
      1400        284         93          0        476      39833   ti_msp_dl_config.o

    ----------------------------------------------------------------------
      6364        630       1964          0       3592     125145   Object Totals
         0          0         16          0          0          0   (incl. Generated)
         2          0          3          0         15          0   (incl. Padding)

    ----------------------------------------------------------------------

      Code (inc. data)   RO Data    RW Data    ZI Data      Debug   Library Member Name

         8          0          0          0          0         68   __main.o
         0          0          0          0          0          0   __rtentry.o
        12          0          0          0          0          0   __rtentry2.o
         6          0          0          0          0          0   __rtentry4.o
        86         10          0          0          0          0   __scatter.o
        28          0          0          0          0          0   __scatter_zi.o
        30          0          0          0          0         60   _chval.o
        10          0          0          0          0          0   _printf_d.o
       108         18          0          0          0         76   _printf_dec.o
       176          0          0          0          0         84   _printf_intcommon.o
         2          0          0          0          0          0   _printf_percent.o
         4          0          0          0          0          0   _printf_percent_end.o
       166          0          0          0          0         84   _strtoul.o
      1006          4          0          0          0        184   aeabi_sdivfast.o
        26          0          0          0          0         72   atoi.o
        16          0          0          0          0         68   exit.o
         6          0          0          0          0        136   heapauxi.o
         0          0          0          0          0          0   indicate_semi.o
        44         10        272          0          0         76   lc_ctype_c.o
         2          0          0          0          0          0   libinit.o
        20          0          0          0          0          0   libinit2.o
         2          0          0          0          0          0   libshutdown.o
         2          0          0          0          0          0   libshutdown2.o
         8          4          0          0         96         68   libspace.o
        16          4          0          0          0         76   rt_ctype_table.o
         8          4          0          0          0         68   rt_errno_addr_intlibspace.o
         8          4          0          0          0         68   rt_locale_intlibspace.o
        64          0          0          0          0        108   rt_memclr.o
         2          0          0          0          0          0   rtexit.o
        10          0          0          0          0          0   rtexit2.o
        40          0          0          0          0         60   rtudiv10.o
       176          4          0          0          0         80   strcmpv6m.o
        68          6          0          0          0         72   strlen.o
       160          6          0          0          0         76   strncmp.o
        40          0          0          0          0         72   strstr.o
       112          4          0          0          0         76   strtol.o
        12          4          0          0          0         60   sys_exit.o
        62          0          0          0          0         80   sys_stackheap_outer.o
         2          0          0          0          0         68   use_no_semi.o
        64          8          0          0          0       4747   dl_adc12.o
        10          0          0          0          0        802   dl_common.o
       528        192          0          0          0      35449   dl_timer.o
        90          8          0          0          0      14127   dl_uart.o
        46          0          0          0          0         60   cmpret.o
       348          8          0          0          0        160   faddsub.o
        66          0          0          0          0        204   fcmp.o
       100          4          0          0          0         68   fcmpin.o
        76          0          0          0          0         68   ffixi.o
        94          0          0          0          0         92   fflti.o
        84          4          0          0          0         76   fgef.o
        84          4          0          0          0         76   flef.o
       176          4          0          0          0         80   fmul.o
        16          6          0          0          0         68   fnan2.o
        94          0          0          0          0         68   retnan.o
         0          0          0          0          0          0   usenofp.o

    ----------------------------------------------------------------------
      4448        324        272          0         96      58085   Library Totals
        24          4          0          0          0          0   (incl. Padding)

    ----------------------------------------------------------------------

      Code (inc. data)   RO Data    RW Data    ZI Data      Debug   Library Name

      2548         82        272          0         96       1940   c_p.l
       692        208          0          0          0      55125   driverlib.a
      1184         30          0          0          0       1020   fz_ps.l

    ----------------------------------------------------------------------
      4448        324        272          0         96      58085   Library Totals

    ----------------------------------------------------------------------

==============================================================================


      Code (inc. data)   RO Data    RW Data    ZI Data      Debug   

     10812        954       2236          0       3688     181334   Grand Totals
     10812        954       2236          0       3688     181334   ELF Image Totals
     10812        954       2236          0          0          0   ROM Totals

==============================================================================

    Total RO  Size (Code + RO Data)                13048 (  12.74kB)
    Total RW  Size (RW Data + ZI Data)              3688 (   3.60kB)
    Total ROM Size (Code + RO Data + RW Data)      13048 (  12.74kB)

==============================================================================

